 PhysXCooking_64

 Timestamp is 6a1a45b0 (Sat May 30 11:04:32 2026)

 Preferred load address is 0000000180000000

 Start         Length     Name                   Class
 0001:00000000 000003c0H .text$di                CODE
 0001:000003c0 00029230H .text$mn                CODE
 0001:000295f0 00000036H .text$mn$00             CODE
 0001:00029626 00000092H .text$x                 CODE
 0002:00000000 00000180H .idata$5                DATA
 0002:00000180 00000038H .00cfg                  DATA
 0002:000001b8 00000008H .CRT$XCA                DATA
 0002:000001c0 000001e0H .CRT$XCU                DATA
 0002:000003a0 00000008H .CRT$XCZ                DATA
 0002:000003a8 00000008H .CRT$XIA                DATA
 0002:000003b0 00000008H .CRT$XIZ                DATA
 0002:000003b8 00000008H .CRT$XPA                DATA
 0002:000003c0 00000008H .CRT$XPZ                DATA
 0002:000003c8 00000008H .CRT$XTA                DATA
 0002:000003d0 00000010H .CRT$XTZ                DATA
 0002:000003d8 00000000H .gehcont$y              DATA
 0002:000003d8 00000000H .gfids$y                DATA
 0002:000003e0 000020a0H .rdata                  DATA
 0002:00002480 00000000H .rdata$CastGuardVftablesA DATA
 0002:00002480 00000000H .rdata$CastGuardVftablesC DATA
 0002:00002480 00000074H .rdata$r                DATA
 0002:000024f4 000000b8H .rdata$voltmd           DATA
 0002:000025ac 000003dcH .rdata$zzzdbg           DATA
 0002:00002988 00000008H .rtc$IAA                DATA
 0002:00002990 00000008H .rtc$IZZ                DATA
 0002:00002998 00000008H .rtc$TAA                DATA
 0002:000029a0 00000008H .rtc$TZZ                DATA
 0002:000029a8 00002d60H .xdata                  DATA
 0002:00005708 00000040H .didat$2                DATA
 0002:00005748 00000020H .didat$3                DATA
 0002:00005768 00000188H .didat$4                DATA
 0002:000058f0 00000950H .didat$6                DATA
 0002:00006240 000002b0H .didat$7                DATA
 0002:000064f0 00001d00H .edata                  DATA
 0002:000081f0 00000078H .idata$2                DATA
 0002:00008268 00000018H .idata$3                DATA
 0002:00008280 00000180H .idata$4                DATA
 0002:00008400 000003d4H .idata$6                DATA
 0003:00000000 000000e0H .data                   DATA
 0003:000000e0 00000598H .data$r                 DATA
 0003:00000678 00000020H .data$rs                DATA
 0003:00000698 00000188H .didat$5                DATA
 0003:00000820 00000498H .bss                    DATA
 0004:00000000 00001e90H .pdata                  DATA
 0005:00000000 00002208H _RDATA                  DATA
 0006:00000000 000000a0H .rsrc$01                DATA
 0006:000000a0 000004b0H .rsrc$02                DATA

  Address         Publics by Value              Rva+Base               Lib:Object

 0000:00000000       __AbsoluteZero             0000000000000000     <absolute>
 0000:00000000       ___safe_se_handler_count   0000000000000000     <absolute>
 0000:00000000       ___safe_se_handler_table   0000000000000000     <absolute>
 0000:00000000       __arm64x_extra_rfe_table   0000000000000000     <absolute>
 0000:00000000       __arm64x_extra_rfe_table_size 0000000000000000     <absolute>
 0000:00000000       __arm64x_native_entrypoint 0000000000000000     <absolute>
 0000:00000000       __arm64x_redirection_metadata 0000000000000000     <absolute>
 0000:00000000       __arm64x_redirection_metadata_count 0000000000000000     <absolute>
 0000:00000000       __dynamic_value_reloc_table 0000000000000000     <absolute>
 0000:00000000       __enclave_config           0000000000000000     <absolute>
 0000:00000000       __guard_check_icall_a64n_fptr 0000000000000000     <absolute>
 0000:00000000       __guard_eh_cont_count      0000000000000000     <absolute>
 0000:00000000       __guard_eh_cont_table      0000000000000000     <absolute>
 0000:00000000       __guard_fids_count         0000000000000000     <absolute>
 0000:00000000       __guard_fids_table         0000000000000000     <absolute>
 0000:00000000       __guard_iat_count          0000000000000000     <absolute>
 0000:00000000       __guard_iat_table          0000000000000000     <absolute>
 0000:00000000       __guard_longjmp_count      0000000000000000     <absolute>
 0000:00000000       __guard_longjmp_table      0000000000000000     <absolute>
 0000:00000000       __hybrid_auxiliary_delayload_iat 0000000000000000     <absolute>
 0000:00000000       __hybrid_auxiliary_delayload_iat_copy 0000000000000000     <absolute>
 0000:00000000       __hybrid_auxiliary_iat     0000000000000000     <absolute>
 0000:00000000       __hybrid_auxiliary_iat_copy 0000000000000000     <absolute>
 0000:00000000       __hybrid_code_map          0000000000000000     <absolute>
 0000:00000000       __hybrid_code_map_count    0000000000000000     <absolute>
 0000:00000000       __hybrid_image_info_bitfield 0000000000000000     <absolute>
 0000:00000000       __x64_code_ranges_to_entry_points 0000000000000000     <absolute>
 0000:00000000       __x64_code_ranges_to_entry_points_count 0000000000000000     <absolute>
 0000:00000100       __guard_flags              0000000000000100     <absolute>
 0000:00000000       __ImageBase                0000000180000000     <linker-defined>
 0001:000003c0       ??$?_UV?$ReflectionAllocator@VAdjTriangle@physx@@@shdfnd@physx@@@UserAllocated@shdfnd@physx@@SAPEAX_KV?$ReflectionAllocator@VAdjTriangle@physx@@@12@PEBDH@Z 00000001800013c0 f i Adjacencies.obj
 0001:00000460       ??0AdjacenciesBuilder@physx@@QEAA@XZ 0000000180001460 f   Adjacencies.obj
 0001:00000470       ??0AABBTreeBuildNode@Gu@physx@@QEAA@XZ 0000000180001470 f i BVHStructureBuilder.obj
 0001:00000470       ??0Allocator@shdfnd@physx@@QEAA@PEBD@Z 0000000180001470 f i Adjacencies.obj
 0001:00000470       ??0BigConvexData@physx@@QEAA@W4PxEMPTY@1@@Z 0000000180001470 f i BigConvexDataBuilder.obj
 0001:00000470       ??0Box@Gu@physx@@QEAA@XZ   0000000180001470 f i ConvexHullUtils.obj
 0001:00000470       ??0HeightFieldData@Gu@physx@@QEAA@W4PxEMPTY@2@@Z 0000000180001470 f i Cooking.obj
 0001:00000470       ??4Allocator@shdfnd@physx@@QEAAAEAV012@$$QEAV012@@Z 0000000180001470 f i Adjacencies.obj
 0001:00000470       ??4Allocator@shdfnd@physx@@QEAAAEAV012@AEBV012@@Z 0000000180001470 f i Adjacencies.obj
 0001:00000470       ??4MutexImpl@shdfnd@physx@@QEAAAEAV012@AEBV012@@Z 0000000180001470 f i Adjacencies.obj
 0001:00000470       ??4PxFoundation@physx@@QEAAAEAV01@AEBV01@@Z 0000000180001470 f i Adjacencies.obj
 0001:00000470       ?getAABB@AABBTreeBuildNode@Gu@physx@@QEBAAEBVPxBounds3@3@XZ 0000000180001470 f i BVHStructureBuilder.obj
 0001:00000470       ?getPaddedBounds@HeightFieldData@Gu@physx@@QEBAAEBVCenterExtentsPadded@23@XZ 0000000180001470 f i Cooking.obj
 0001:00000480       ??0PxFoundation@physx@@QEAA@AEBV01@@Z 0000000180001480 f i Adjacencies.obj
 0001:00000480       ??0PxFoundation@physx@@QEAA@XZ 0000000180001480 f i Adjacencies.obj
 0001:00000490       ??1Adjacencies@physx@@QEAA@XZ 0000000180001490 f   Adjacencies.obj
 0001:00000500       ??1AdjacenciesBuilder@physx@@QEAA@XZ 0000000180001500 f   Adjacencies.obj
 0001:00000510       ??1PxFoundation@physx@@MEAA@XZ 0000000180001510 f i Adjacencies.obj
 0001:00000520       ??_EPxFoundation@physx@@MEAAPEAXI@Z 0000000180001520 f i Adjacencies.obj
 0001:000005b0       ??1AABBTreeBuildNode@Gu@physx@@QEAA@XZ 00000001800015b0 f i BVHStructureBuilder.obj
 0001:000005b0       ??1BigConvexDataBuilder@physx@@QEAA@XZ 00000001800015b0 f i BigConvexDataBuilder.obj
 0001:000005b0       ??1Box@Gu@physx@@QEAA@XZ   00000001800015b0 f i ConvexHullUtils.obj
 0001:000005b0       ??1HeightFieldData@Gu@physx@@QEAA@XZ 00000001800015b0 f i Cooking.obj
 0001:000005b0       ??_FAllocator@shdfnd@physx@@QEAAXXZ 00000001800015b0 f i Adjacencies.obj
 0001:000005b0       ?onMeshIndexFormatChange@TriangleMeshBuilder@physx@@UEAAXXZ 00000001800015b0 f i TriangleMeshBuilder.obj
 0001:000005b0       _guard_check_icall_nop     00000001800015b0 f i MSVCRT:guard_support.obj
 0001:000006c0       ?ComputeNbBoundaryEdges@Adjacencies@physx@@QEBAIXZ 00000001800016c0 f   Adjacencies.obj
 0001:000009a0       ?GetNbHits@RadixSort@Cm@physx@@QEBAIXZ 00000001800019a0 f i Adjacencies.obj
 0001:000009b0       ?GetNbTotalCalls@RadixSort@Cm@physx@@QEBAIXZ 00000001800019b0 f i Adjacencies.obj
 0001:000009c0       ?GetRanks@RadixSort@Cm@physx@@QEBAPEBIXZ 00000001800019c0 f i Adjacencies.obj
 0001:000009c0       ?getErrorCallback@Foundation@shdfnd@physx@@UEAAAEAVPxErrorCallback@3@XZ 00000001800019c0 f i Adjacencies.obj
 0001:000009d0       ?GetRecyclable@RadixSort@Cm@physx@@QEBAPEAIXZ 00000001800019d0 f i Adjacencies.obj
 0001:000009d0       ?GetValencies@BigConvexData@physx@@QEBAPEBUValency@Gu@2@XZ 00000001800019d0 f i BigConvexDataBuilder.obj
 0001:000009d0       ?getPos@AABBTreeBuildNode@Gu@physx@@QEBAPEBV123@XZ 00000001800019d0 f i BVHStructureBuilder.obj
 0001:000009e0       ?Init@AdjacenciesBuilder@physx@@QEAA_NAEBUADJACENCIESCREATE@2@@Z 00000001800019e0 f   Adjacencies.obj
 0001:00000f30       ?getAllocator@Foundation@shdfnd@physx@@QEAAAEAVPxAllocatorCallback@3@XZ 0000000180001f30 f i Adjacencies.obj
 0001:00000f40       ?getAllocatorCallback@Foundation@shdfnd@physx@@UEAAAEAVPxAllocatorCallback@3@XZ 0000000180001f40 f i Adjacencies.obj
 0001:00000f50       ?getErrorLevel@Foundation@shdfnd@physx@@UEBA?AW4Enum@PxErrorCode@3@XZ 0000000180001f50 f i Adjacencies.obj
 0001:00000f60       ?getInternalErrorCallback@Foundation@shdfnd@physx@@QEAAAEAVPxErrorCallback@3@XZ 0000000180001f60 f i Adjacencies.obj
 0001:00000f70       ?getNamedAllocMap@Foundation@shdfnd@physx@@QEAAAEAV?$HashMap@PEBVNamedAllocator@shdfnd@physx@@PEBDU?$Hash@PEBVNamedAllocator@shdfnd@physx@@@23@VNonTrackingAllocator@23@@23@XZ 0000000180001f70 f i Adjacencies.obj
 0001:00000f80       ?getNamedAllocMutex@Foundation@shdfnd@physx@@QEAAAEAV?$MutexT@VAllocator@shdfnd@physx@@@23@XZ 0000000180001f80 f i Adjacencies.obj
 0001:00000f90       ?getReportAllocationNames@Foundation@shdfnd@physx@@UEBA_NXZ 0000000180001f90 f i Adjacencies.obj
 0001:00000fa0       ?getTempAllocFreeTable@Foundation@shdfnd@physx@@QEAAAEAV?$Array@PEATTempAllocatorChunk@shdfnd@physx@@VAllocator@23@@23@XZ 0000000180001fa0 f i Adjacencies.obj
 0001:00000fb0       ?getTempAllocMutex@Foundation@shdfnd@physx@@QEAAAEAV?$MutexT@VAllocator@shdfnd@physx@@@23@XZ 0000000180001fb0 f i Adjacencies.obj
 0001:00000fc0       ?invalidateRanks@RadixSort@Cm@physx@@QEAAXXZ 0000000180001fc0 f i Adjacencies.obj
 0001:00000fd0       ?setErrorLevel@Foundation@shdfnd@physx@@UEAAXW4Enum@PxErrorCode@3@@Z 0000000180001fd0 f i Adjacencies.obj
 0001:00000fe0       ?setReportAllocationNames@Foundation@shdfnd@physx@@UEAAX_N@Z 0000000180001fe0 f i Adjacencies.obj
 0001:00000ff0       ??0DebugText@Cm@physx@@QEAA@$$QEAU012@@Z 0000000180001ff0 f i Cooking.obj
 0001:00000ff0       ??0DebugText@Cm@physx@@QEAA@AEBU012@@Z 0000000180001ff0 f i Cooking.obj
 0001:000010d0       ??0HeightFieldData@Gu@physx@@QEAA@$$QEAU012@@Z 00000001800020d0 f i Cooking.obj
 0001:000010d0       ??0HeightFieldData@Gu@physx@@QEAA@AEBU012@@Z 00000001800020d0 f i Cooking.obj
 0001:000010d0       ??4HeightFieldData@Gu@physx@@QEAAAEAU012@$$QEAU012@@Z 00000001800020d0 f i Cooking.obj
 0001:000010d0       ??4HeightFieldData@Gu@physx@@QEAAAEAU012@AEBU012@@Z 00000001800020d0 f i Cooking.obj
 0001:00001130       ??0HeightFieldData@Gu@physx@@QEAA@XZ 0000000180002130 f i Cooking.obj
 0001:00001140       ??0RenderOutput@Cm@physx@@QEAA@AEAVRenderBuffer@12@@Z 0000000180002140 f i Cooking.obj
 0001:00001190       ??0RenderOutput@Cm@physx@@QEAA@AEBV012@@Z 0000000180002190 f i Cooking.obj
 0001:00001230       ??1PxConvexMesh@physx@@MEAA@XZ 0000000180002230 f i Cooking.obj
 0001:00001230       ??1PxHeightField@physx@@MEAA@XZ 0000000180002230 f i Cooking.obj
 0001:00001240       ??4DebugText@Cm@physx@@QEAAAEAU012@$$QEAU012@@Z 0000000180002240 f i Cooking.obj
 0001:00001240       ??4DebugText@Cm@physx@@QEAAAEAU012@AEBU012@@Z 0000000180002240 f i Cooking.obj
 0001:00001370       ??4FPUGuard@shdfnd@physx@@QEAAAEAV012@AEBV012@@Z 0000000180002370 f i Cooking.obj
 0001:00001390       ??_ECooking@physx@@UEAAPEAXI@Z 0000000180002390 f i Cooking.obj
 0001:00001390       ??_GCooking@physx@@UEAAPEAXI@Z 0000000180002390 f i Cooking.obj
 0001:000013e0       ??_EPxBase@physx@@MEAAPEAXI@Z 00000001800023e0 f i Cooking.obj
 0001:000013e0       ??_GPxBase@physx@@MEAAPEAXI@Z 00000001800023e0 f i Cooking.obj
 0001:00001410       ??_EPxCooking@physx@@MEAAPEAXI@Z 0000000180002410 f i Cooking.obj
 0001:00001410       ??_GPxCooking@physx@@MEAAPEAXI@Z 0000000180002410 f i Cooking.obj
 0001:00001440       ?allocate@?$Array@UPxDebugLine@physx@@V?$ReflectionAllocator@UPxDebugLine@physx@@@shdfnd@2@@shdfnd@physx@@IEAAPEAUPxDebugLine@3@I@Z 0000000180002440 f i Cooking.obj
 0001:000014e0       ?computeHullPolygons@Cooking@physx@@UEBA_NAEBVPxSimpleTriangleMesh@2@AEAVPxAllocatorCallback@2@AEAIAEAPEAVPxVec3@2@2AEAPEAI2AEAPEAUPxHullPolygon@2@@Z 00000001800024e0 f   Cooking.obj
 0001:000016d0       ?cookBVHStructure@Cooking@physx@@UEBA_NAEBVPxBVHStructureDesc@2@AEAVPxOutputStream@2@@Z 00000001800026d0 f   Cooking.obj
 0001:00001780       ?cookConvexMesh@Cooking@physx@@UEBA_NAEBVPxConvexMeshDesc@2@AEAVPxOutputStream@2@PEAW4Enum@PxConvexMeshCookingResult@2@@Z 0000000180002780 f   Cooking.obj
 0001:00001970       ?cookConvexMeshInternal@Cooking@physx@@AEBA_NAEBVPxConvexMeshDesc@2@AEAVConvexMeshBuilder@2@PEAVConvexHullLib@2@PEAW4Enum@PxConvexMeshCookingResult@2@@Z 0000000180002970 f   Cooking.obj
 0001:00001c30       ?cookHeightField@Cooking@physx@@UEBA_NAEBVPxHeightFieldDesc@2@AEAVPxOutputStream@2@@Z 0000000180002c30 f   Cooking.obj
 0001:00001d00       ?cookTriangleMesh@Cooking@physx@@UEBA_NAEBVPxTriangleMeshDesc@2@AEAVPxOutputStream@2@PEAW4Enum@PxTriangleMeshCookingResult@2@@Z 0000000180002d00 f   Cooking.obj
 0001:00001e40       ?copy@?$Array@UPxDebugLine@physx@@V?$ReflectionAllocator@UPxDebugLine@physx@@@shdfnd@2@@shdfnd@physx@@KAXPEAUPxDebugLine@3@0PEBU43@@Z 0000000180002e40 f i Cooking.obj
 0001:00001ff0       ?createBVHStructure@Cooking@physx@@UEBAPEAVPxBVHStructure@2@AEBVPxBVHStructureDesc@2@AEAVPxPhysicsInsertionCallback@2@@Z 0000000180002ff0 f   Cooking.obj
 0001:000020a0       ?createConvexMesh@Cooking@physx@@UEBAPEAVPxConvexMesh@2@AEBVPxConvexMeshDesc@2@AEAVPxPhysicsInsertionCallback@2@PEAW4Enum@PxConvexMeshCookingResult@2@@Z 00000001800030a0 f   Cooking.obj
 0001:000022a0       ?createHeightField@Cooking@physx@@UEBAPEAVPxHeightField@2@AEBVPxHeightFieldDesc@2@AEAVPxPhysicsInsertionCallback@2@@Z 00000001800032a0 f   Cooking.obj
 0001:00002400       ?createTriangleMesh@Cooking@physx@@UEBAPEAVPxTriangleMesh@2@AEBVPxTriangleMeshDesc@2@AEAVPxPhysicsInsertionCallback@2@PEAW4Enum@PxTriangleMeshCookingResult@2@@Z 0000000180003400 f   Cooking.obj
 0001:00002560       ?getConcreteTypeName@PxConvexMesh@physx@@UEBAPEBDXZ 0000000180003560 f i Cooking.obj
 0001:00002570       ?getConcreteTypeName@PxHeightField@physx@@UEBAPEBDXZ 0000000180003570 f i Cooking.obj
 0001:00002580       ?getConvexEdgeThreshold@HeightField@Gu@physx@@UEBAMXZ 0000000180003580 f i Cooking.obj
 0001:00002590       ?getFlags@HeightField@Gu@physx@@UEBA?AV?$PxFlags@W4Enum@PxHeightFieldFlag@physx@@G@3@XZ 0000000180003590 f i Cooking.obj
 0001:000025a0       ?getFormat@HeightField@Gu@physx@@UEBA?AW4Enum@PxHeightFieldFormat@3@XZ 00000001800035a0 f i Cooking.obj
 0001:000025b0       ?getHeight@HeightField@Gu@physx@@UEBAMMM@Z 00000001800035b0 f i Cooking.obj
 0001:000025f0       ?getHeightInternal2@HeightField@Gu@physx@@QEBAMIMM@Z 00000001800035f0 f i Cooking.obj
 0001:00002760       ?getIndexBuffer@ConvexMesh@Gu@physx@@UEBAPEBEXZ 0000000180003760 f i Cooking.obj
 0001:000027a0       ?getNbColumns@HeightField@Gu@physx@@UEBAIXZ 00000001800037a0 f i Cooking.obj
 0001:000027b0       ?getNbPolygons@ConvexMesh@Gu@physx@@UEBAIXZ 00000001800037b0 f i Cooking.obj
 0001:000027c0       ?getNbRows@HeightField@Gu@physx@@UEBAIXZ 00000001800037c0 f i Cooking.obj
 0001:000027d0       ?getNbVertices@ConvexMesh@Gu@physx@@UEBAIXZ 00000001800037d0 f i Cooking.obj
 0001:000027e0       ?getDenormalizeScale@QuantizerImpl@@UEBAAEBVPxVec3@physx@@XZ 00000001800037e0 f   Quantizer.obj
 0001:000027e0       ?getParams@Cooking@physx@@UEBAAEBUPxCookingParams@2@XZ 00000001800037e0 f   Cooking.obj
 0001:000027f0       ?getSample@HeightField@Gu@physx@@UEBAAEBUPxHeightFieldSample@3@II@Z 00000001800037f0 f i Cooking.obj
 0001:00002800       ?getSampleStride@HeightField@Gu@physx@@UEBAIXZ 0000000180003800 f i Cooking.obj
 0001:00002810       ?getTimestamp@HeightField@Gu@physx@@UEBAIXZ 0000000180003810 f i Cooking.obj
 0001:00002820       ?getTriangleMaterialIndex@HeightField@Gu@physx@@UEBAGI@Z 0000000180003820 f i Cooking.obj
 0001:00002850       ?getTriangleNormal@HeightField@Gu@physx@@UEBA?AVPxVec3@3@I@Z 0000000180003850 f i Cooking.obj
 0001:00002870       ?getTriangleNormalInternal@HeightField@Gu@physx@@QEBA?AVPxVec3@3@I@Z 0000000180003870 f i Cooking.obj
 0001:000029c0       ?getVertices@ConvexMesh@Gu@physx@@UEBAPEBVPxVec3@3@XZ 00000001800039c0 f i Cooking.obj
 0001:000029e0       ?isKindOf@PxBase@physx@@MEBA_NPEBD@Z 00000001800039e0 f i Cooking.obj
 0001:00002a10       ?isKindOf@PxConvexMesh@physx@@MEBA_NPEBD@Z 0000000180003a10 f i Cooking.obj
 0001:00002a60       ?isKindOf@PxHeightField@physx@@MEBA_NPEBD@Z 0000000180003a60 f i Cooking.obj
 0001:00002ab0       ?isReleasable@PxBase@physx@@UEBA_NXZ 0000000180003ab0 f i Cooking.obj
 0001:00002ac0       ?outputSegment@RenderOutput@Cm@physx@@QEAAXAEBVPxVec3@3@0@Z 0000000180003ac0 f i Cooking.obj
 0001:00002b80       ?platformMismatch@Cooking@physx@@UEBA_NXZ 0000000180003b80 f   Cooking.obj
 0001:00002b90       ?preExportDataReset@ConvexMesh@Gu@physx@@QEAAXXZ 0000000180003b90 f i Cooking.obj
 0001:00002b90       ?preExportDataReset@HeightField@Gu@physx@@QEAAXXZ 0000000180003b90 f i Cooking.obj
 0001:00002ba0       ?recreate@?$Array@UPxDebugLine@physx@@V?$ReflectionAllocator@UPxDebugLine@physx@@@shdfnd@2@@shdfnd@physx@@IEAAXI@Z 0000000180003ba0 f i Cooking.obj
 0001:00002c20       ?release@Cooking@physx@@UEAAXXZ 0000000180003c20 f   Cooking.obj
 0001:00002c40       ?reserveSegments@RenderOutput@Cm@physx@@QEAAPEAUPxDebugLine@3@I@Z 0000000180003c40 f i Cooking.obj
 0001:00002ca0       ?setParams@Cooking@physx@@UEAAXAEBUPxCookingParams@2@@Z 0000000180003ca0 f   Cooking.obj
 0001:00002d00       ?validateConvexMesh@Cooking@physx@@UEBA_NAEBVPxConvexMeshDesc@2@@Z 0000000180003d00 f   Cooking.obj
 0001:00002d60       ?validateTriangleMesh@Cooking@physx@@UEBA_NAEBVPxTriangleMeshDesc@2@@Z 0000000180003d60 f   Cooking.obj
 0001:00002e70       PxCreateCooking            0000000180003e70 f   Cooking.obj
 0001:00002f60       ??0ReducedVertexCloud@physx@@QEAA@PEBVPxVec3@1@I@Z 0000000180003f60 f   CookingUtils.obj
 0001:00002f80       ??1ReducedVertexCloud@physx@@QEAA@XZ 0000000180003f80 f   CookingUtils.obj
 0001:00002f90       ?Clean@ReducedVertexCloud@physx@@QEAAAEAV12@XZ 0000000180003f90 f   CookingUtils.obj
 0001:00003000       ?Reduce@ReducedVertexCloud@physx@@QEAA_NPEAUREDUCEDCLOUD@2@@Z 0000000180004000 f   CookingUtils.obj
 0001:00003340       ??$?_UI@@YAPEAX_KV?$ReflectionAllocator@I@shdfnd@physx@@PEBDH@Z 0000000180004340 f i EdgeList.obj
 0001:000033e0       ??0EdgeListBuilder@Gu@physx@@QEAA@XZ 00000001800043e0 f   EdgeList.obj
 0001:00003400       ??1EdgeList@Gu@physx@@QEAA@XZ 0000000180004400 f   EdgeList.obj
 0001:000034a0       ??1EdgeListBuilder@Gu@physx@@QEAA@XZ 00000001800044a0 f   EdgeList.obj
 0001:000034b0       ?computeActiveEdges@EdgeListBuilder@Gu@physx@@AEAA_NIPEBIPEBGPEBVPxVec3@3@M@Z 00000001800044b0 f   EdgeList.obj
 0001:00004b00       ?createEdgesToFaces@EdgeListBuilder@Gu@physx@@AEAA_NIPEBIPEBG@Z 0000000180005b00 f   EdgeList.obj
 0001:00004d60       ?createFacesToEdges@EdgeListBuilder@Gu@physx@@AEAA_NIPEBIPEBG@Z 0000000180005d60 f   EdgeList.obj
 0001:00005210       ?init@EdgeListBuilder@Gu@physx@@QEAA_NAEBUEDGELISTCREATE@23@@Z 0000000180006210 f   EdgeList.obj
 0001:00005330       ??0MeshCleaner@physx@@QEAA@IPEBVPxVec3@1@IPEBIM@Z 0000000180006330 f   MeshCleaner.obj
 0001:00005cd0       ??1MeshCleaner@physx@@QEAA@XZ 0000000180006cd0 f   MeshCleaner.obj
 0001:00005d60       ??$kmeans_cluster@VPxVec3@physx@@M@@YAIPEBVPxVec3@physx@@IIPEAV01@PEAIMM@Z 0000000180006d60 f i Quantizer.obj
 0001:00006710       ??_EQuantizer@physx@@MEAAPEAXI@Z 0000000180007710 f i Quantizer.obj
 0001:00006710       ??_GQuantizer@physx@@MEAAPEAXI@Z 0000000180007710 f i Quantizer.obj
 0001:00006740       ??_EQuantizerImpl@@EEAAPEAXI@Z 0000000180007740 f i Quantizer.obj
 0001:00006740       ??_GQuantizerImpl@@EEAAPEAXI@Z 0000000180007740 f i Quantizer.obj
 0001:00006810       ?createQuantizer@physx@@YAPEAVQuantizer@1@XZ 0000000180007810 f   Quantizer.obj
 0001:000068c0       ?getDenormalizeCenter@QuantizerImpl@@UEBAAEBVPxVec3@physx@@XZ 00000001800078c0 f i Quantizer.obj
 0001:000068d0       ?growAndPushBack@?$Array@VPxVec3@physx@@V?$ReflectionAllocator@VPxVec3@physx@@@shdfnd@2@@shdfnd@physx@@IEAAAEAVPxVec3@3@AEBV43@@Z 00000001800078d0 f i Quantizer.obj
 0001:00006aa0       ?kmeansQuantize3D@QuantizerImpl@@UEAAPEBVPxVec3@physx@@IPEBV23@I_NIAEAI@Z 0000000180007aa0 f i Quantizer.obj
 0001:00006d00       ?normalizeInput@QuantizerImpl@@AEAAXIPEBVPxVec3@physx@@I@Z 0000000180007d00 f i Quantizer.obj
 0001:00007160       ?release@QuantizerImpl@@UEAAXXZ 0000000180008160 f i Quantizer.obj
 0001:00007180       ??$copy@V?$ReflectionAllocator@USlab@NodeAllocator@Gu@physx@@@shdfnd@physx@@@?$Array@USlab@NodeAllocator@Gu@physx@@V?$ReflectionAllocator@USlab@NodeAllocator@Gu@physx@@@shdfnd@4@@shdfnd@physx@@IEAAXAEBV012@@Z 0000000180008180 f i BVHStructureBuilder.obj
 0001:00007200       ??0AABBTreeBuildNode@Gu@physx@@QEAA@AEBV012@@Z 0000000180008200 f i BVHStructureBuilder.obj
 0001:00007200       ??4AABBTreeBuildNode@Gu@physx@@QEAAAEAV012@AEBV012@@Z 0000000180008200 f i BVHStructureBuilder.obj
 0001:00007240       ??0AABBTreeBuildParams@Gu@physx@@QEAA@IIPEBVPxBounds3@2@@Z 0000000180008240 f i BVHStructureBuilder.obj
 0001:00007260       ??0BVHStructureBuilder@physx@@QEAA@XZ 0000000180008260 f   BVHStructureBuilder.obj
 0001:00007280       ??0BuildStats@Gu@physx@@QEAA@XZ 0000000180008280 f i BVHStructureBuilder.obj
 0001:00007290       ??0NodeAllocator@Gu@physx@@QEAA@AEBV012@@Z 0000000180008290 f i BVHStructureBuilder.obj
 0001:000072d0       ??1AABBTreeBuildParams@Gu@physx@@QEAA@XZ 00000001800082d0 f i BVHStructureBuilder.obj
 0001:000072d0       ?reset@AABBTreeBuildParams@Gu@physx@@QEAAXXZ 00000001800082d0 f i BVHStructureBuilder.obj
 0001:00007330       ??1BVHStructureBuilder@physx@@QEAA@XZ 0000000180008330 f   BVHStructureBuilder.obj
 0001:000073b0       ??4AABBTreeBuildParams@Gu@physx@@QEAAAEAV012@AEBV012@@Z 00000001800083b0 f i BVHStructureBuilder.obj
 0001:000073d0       ??4BuildStats@Gu@physx@@QEAAAEAU012@$$QEAU012@@Z 00000001800083d0 f i BVHStructureBuilder.obj
 0001:000073e0       ??4BuildStats@Gu@physx@@QEAAAEAU012@AEBU012@@Z 00000001800083e0 f i BVHStructureBuilder.obj
 0001:000073f0       ??4NodeAllocator@Gu@physx@@QEAAAEAV012@AEBV012@@Z 00000001800083f0 f i BVHStructureBuilder.obj
 0001:000074a0       ??_FAABBTreeBuildParams@Gu@physx@@QEAAXXZ 00000001800084a0 f i BVHStructureBuilder.obj
 0001:000074c0       ??_V@YAXPEAX_K@Z           00000001800084c0 f i MSVCRT:delete_array_size.obj
 0001:000074c0       ?__global_delete@@YAXPEAX_K@Z 00000001800084c0 f i BVHStructureBuilder.obj
 0001:000074d0       ?allocate@?$Array@USlab@NodeAllocator@Gu@physx@@V?$ReflectionAllocator@USlab@NodeAllocator@Gu@physx@@@shdfnd@4@@shdfnd@physx@@IEAAPEAUSlab@NodeAllocator@Gu@3@I@Z 00000001800084d0 f i BVHStructureBuilder.obj
 0001:00007570       ?flatten@@YAXAEBVNodeAllocator@Gu@physx@@PEAUBVHNode@23@@Z 0000000180008570 f   BVHStructureBuilder.obj
 0001:00007740       ?getCount@BuildStats@Gu@physx@@QEBAIXZ 0000000180008740 f i BVHStructureBuilder.obj
 0001:00007750       ?getNbPrimitives@AABBTreeBuildNode@Gu@physx@@QEBAIXZ 0000000180008750 f i BVHStructureBuilder.obj
 0001:00007750       ?getNbRuntimePrimitives@AABBTreeBuildNode@Gu@physx@@QEBAIXZ 0000000180008750 f i BVHStructureBuilder.obj
 0001:00007760       ?getNeg@AABBTreeBuildNode@Gu@physx@@QEBAPEBV123@XZ 0000000180008760 f i BVHStructureBuilder.obj
 0001:00007780       ?getPrimitives@AABBTreeBuildNode@Gu@physx@@QEAAPEAIPEAI@Z 0000000180008780 f i BVHStructureBuilder.obj
 0001:00007780       ?getPrimitives@AABBTreeBuildNode@Gu@physx@@QEBAPEBIPEBI@Z 0000000180008780 f i BVHStructureBuilder.obj
 0001:00007790       ?increaseCount@BuildStats@Gu@physx@@QEAAXI@Z 0000000180008790 f i BVHStructureBuilder.obj
 0001:000077a0       ?isLeaf@AABBTreeBuildNode@Gu@physx@@QEBA_NXZ 00000001800087a0 f i BVHStructureBuilder.obj
 0001:000077b0       ?loadFromDesc@BVHStructureBuilder@physx@@QEAA_NAEBVPxBVHStructureDesc@2@@Z 00000001800087b0 f   BVHStructureBuilder.obj
 0001:00007ac0       ?moveData@BVHStructureBuilder@physx@@QEAAXAEAUBVHStructureData@Gu@2@@Z 0000000180008ac0 f   BVHStructureBuilder.obj
 0001:00007b00       ?recreate@?$Array@USlab@NodeAllocator@Gu@physx@@V?$ReflectionAllocator@USlab@NodeAllocator@Gu@physx@@@shdfnd@4@@shdfnd@physx@@IEAAXI@Z 0000000180008b00 f i BVHStructureBuilder.obj
 0001:00007bb0       ?reset@BuildStats@Gu@physx@@QEAAXXZ 0000000180008bb0 f i BVHStructureBuilder.obj
 0001:00007bc0       ?save@BVHStructureBuilder@physx@@QEBA_NAEAVPxOutputStream@2@_N@Z 0000000180008bc0 f   BVHStructureBuilder.obj
 0001:00007d40       ?setCount@BuildStats@Gu@physx@@QEAAXI@Z 0000000180008d40 f i BVHStructureBuilder.obj
 0001:00007d50       ?setNbRunTimePrimitives@AABBTreeBuildNode@Gu@physx@@QEAAXI@Z 0000000180008d50 f i BVHStructureBuilder.obj
 0001:00007d60       ?saveHeightField@physx@@YA_NAEBVHeightField@Gu@1@AEAVPxOutputStream@1@_N@Z 0000000180008d60 f   HeightFieldCooking.obj
 0001:00007fa0       ??$quickSelectFirstK@UBoundsLTE@physx@@@quickSelect@physx@@YAXPEIAIIIIAEBUBoundsLTE@1@@Z 0000000180008fa0 f i RTreeCooking.obj
 0001:00008180       ??$smallSort@I$$CBUSortBoundsPredicate@physx@@@internal@shdfnd@physx@@YAXPEAIHHAEBUSortBoundsPredicate@2@@Z 0000000180009180 f i RTreeCooking.obj
 0001:000083f0       ??$sort@IU?$Less@I@shdfnd@physx@@V?$ReflectionAllocator@I@23@@shdfnd@physx@@YAXPEAIIAEBU?$Less@I@01@AEBV?$ReflectionAllocator@I@01@I@Z 00000001800093f0 f i RTreeCooking.obj
 0001:00008830       ??$sort@IUSortBoundsPredicate@physx@@V?$ReflectionAllocator@I@shdfnd@2@@shdfnd@physx@@YAXPEAIIAEBUSortBoundsPredicate@1@AEBV?$ReflectionAllocator@I@01@I@Z 0000000180009830 f i RTreeCooking.obj
 0001:00008ce0       ?allocate@?$Array@UInterval@physx@@V?$InlineAllocator@$0CAAA@V?$ReflectionAllocator@UInterval@physx@@@shdfnd@physx@@@shdfnd@2@@shdfnd@physx@@IEAAPEAUInterval@3@I@Z 0000000180009ce0 f i RTreeCooking.obj
 0001:00008da0       ?allocate@?$Array@UPxBounds3V@physx@@V?$ReflectionAllocator@UPxBounds3V@physx@@@shdfnd@2@@shdfnd@physx@@IEAAPEAUPxBounds3V@3@I@Z 0000000180009da0 f i RTreeCooking.obj
 0001:00008e40       ?allocate@?$Array@URTreeNodeNQ@physx@@V?$ReflectionAllocator@URTreeNodeNQ@physx@@@shdfnd@2@@shdfnd@physx@@IEAAPEAURTreeNodeNQ@3@I@Z 0000000180009e40 f i RTreeCooking.obj
 0001:00008ee0       ?allocate@?$Array@URTreeNodeQ@Gu@physx@@V?$ReflectionAllocator@URTreeNodeQ@Gu@physx@@@shdfnd@3@@shdfnd@physx@@IEAAPEAURTreeNodeQ@Gu@3@I@Z 0000000180009ee0 f i RTreeCooking.obj
 0001:00008f80       ?allocate@?$Array@VPxVec3@physx@@V?$ReflectionAllocator@VPxVec3@physx@@@shdfnd@2@@shdfnd@physx@@IEAAPEAVPxVec3@3@I@Z 0000000180009f80 f i RTreeCooking.obj
 0001:00009020       ?allocate@?$ReflectionAllocator@I@shdfnd@physx@@QEAAPEAX_KPEBDH@Z 000000018000a020 f i RTreeCooking.obj
 0001:00009d20       ?buildFromTriangles@RTreeCooker@physx@@SAXAEAURTree@Gu@2@PEBVPxVec3@2@IPEBGPEBIIAEAV?$Array@IV?$ReflectionAllocator@I@shdfnd@physx@@@shdfnd@2@PEAURemapCallback@12@MW4Enum@PxMeshCookingHint@2@@Z 000000018000ad20 f   RTreeCooking.obj
 0001:00009f90       ?copy@?$Array@URTreeNodeNQ@physx@@V?$ReflectionAllocator@URTreeNodeNQ@physx@@@shdfnd@2@@shdfnd@physx@@KAXPEAURTreeNodeNQ@3@0PEBU43@@Z 000000018000af90 f i RTreeCooking.obj
 0001:0000a150       ?copy@?$Array@VPxVec3@physx@@V?$ReflectionAllocator@VPxVec3@physx@@@shdfnd@2@@shdfnd@physx@@KAXPEAVPxVec3@3@0PEBV43@@Z 000000018000b150 f i RTreeCooking.obj
 0001:0000a220       ?growAndPushBack@?$Array@IV?$ReflectionAllocator@I@shdfnd@physx@@@shdfnd@physx@@IEAAAEAIAEBI@Z 000000018000b220 f i RTreeCooking.obj
 0001:0000a2f0       ?growAndPushBack@?$Array@UInterval@physx@@V?$InlineAllocator@$0CAAA@V?$ReflectionAllocator@UInterval@physx@@@shdfnd@physx@@@shdfnd@2@@shdfnd@physx@@IEAAAEAUInterval@3@AEBU43@@Z 000000018000b2f0 f i RTreeCooking.obj
 0001:0000a3d0       ?growAndPushBack@?$Array@UPxBounds3V@physx@@V?$ReflectionAllocator@UPxBounds3V@physx@@@shdfnd@2@@shdfnd@physx@@IEAAAEAUPxBounds3V@3@AEBU43@@Z 000000018000b3d0 f i RTreeCooking.obj
 0001:0000a4a0       ?growAndPushBack@?$Array@URTreeNodeNQ@physx@@V?$ReflectionAllocator@URTreeNodeNQ@physx@@@shdfnd@2@@shdfnd@physx@@IEAAAEAURTreeNodeNQ@3@AEBU43@@Z 000000018000b4a0 f i RTreeCooking.obj
 0001:0000a570       ?growAndPushBack@?$Array@URTreeNodeQ@Gu@physx@@V?$ReflectionAllocator@URTreeNodeQ@Gu@physx@@@shdfnd@3@@shdfnd@physx@@IEAAAEAURTreeNodeQ@Gu@3@AEBU453@@Z 000000018000b570 f i RTreeCooking.obj
 0001:0000a650       ?recreate@?$Array@IV?$ReflectionAllocator@I@shdfnd@physx@@@shdfnd@physx@@IEAAXI@Z 000000018000b650 f i RTreeCooking.obj
 0001:0000a710       ?recreate@?$Array@UPxBounds3V@physx@@V?$ReflectionAllocator@UPxBounds3V@physx@@@shdfnd@2@@shdfnd@physx@@IEAAXI@Z 000000018000b710 f i RTreeCooking.obj
 0001:0000a7c0       ?recreate@?$Array@URTreeNodeNQ@physx@@V?$ReflectionAllocator@URTreeNodeNQ@physx@@@shdfnd@2@@shdfnd@physx@@IEAAXI@Z 000000018000b7c0 f i RTreeCooking.obj
 0001:0000a840       ?recreate@?$Array@URTreeNodeQ@Gu@physx@@V?$ReflectionAllocator@URTreeNodeQ@Gu@physx@@@shdfnd@3@@shdfnd@physx@@IEAAXI@Z 000000018000b840 f i RTreeCooking.obj
 0001:0000a900       ?recreate@?$Array@VPxVec3@physx@@V?$ReflectionAllocator@VPxVec3@physx@@@shdfnd@2@@shdfnd@physx@@IEAAXI@Z 000000018000b900 f i RTreeCooking.obj
 0001:0000a980       ?resize@?$Array@IV?$ReflectionAllocator@I@shdfnd@physx@@@shdfnd@physx@@QEAAXIAEBI@Z 000000018000b980 f i RTreeCooking.obj
 0001:0000aa40       ?resizeUninitialized@?$Array@URTreeNodeNQ@physx@@V?$ReflectionAllocator@URTreeNodeNQ@physx@@@shdfnd@2@@shdfnd@physx@@QEAAXI@Z 000000018000ba40 f i RTreeCooking.obj
 0001:0000aa80       ?sort4@SubSortQuick@physx@@QEAAXPEIAIIAEAV?$Array@URTreeNodeNQ@physx@@V?$ReflectionAllocator@URTreeNodeNQ@physx@@@shdfnd@2@@shdfnd@2@AEAIAEAUPxBounds3V@2@I@Z 000000018000ba80 f i RTreeCooking.obj
 0001:0000ae10       ?sort4@SubSortSAH@physx@@QEAAXPEAIIAEAV?$Array@URTreeNodeNQ@physx@@V?$ReflectionAllocator@URTreeNodeNQ@physx@@@shdfnd@2@@shdfnd@2@AEAIIPEAURTreeNodeNQ@2@@Z 000000018000be10 f i RTreeCooking.obj
 0001:0000b6e0       ?split@SubSortSAH@physx@@QEAAIPEAII@Z 000000018000c6e0 f i RTreeCooking.obj
 0001:0000c190       ?computeLocalBounds@MeshBulider@physx@@IEAAXAEAVMeshDataBase@Gu@2@@Z 000000018000d190 f   MeshBuilder.obj
 0001:0000c220       ??$?_UG@@YAPEAX_KV?$ReflectionAllocator@G@shdfnd@physx@@PEBDH@Z 000000018000d220 f i TriangleMeshBuilder.obj
 0001:0000c2c0       ??$median3@UEdgeTriLookup@physx@@$$CBU?$Less@UEdgeTriLookup@physx@@@shdfnd@2@@internal@shdfnd@physx@@YAXPEAUEdgeTriLookup@2@HHAEBU?$Less@UEdgeTriLookup@physx@@@12@@Z 000000018000d2c0 f i TriangleMeshBuilder.obj
 0001:0000c410       ??$sort@UEdgeTriLookup@physx@@U?$Less@UEdgeTriLookup@physx@@@shdfnd@2@V?$ReflectionAllocator@UEdgeTriLookup@physx@@@42@@shdfnd@physx@@YAXPEAUEdgeTriLookup@1@IAEBU?$Less@UEdgeTriLookup@physx@@@01@AEBV?$ReflectionAllocator@UEdgeTriLookup@physx@@@01@I@Z 000000018000d410 f i TriangleMeshBuilder.obj
 0001:0000c8b0       ??0BV4TriangleMeshBuilder@physx@@QEAA@AEBUPxCookingParams@1@@Z 000000018000d8b0 f   TriangleMeshBuilder.obj
 0001:0000c980       ??0RTreeTriangleMeshBuilder@physx@@QEAA@AEBUPxCookingParams@1@@Z 000000018000d980 f   TriangleMeshBuilder.obj
 0001:0000ca40       ??1BV4TriangleMeshBuilder@physx@@UEAA@XZ 000000018000da40 f   TriangleMeshBuilder.obj
 0001:0000caa0       ??1MeshDataBase@Gu@physx@@UEAA@XZ 000000018000daa0 f i TriangleMeshBuilder.obj
 0001:0000cb80       ??1RTreeTriangleData@Gu@physx@@UEAA@XZ 000000018000db80 f i TriangleMeshBuilder.obj
 0001:0000cbf0       ??1RTreeTriangleMeshBuilder@physx@@UEAA@XZ 000000018000dbf0 f   TriangleMeshBuilder.obj
 0001:0000cc20       ??1TriangleMeshBuilder@physx@@UEAA@XZ 000000018000dc20 f   TriangleMeshBuilder.obj
 0001:0000cc80       ??1TriangleMeshData@Gu@physx@@UEAA@XZ 000000018000dc80 f i TriangleMeshBuilder.obj
 0001:0000cd50       ??_EBV4TriangleData@Gu@physx@@UEAAPEAXI@Z 000000018000dd50 f i TriangleMeshBuilder.obj
 0001:0000cd50       ??_GBV4TriangleData@Gu@physx@@UEAAPEAXI@Z 000000018000dd50 f i TriangleMeshBuilder.obj
 0001:0000cdd0       ??_EBV4TriangleMeshBuilder@physx@@UEAAPEAXI@Z 000000018000ddd0 f i TriangleMeshBuilder.obj
 0001:0000cdd0       ??_GBV4TriangleMeshBuilder@physx@@UEAAPEAXI@Z 000000018000ddd0 f i TriangleMeshBuilder.obj
 0001:0000ce50       ??_EMeshDataBase@Gu@physx@@UEAAPEAXI@Z 000000018000de50 f i TriangleMeshBuilder.obj
 0001:0000ce50       ??_GMeshDataBase@Gu@physx@@UEAAPEAXI@Z 000000018000de50 f i TriangleMeshBuilder.obj
 0001:0000ceb0       ??_ERTreeCookerRemap@physx@@UEAAPEAXI@Z 000000018000deb0 f i TriangleMeshBuilder.obj
 0001:0000ceb0       ??_GRTreeCookerRemap@physx@@UEAAPEAXI@Z 000000018000deb0 f i TriangleMeshBuilder.obj
 0001:0000cee0       ??_ERTreeTriangleData@Gu@physx@@UEAAPEAXI@Z 000000018000dee0 f i TriangleMeshBuilder.obj
 0001:0000cee0       ??_GRTreeTriangleData@Gu@physx@@UEAAPEAXI@Z 000000018000dee0 f i TriangleMeshBuilder.obj
 0001:0000cf40       ??_ERTreeTriangleMeshBuilder@physx@@UEAAPEAXI@Z 000000018000df40 f i TriangleMeshBuilder.obj
 0001:0000cf40       ??_GRTreeTriangleMeshBuilder@physx@@UEAAPEAXI@Z 000000018000df40 f i TriangleMeshBuilder.obj
 0001:0000cf90       ??_ERemapCallback@RTreeCooker@physx@@UEAAPEAXI@Z 000000018000df90 f i TriangleMeshBuilder.obj
 0001:0000cf90       ??_GRemapCallback@RTreeCooker@physx@@UEAAPEAXI@Z 000000018000df90 f i TriangleMeshBuilder.obj
 0001:0000cfc0       ??_ETriangleMeshBuilder@physx@@UEAAPEAXI@Z 000000018000dfc0 f i TriangleMeshBuilder.obj
 0001:0000cfc0       ??_GTriangleMeshBuilder@physx@@UEAAPEAXI@Z 000000018000dfc0 f i TriangleMeshBuilder.obj
 0001:0000d000       ??_ETriangleMeshData@Gu@physx@@UEAAPEAXI@Z 000000018000e000 f i TriangleMeshBuilder.obj
 0001:0000d000       ??_GTriangleMeshData@Gu@physx@@UEAAPEAXI@Z 000000018000e000 f i TriangleMeshBuilder.obj
 0001:0000d060       ?allocateTriangles@TriangleMeshData@Gu@physx@@QEAAPEAXI_NI@Z 000000018000e060 f i TriangleMeshBuilder.obj
 0001:0000d140       ?allocateVertices@MeshDataBase@Gu@physx@@QEAAPEAVPxVec3@3@I@Z 000000018000e140 f i TriangleMeshBuilder.obj
 0001:0000d680       ?checkMeshIndicesSize@TriangleMeshBuilder@physx@@QEAAXXZ 000000018000e680 f   TriangleMeshBuilder.obj
 0001:0000d990       ?cleanMesh@TriangleMeshBuilder@physx@@QEAA_N_NPEAW4Enum@PxTriangleMeshCookingResult@2@@Z 000000018000e990 f   TriangleMeshBuilder.obj
 0001:0000dea0       ?createGRBMidPhaseAndData@TriangleMeshBuilder@physx@@QEAAXI@Z 000000018000eea0 f   TriangleMeshBuilder.obj
 0001:0000e120       ?createMidPhaseStructure@BV32TriangleMeshBuilder@physx@@SAXAEBUPxCookingParams@2@AEAVTriangleMeshData@Gu@2@AEAVBV32Tree@52@@Z 000000018000f120 f   TriangleMeshBuilder.obj
 0001:0000e300       ?createMidPhaseStructure@BV4TriangleMeshBuilder@physx@@UEAAXXZ 000000018000f300 f   TriangleMeshBuilder.obj
 0001:0000e5c0       ?createMidPhaseStructure@RTreeTriangleMeshBuilder@physx@@UEAAXXZ 000000018000f5c0 f   TriangleMeshBuilder.obj
 0001:0000e6a0       ?createSharedEdgeData@TriangleMeshBuilder@physx@@QEAAX_N0@Z 000000018000f6a0 f   TriangleMeshBuilder.obj
 0001:0000ed60       ?getMidphaseID@BV4TriangleMeshBuilder@physx@@UEBA?AW4Enum@PxMeshMidPhase@2@XZ 000000018000fd60 f i TriangleMeshBuilder.obj
 0001:0000ed60       _get_startup_argv_mode     000000018000fd60 f i MSVCRT:argv_mode.obj
 0001:0000ed70       ?getMidphaseID@RTreeTriangleMeshBuilder@physx@@UEBA?AW4Enum@PxMeshMidPhase@2@XZ 000000018000fd70 f i TriangleMeshBuilder.obj
 0001:0000ed70       __scrt_stub_for_is_c_termination_complete 000000018000fd70 f i MSVCRT:ucrt_stubs.obj
 0001:0000ed70       _is_c_termination_complete 000000018000fd70 f i MSVCRT:ucrt_stubs.obj
 0001:0000ed80       ?importMesh@TriangleMeshBuilder@physx@@IEAA_NAEBVPxTriangleMeshDesc@2@AEBUPxCookingParams@2@PEAW4Enum@PxTriangleMeshCookingResult@2@_N@Z 000000018000fd80 f   TriangleMeshBuilder.obj
 0001:0000f100       ?loadFromDesc@TriangleMeshBuilder@physx@@QEAA_NAEBVPxTriangleMeshDesc@2@PEAW4Enum@PxTriangleMeshCookingResult@2@_N@Z 0000000180010100 f   TriangleMeshBuilder.obj
 0001:0000f5b0       ?onMeshIndexFormatChange@BV4TriangleMeshBuilder@physx@@UEAAXXZ 00000001800105b0 f   TriangleMeshBuilder.obj
 0001:0000f5f0       ?remap@RTreeCookerRemap@physx@@UEAAXPEAIII@Z 00000001800105f0 f i TriangleMeshBuilder.obj
 0001:0000f610       ?remapTopology@TriangleMeshBuilder@physx@@QEAAXPEBI@Z 0000000180010610 f   TriangleMeshBuilder.obj
 0001:0000f900       ?save@TriangleMeshBuilder@physx@@QEBA_NAEAVPxOutputStream@2@_NAEBUPxCookingParams@2@@Z 0000000180010900 f   TriangleMeshBuilder.obj
 0001:0000fed0       ?saveMidPhaseStructure@BV4TriangleMeshBuilder@physx@@UEBAXAEAVPxOutputStream@2@_N@Z 0000000180010ed0 f   TriangleMeshBuilder.obj
 0001:00010070       ?saveMidPhaseStructure@RTreeTriangleMeshBuilder@physx@@UEBAXAEAVPxOutputStream@2@_N@Z 0000000180011070 f   TriangleMeshBuilder.obj
 0001:000102b0       ??0BigConvexDataBuilder@physx@@QEAA@PEBUConvexHullData@Gu@1@PEAVBigConvexData@1@PEBVPxVec3@1@@Z 00000001800112b0 f   BigConvexDataBuilder.obj
 0001:000102c0       ??4BigConvexData@physx@@QEAAAEAV01@AEBV01@@Z 00000001800112c0 f i BigConvexDataBuilder.obj
 0001:000102e0       ?GetAdjacentVerts@BigConvexData@physx@@QEBAPEBEXZ 00000001800112e0 f i BigConvexDataBuilder.obj
 0001:000102f0       ?GetNbNeighbors@BigConvexData@physx@@QEBAGI@Z 00000001800112f0 f i BigConvexDataBuilder.obj
 0001:000102f0       ?GetValency@BigConvexData@physx@@QEBAGI@Z 00000001800112f0 f i BigConvexDataBuilder.obj
 0001:00010300       ?GetNbSamples@BigConvexData@physx@@QEBAIXZ 0000000180011300 f i BigConvexDataBuilder.obj
 0001:00010310       ?GetNbVerts@BigConvexData@physx@@QEBAIXZ 0000000180011310 f i BigConvexDataBuilder.obj
 0001:00010320       ?GetNeighbors@BigConvexData@physx@@QEBAPEBEI@Z 0000000180011320 f i BigConvexDataBuilder.obj
 0001:00010330       ?GetOffset@BigConvexData@physx@@QEBAGI@Z 0000000180011330 f i BigConvexDataBuilder.obj
 0001:00010340       ?GetSubdiv@BigConvexData@physx@@QEBAIXZ 0000000180011340 f i BigConvexDataBuilder.obj
 0001:00010350       ?computeValencies@BigConvexDataBuilder@physx@@QEAA_NAEBVConvexHullBuilder@2@@Z 0000000180011350 f   BigConvexDataBuilder.obj
 0001:00010720       ?precompute@BigConvexDataBuilder@physx@@QEAA_NI@Z 0000000180011720 f   BigConvexDataBuilder.obj
 0001:00011370       ?save@BigConvexDataBuilder@physx@@QEBA_NAEAVPxOutputStream@2@_N@Z 0000000180012370 f   BigConvexDataBuilder.obj
 0001:00011450       ?saveValencies@BigConvexDataBuilder@physx@@QEBA_NAEAVPxOutputStream@2@_N@Z 0000000180012450 f   BigConvexDataBuilder.obj
 0001:000115f0       ??$?_UE@@YAPEAX_KV?$ReflectionAllocator@E@shdfnd@physx@@PEBDH@Z 00000001800125f0 f i ConvexHullBuilder.obj
 0001:00011690       ??0ConvexHullBuilder@physx@@QEAA@PEAUConvexHullData@Gu@1@_N@Z 0000000180012690 f   ConvexHullBuilder.obj
 0001:000116c0       ??1ConvexHullBuilder@physx@@QEAA@XZ 00000001800126c0 f   ConvexHullBuilder.obj
 0001:000117c0       ?calculateVertexMapTable@ConvexHullBuilder@physx@@QEAA_NI_N@Z 00000001800127c0 f   ConvexHullBuilder.obj
 0001:000119d0       ?checkHullPolygons@ConvexHullBuilder@physx@@QEBA_NXZ 00000001800129d0 f   ConvexHullBuilder.obj
 0001:000121c0       ?computeGeomCenter@ConvexHullBuilder@physx@@IEBA_NAEAVPxVec3@2@IPEAUHullTriangleData@2@@Z 00000001800131c0 f   ConvexHullBuilder.obj
 0001:00012480       ?copy@ConvexHullBuilder@physx@@QEAA_NAEAUConvexHullData@Gu@2@AEAI@Z 0000000180013480 f   ConvexHullBuilder.obj
 0001:00012700       ?createEdgeList@ConvexHullBuilder@physx@@QEAA_N_NI@Z 0000000180013700 f   ConvexHullBuilder.obj
 0001:00012f60       ?init@ConvexHullBuilder@physx@@QEAA_NIPEBVPxVec3@2@PEBIIIPEBUPxHullPolygon@2@_NPEAVConvexHullLib@2@@Z 0000000180013f60 f   ConvexHullBuilder.obj
 0001:00013340       ?save@ConvexHullBuilder@physx@@QEBA_NAEAVPxOutputStream@2@_N@Z 0000000180014340 f   ConvexHullBuilder.obj
 0001:00013680       ??1ConvexHullLib@physx@@UEAA@XZ 0000000180014680 f   ConvexHullLib.obj
 0001:000136e0       ??_EConvexHullLib@physx@@UEAAPEAXI@Z 00000001800146e0 f i ConvexHullLib.obj
 0001:000136e0       ??_GConvexHullLib@physx@@UEAAPEAXI@Z 00000001800146e0 f i ConvexHullLib.obj
 0001:00013c00       ?cleanupVertices@ConvexHullLib@physx@@IEAA_NIPEBVPxVec3@2@IAEAIPEAV32@AEAV32@3@Z 0000000180014c00 f   ConvexHullLib.obj
 0001:00014080       ?shiftAndcleanupVertices@ConvexHullLib@physx@@IEAA_NIPEBVPxVec3@2@IAEAIPEAV32@AEAV32@3@Z 0000000180015080 f   ConvexHullLib.obj
 0001:00014540       ?shiftConvexMeshDesc@ConvexHullLib@physx@@IEAAXAEAVPxConvexMeshDesc@2@@Z 0000000180015540 f   ConvexHullLib.obj
 0001:00014600       ?swapLargestFace@ConvexHullLib@physx@@IEAAXAEAVPxConvexMeshDesc@2@@Z 0000000180015600 f   ConvexHullLib.obj
 0001:000147f0       ??0Box@Gu@physx@@QEAA@AEBV012@@Z 00000001800157f0 f i ConvexHullUtils.obj
 0001:000147f0       ??4Box@Gu@physx@@QEAAAEBV012@AEBV012@@Z 00000001800157f0 f i ConvexHullUtils.obj
 0001:00014850       ??0Box@Gu@physx@@QEAA@AEBVPxVec3@2@0AEBVPxMat33@2@@Z 0000000180015850 f i ConvexHullUtils.obj
 0001:000148c0       ??0ConvexHull@physx@@QEAA@AEBVPxVec3@1@AEBVPxTransform@1@AEBV?$Array@VPxPlane@physx@@V?$ReflectionAllocator@VPxPlane@physx@@@shdfnd@2@@shdfnd@1@@Z 00000001800158c0 f   ConvexHullUtils.obj
 0001:000159f0       ??0PxQuat@physx@@QEAA@AEBVPxMat33@1@@Z 00000001800169f0 f i ConvexHullUtils.obj
 0001:00015c00       ?allocate@?$Array@VHalfEdge@ConvexHull@physx@@V?$ReflectionAllocator@VHalfEdge@ConvexHull@physx@@@shdfnd@3@@shdfnd@physx@@IEAAPEAVHalfEdge@ConvexHull@3@I@Z 0000000180016c00 f i ConvexHullUtils.obj
 0001:00015ca0       ?allocate@?$Array@VPxPlane@physx@@V?$ReflectionAllocator@VPxPlane@physx@@@shdfnd@2@@shdfnd@physx@@IEAAPEAVPxPlane@3@I@Z 0000000180016ca0 f i ConvexHullUtils.obj
 0001:00015d40       ?assertIntact@ConvexHull@physx@@QEBA_NM@Z 0000000180016d40 f   ConvexHullUtils.obj
 0001:00016040       ?computeAABBExtent@Box@Gu@physx@@QEBA?AVPxVec3@3@XZ 0000000180017040 f i ConvexHullUtils.obj
 0001:00016100       ?computeBoxPoints@Box@Gu@physx@@QEBAXPEIAVPxVec3@3@@Z 0000000180017100 f i ConvexHullUtils.obj
 0001:00016140       ?computeOBBFromConvex@physx@@YA_NAEBVPxConvexMeshDesc@1@AEAVPxVec3@1@AEAVPxTransform@1@@Z 0000000180017140 f   ConvexHullUtils.obj
 0001:00016850       ?computeOBBSIMD@local@@YAXIPEBT__m128@@AEAT2@AEBT2@1@Z 0000000180017850 f   ConvexHullUtils.obj
 0001:00016c60       ?convexHullCrop@physx@@YAPEAVConvexHull@1@AEBV21@AEBVPxPlane@1@M@Z 0000000180017c60 f   ConvexHullUtils.obj
 0001:00017a70       ?copy@?$Array@VPxPlane@physx@@V?$ReflectionAllocator@VPxPlane@physx@@@shdfnd@2@@shdfnd@physx@@KAXPEAVPxPlane@3@0PEBV43@@Z 0000000180018a70 f i ConvexHullUtils.obj
 0001:00017b70       ?findCandidatePlane@ConvexHull@physx@@QEBAHMM@Z 0000000180018b70 f   ConvexHullUtils.obj
 0001:00017fa0       ?getInverse@PxMat33@physx@@QEBA?BV12@XZ 0000000180018fa0 f i ConvexHullUtils.obj
 0001:000181f0       ?getTransform@Box@Gu@physx@@QEBA?AVPxTransform@3@XZ 00000001800191f0 f i ConvexHullUtils.obj
 0001:00018250       ?growAndPushBack@?$Array@VHalfEdge@ConvexHull@physx@@V?$ReflectionAllocator@VHalfEdge@ConvexHull@physx@@@shdfnd@3@@shdfnd@physx@@IEAAAEAVHalfEdge@ConvexHull@3@AEBV453@@Z 0000000180019250 f i ConvexHullUtils.obj
 0001:00018310       ?growAndPushBack@?$Array@VPxPlane@physx@@V?$ReflectionAllocator@VPxPlane@physx@@@shdfnd@2@@shdfnd@physx@@IEAAAEAVPxPlane@3@AEBV43@@Z 0000000180019310 f i ConvexHullUtils.obj
 0001:000183d0       ?isValid@Box@Gu@physx@@QEBA_NXZ 00000001800193d0 f i ConvexHullUtils.obj
 0001:000183f0       ?maxNumVertsPerFace@ConvexHull@physx@@QEBAIXZ 00000001800193f0 f   ConvexHullUtils.obj
 0001:00018460       ?recreate@?$Array@VHalfEdge@ConvexHull@physx@@V?$ReflectionAllocator@VHalfEdge@ConvexHull@physx@@@shdfnd@3@@shdfnd@physx@@IEAAXI@Z 0000000180019460 f i ConvexHullUtils.obj
 0001:00018500       ?recreate@?$Array@VPxPlane@physx@@V?$ReflectionAllocator@VPxPlane@physx@@@shdfnd@2@@shdfnd@physx@@IEAAXI@Z 0000000180019500 f i ConvexHullUtils.obj
 0001:00018580       ?resize@?$Array@VHalfEdge@ConvexHull@physx@@V?$ReflectionAllocator@VHalfEdge@ConvexHull@physx@@@shdfnd@3@@shdfnd@physx@@QEAAXIAEBVHalfEdge@ConvexHull@3@@Z 0000000180019580 f i ConvexHullUtils.obj
 0001:00018640       ?resize@?$Array@VPxPlane@physx@@V?$ReflectionAllocator@VPxPlane@physx@@@shdfnd@2@@shdfnd@physx@@QEAAXIAEBVPxPlane@3@@Z 0000000180019640 f i ConvexHullUtils.obj
 0001:00018760       ?resize@?$Array@VPxVec3@physx@@V?$ReflectionAllocator@VPxVec3@physx@@@shdfnd@2@@shdfnd@physx@@QEAAXIAEBVPxVec3@3@@Z 0000000180019760 f i ConvexHullUtils.obj
 0001:00018850       ?rotate@Box@Gu@physx@@QEBA?AVPxVec3@3@AEBV43@@Z 0000000180019850 f i ConvexHullUtils.obj
 0001:000188e0       ?rotateInv@Box@Gu@physx@@QEBA?AVPxVec3@3@AEBV43@@Z 00000001800198e0 f i ConvexHullUtils.obj
 0001:00018970       ?setAxes@Box@Gu@physx@@QEAAXAEBVPxVec3@3@00@Z 0000000180019970 f i ConvexHullUtils.obj
 0001:000189b0       ?setEmpty@Box@Gu@physx@@QEAAXXZ 00000001800199b0 f i ConvexHullUtils.obj
 0001:000189f0       ?transform@Box@Gu@physx@@QEBA?AVPxVec3@3@AEBV43@@Z 00000001800199f0 f i ConvexHullUtils.obj
 0001:00018a90       ??0ConvexMeshBuilder@physx@@QEAA@_N@Z 0000000180019a90 f   ConvexMeshBuilder.obj
 0001:00018af0       ??1ConvexMeshBuilder@physx@@QEAA@XZ 0000000180019af0 f   ConvexMeshBuilder.obj
 0001:00018f40       ?build@ConvexMeshBuilder@physx@@QEAA_NAEBVPxConvexMeshDesc@2@I_NPEAVConvexHullLib@2@@Z 0000000180019f40 f   ConvexMeshBuilder.obj
 0001:00019260       ?computeHullPolygons@ConvexMeshBuilder@physx@@QEAA_NAEBIPEBVPxVec3@2@0PEBIAEAVPxAllocatorCallback@2@AEAIAEAPEAV32@4AEAPEAI4AEAPEAUPxHullPolygon@2@@Z 000000018001a260 f   ConvexMeshBuilder.obj
 0001:000194a0       ?computeMassInfo@ConvexMeshBuilder@physx@@QEAAX_N@Z 000000018001a4a0 f   ConvexMeshBuilder.obj
 0001:000198d0       ?copy@ConvexMeshBuilder@physx@@QEAA_NAEAUConvexHullInitData@Gu@2@@Z 000000018001a8d0 f   ConvexMeshBuilder.obj
 0001:000199f0       ?isFinite@PxVec3@physx@@QEBA_NXZ 000000018001a9f0 f i ConvexMeshBuilder.obj
 0001:00019a50       ?loadConvexHull@ConvexMeshBuilder@physx@@QEAA_NAEBVPxConvexMeshDesc@2@PEAVConvexHullLib@2@@Z 000000018001aa50 f   ConvexMeshBuilder.obj
 0001:00019cc0       ?save@ConvexMeshBuilder@physx@@QEBA_NAEAVPxOutputStream@2@_N@Z 000000018001acc0 f   ConvexMeshBuilder.obj
 0001:00019ed0       ??$copy@V?$ReflectionAllocator@VPair@@@shdfnd@physx@@@?$Array@VPair@@V?$ReflectionAllocator@VPair@@@shdfnd@physx@@@shdfnd@physx@@IEAAXAEBV012@@Z 000000018001aed0 f i ConvexPolygonsBuilder.obj
 0001:00019f50       ??0ConvexPolygonsBuilder@physx@@QEAA@PEAUConvexHullData@Gu@1@_N@Z 000000018001af50 f   ConvexPolygonsBuilder.obj
 0001:00019f70       ??1ConvexPolygonsBuilder@physx@@QEAA@XZ 000000018001af70 f   ConvexPolygonsBuilder.obj
 0001:0001a7b0       ?allocate@?$Array@VPair@@V?$ReflectionAllocator@VPair@@@shdfnd@physx@@@shdfnd@physx@@IEAAPEAVPair@@I@Z 000000018001b7b0 f i ConvexPolygonsBuilder.obj
 0001:0001afd0       ?computeHullPolygons@ConvexPolygonsBuilder@physx@@QEAA_NAEBIPEBVPxVec3@2@0PEBI@Z 000000018001bfd0 f   ConvexPolygonsBuilder.obj
 0001:0001c2c0       ?createPolygonData@ConvexPolygonsBuilder@physx@@AEAA_NXZ 000000018001d2c0 f   ConvexPolygonsBuilder.obj
 0001:0001cc80       ?createTrianglesFromPolygons@ConvexPolygonsBuilder@physx@@AEAA_NXZ 000000018001dc80 f   ConvexPolygonsBuilder.obj
 0001:0001e2f0       ?growAndPushBack@?$Array@VPair@@V?$ReflectionAllocator@VPair@@@shdfnd@physx@@@shdfnd@physx@@IEAAAEAVPair@@AEBV4@@Z 000000018001f2f0 f i ConvexPolygonsBuilder.obj
 0001:0001e3b0       ??0QuickHull@local@@QEAA@AEBUPxCookingParams@physx@@AEBVPxConvexMeshDesc@3@@Z 000000018001f3b0 f   QuickHullConvexHullLib.obj
 0001:0001e460       ??0QuickHullConvexHullLib@physx@@QEAA@AEBVPxConvexMeshDesc@1@AEBUPxCookingParams@1@@Z 000000018001f460 f   QuickHullConvexHullLib.obj
 0001:0001e550       ??1?$MemBlock@UQuickHullFace@local@@$00@local@@QEAA@XZ 000000018001f550 f i QuickHullConvexHullLib.obj
 0001:0001e550       ??1?$MemBlock@UQuickHullHalfEdge@local@@$0A@@local@@QEAA@XZ 000000018001f550 f i QuickHullConvexHullLib.obj
 0001:0001e5e0       ??1QuickHull@local@@QEAA@XZ 000000018001f5e0 f   QuickHullConvexHullLib.obj
 0001:0001e720       ??_GConvexHull@physx@@QEAAPEAXI@Z 000000018001f720 f i QuickHullConvexHullLib.obj
 0001:0001e800       ??_EQuickHullConvexHullLib@physx@@UEAAPEAXI@Z 000000018001f800 f i QuickHullConvexHullLib.obj
 0001:0001e800       ??_GQuickHullConvexHullLib@physx@@UEAAPEAXI@Z 000000018001f800 f i QuickHullConvexHullLib.obj
 0001:0001e900       ?addPointToHull@QuickHull@local@@IEAA_NPEBUQuickHullVertex@2@AEAUQuickHullFace@2@AEA_N@Z 000000018001f900 f   QuickHullConvexHullLib.obj
 0001:0001ebd0       ?addSimplex@QuickHull@local@@IEAAXPEAUQuickHullVertex@2@_N@Z 000000018001fbd0 f   QuickHullConvexHullLib.obj
 0001:0001f0d0       ?allocate@?$Array@PEAUQuickHullFace@local@@V?$ReflectionAllocator@PEAUQuickHullFace@local@@@shdfnd@physx@@@shdfnd@physx@@IEAAPEAPEAUQuickHullFace@local@@I@Z 00000001800200d0 f i QuickHullConvexHullLib.obj
 0001:0001f170       ?allocate@?$Array@PEAUQuickHullHalfEdge@local@@V?$ReflectionAllocator@PEAUQuickHullHalfEdge@local@@@shdfnd@physx@@@shdfnd@physx@@IEAAPEAPEAUQuickHullHalfEdge@local@@I@Z 0000000180020170 f i QuickHullConvexHullLib.obj
 0001:0001f210       ?allocate@?$Array@PEAUQuickHullVertex@local@@V?$ReflectionAllocator@PEAUQuickHullVertex@local@@@shdfnd@physx@@@shdfnd@physx@@IEAAPEAPEAUQuickHullVertex@local@@I@Z 0000000180020210 f i QuickHullConvexHullLib.obj
 0001:0001f2b0       ?allocate@?$Array@UExpandPoint@local@@V?$ReflectionAllocator@UExpandPoint@local@@@shdfnd@physx@@@shdfnd@physx@@IEAAPEAUExpandPoint@local@@I@Z 00000001800202b0 f i QuickHullConvexHullLib.obj
 0001:0001f350       ?buildHull@QuickHull@local@@QEAA?AW4Enum@QuickHullResult@2@XZ 0000000180020350 f   QuickHullConvexHullLib.obj
 0001:0001f560       ?calculateHorizon@QuickHull@local@@IEAAXAEBVPxVec3@physx@@PEAUQuickHullHalfEdge@2@AEAUQuickHullFace@2@AEAV?$Array@PEAUQuickHullHalfEdge@local@@V?$ReflectionAllocator@PEAUQuickHullHalfEdge@local@@@shdfnd@physx@@@shdfnd@4@AEAV?$Array@PEAUQuickHullFace@local@@V?$ReflectionAllocator@PEAUQuickHullFace@local@@@shdfnd@physx@@@84@@Z 0000000180020560 f   QuickHullConvexHullLib.obj
 0001:0001f710       ?canMergeFaces@QuickHull@local@@IEAA_NAEBUQuickHullHalfEdge@2@@Z 0000000180020710 f   QuickHullConvexHullLib.obj
 0001:0001ff20       ?cleanupForSimplex@QuickHullConvexHullLib@physx@@IEAA_NPEAVPxVec3@2@IPEAUQuickHullVertex@local@@1AEAM2@Z 0000000180020f20 f   QuickHullConvexHullLib.obj
 0001:00020b10       ?computeMinMaxVerts@QuickHull@local@@IEAAXXZ 0000000180021b10 f   QuickHullConvexHullLib.obj
 0001:00020ee0       ?connectHalfEdges@QuickHullFace@local@@AEAAPEAU12@PEAUQuickHullHalfEdge@2@0@Z 0000000180021ee0 f   QuickHullConvexHullLib.obj
 0001:00021250       ?copy@?$Array@UExpandPoint@local@@V?$ReflectionAllocator@UExpandPoint@local@@@shdfnd@physx@@@shdfnd@physx@@KAXPEAUExpandPoint@local@@0PEBU45@@Z 0000000180022250 f i QuickHullConvexHullLib.obj
 0001:000214b0       ?createConvexHull@QuickHullConvexHullLib@physx@@UEAA?AW4Enum@PxConvexMeshCookingResult@2@XZ 00000001800224b0 f   QuickHullConvexHullLib.obj
 0001:000218b0       ?createEdgeList@QuickHullConvexHullLib@physx@@UEAA_NIPEBEPEAPEAEPEAPEAG2@Z 00000001800228b0 f   QuickHullConvexHullLib.obj
 0001:00021b00       ?createTriangle@QuickHull@local@@IEAAPEAUQuickHullFace@2@AEBUQuickHullVertex@2@00@Z 0000000180022b00 f   QuickHullConvexHullLib.obj
 0001:00021ec0       ?doAdjacentMerge@QuickHull@local@@IEAA_NAEAUQuickHullFace@2@_NAEA_N@Z 0000000180022ec0 f   QuickHullConvexHullLib.obj
 0001:00022210       ?expandHull@QuickHullConvexHullLib@physx@@IEAA?AW4Enum@PxConvexMeshCookingResult@2@XZ 0000000180023210 f   QuickHullConvexHullLib.obj
 0001:00022b60       ?expandHullOBB@QuickHullConvexHullLib@physx@@IEAA?AW4Enum@PxConvexMeshCookingResult@2@XZ 0000000180023b60 f   QuickHullConvexHullLib.obj
 0001:00022f70       ?fillConvexMeshDesc@QuickHullConvexHullLib@physx@@UEAAXAEAVPxConvexMeshDesc@2@@Z 0000000180023f70 f   QuickHullConvexHullLib.obj
 0001:00022fc0       ?fillConvexMeshDescFromCroppedHull@QuickHullConvexHullLib@physx@@IEAAXAEAVPxConvexMeshDesc@2@@Z 0000000180023fc0 f   QuickHullConvexHullLib.obj
 0001:000231b0       ?fillConvexMeshDescFromQuickHull@QuickHullConvexHullLib@physx@@IEAAXAEAVPxConvexMeshDesc@2@@Z 00000001800241b0 f   QuickHullConvexHullLib.obj
 0001:00023530       ?findSimplex@QuickHull@local@@IEAA_NXZ 0000000180024530 f   QuickHullConvexHullLib.obj
 0001:00024190       ?getFreeItem@?$MemBlock@UQuickHullFace@local@@$00@local@@QEAAPEAUQuickHullFace@2@XZ 0000000180025190 f i QuickHullConvexHullLib.obj
 0001:000242c0       ?getFreeItem@?$MemBlock@UQuickHullHalfEdge@local@@$0A@@local@@QEAAPEAUQuickHullHalfEdge@2@XZ 00000001800252c0 f i QuickHullConvexHullLib.obj
 0001:00024390       ?growAndPushBack@?$Array@PEAUQuickHullFace@local@@V?$ReflectionAllocator@PEAUQuickHullFace@local@@@shdfnd@physx@@@shdfnd@physx@@IEAAAEAPEAUQuickHullFace@local@@AEBQEAU45@@Z 0000000180025390 f i QuickHullConvexHullLib.obj
 0001:00024450       ?growAndPushBack@?$Array@PEAUQuickHullHalfEdge@local@@V?$ReflectionAllocator@PEAUQuickHullHalfEdge@local@@@shdfnd@physx@@@shdfnd@physx@@IEAAAEAPEAUQuickHullHalfEdge@local@@AEBQEAU45@@Z 0000000180025450 f i QuickHullConvexHullLib.obj
 0001:00024510       ?growAndPushBack@?$Array@PEAUQuickHullVertex@local@@V?$ReflectionAllocator@PEAUQuickHullVertex@local@@@shdfnd@physx@@@shdfnd@physx@@IEAAAEAPEAUQuickHullVertex@local@@AEBQEAU45@@Z 0000000180025510 f i QuickHullConvexHullLib.obj
 0001:000245d0       ?growAndPushBack@?$Array@UExpandPoint@local@@V?$ReflectionAllocator@UExpandPoint@local@@@shdfnd@physx@@@shdfnd@physx@@IEAAAEAUExpandPoint@local@@AEBU45@@Z 00000001800255d0 f i QuickHullConvexHullLib.obj
 0001:000246d0       ?init@?$MemBlock@UQuickHullFace@local@@$00@local@@QEAAXI@Z 00000001800256d0 f i QuickHullConvexHullLib.obj
 0001:000247c0       ?init@?$MemBlock@UQuickHullHalfEdge@local@@$0A@@local@@QEAAXI@Z 00000001800257c0 f i QuickHullConvexHullLib.obj
 0001:00024860       ?mergeAdjacentFace@QuickHullFace@local@@QEAA_NPEAUQuickHullHalfEdge@2@AEAV?$Array@PEAUQuickHullFace@local@@V?$ReflectionAllocator@PEAUQuickHullFace@local@@@shdfnd@physx@@@shdfnd@physx@@@Z 0000000180025860 f   QuickHullConvexHullLib.obj
 0001:00024cb0       ?nextPointToAdd@QuickHull@local@@IEAAPEAUQuickHullVertex@2@AEAPEAUQuickHullFace@2@@Z 0000000180025cb0 f   QuickHullConvexHullLib.obj
 0001:00024e30       ?parseInputVertices@QuickHull@local@@QEAAXPEBVPxVec3@physx@@I@Z 0000000180025e30 f   QuickHullConvexHullLib.obj
 0001:00024fb0       ?postMergeHull@QuickHull@local@@IEAAXXZ 0000000180025fb0 f   QuickHullConvexHullLib.obj
 0001:00025210       ?preallocate@QuickHull@local@@QEAAXI@Z 0000000180026210 f   QuickHullConvexHullLib.obj
 0001:00025350       ?recreate@?$Array@PEAUQuickHullFace@local@@V?$ReflectionAllocator@PEAUQuickHullFace@local@@@shdfnd@physx@@@shdfnd@physx@@IEAAXI@Z 0000000180026350 f i QuickHullConvexHullLib.obj
 0001:000253f0       ?recreate@?$Array@PEAUQuickHullHalfEdge@local@@V?$ReflectionAllocator@PEAUQuickHullHalfEdge@local@@@shdfnd@physx@@@shdfnd@physx@@IEAAXI@Z 00000001800263f0 f i QuickHullConvexHullLib.obj
 0001:00025490       ?recreate@?$Array@PEAUQuickHullVertex@local@@V?$ReflectionAllocator@PEAUQuickHullVertex@local@@@shdfnd@physx@@@shdfnd@physx@@IEAAXI@Z 0000000180026490 f i QuickHullConvexHullLib.obj
 0001:00025530       ?recreate@?$Array@UExpandPoint@local@@V?$ReflectionAllocator@UExpandPoint@local@@@shdfnd@physx@@@shdfnd@physx@@IEAAXI@Z 0000000180026530 f i QuickHullConvexHullLib.obj
 0001:000255b0       ?resolveUnclaimedPoints@QuickHull@local@@IEAAXAEBV?$Array@PEAUQuickHullFace@local@@V?$ReflectionAllocator@PEAUQuickHullFace@local@@@shdfnd@physx@@@shdfnd@physx@@@Z 00000001800265b0 f   QuickHullConvexHullLib.obj
 0001:00026320       ?computeVolumeIntegralsEberly@physx@@YA_NAEBVPxConvexMeshDesc@1@MAEAUPxIntegrals@1@AEBVPxVec3@1@@Z 0000000180027320 f   VolumeIntegration.obj
 0001:00026360       ?computeVolumeIntegralsEberlySIMD@physx@@YA_NAEBVPxConvexMeshDesc@1@MAEAUPxIntegrals@1@AEBVPxVec3@1@@Z 0000000180027360 f   VolumeIntegration.obj
 0001:000269c0       ?cookingDelayHook@@YAP6A_JXZIPEAUDelayLoadInfo@@@Z 00000001800279c0 f   WindowsCookingDelayLoadHook.obj
 0001:00026aa0       PxSetPhysXCookingDelayLoadHook 0000000180027aa0 f   WindowsCookingDelayLoadHook.obj
 0001:00026aa8       ??0RadixSortBuffered@Cm@physx@@QEAA@XZ 0000000180027aa8 f   PhysXCommon_64:PhysXCommon_64.dll
 0001:00026aae       __tailMerge_physxcommon_64_dll 0000000180027aae     PhysXCommon_64:PhysXCommon_64.dll
 0001:00026b27       __imp_load_??0RadixSortBuffered@Cm@physx@@QEAA@XZ 0000000180027b27 f   PhysXCommon_64:PhysXCommon_64.dll
 0001:00026b33       ??1RadixSortBuffered@Cm@physx@@UEAA@XZ 0000000180027b33 f   PhysXCommon_64:PhysXCommon_64.dll
 0001:00026b39       __imp_load_??1RadixSortBuffered@Cm@physx@@UEAA@XZ 0000000180027b39 f   PhysXCommon_64:PhysXCommon_64.dll
 0001:00026b45       ?Sort@RadixSortBuffered@Cm@physx@@QEAAAEAV123@PEBIIW4RadixHint@23@@Z 0000000180027b45 f   PhysXCommon_64:PhysXCommon_64.dll
 0001:00026b4b       __imp_load_?Sort@RadixSortBuffered@Cm@physx@@QEAAAEAV123@PEBIIW4RadixHint@23@@Z 0000000180027b4b f   PhysXCommon_64:PhysXCommon_64.dll
 0001:00026b57       ??0HeightField@Gu@physx@@QEAA@PEAVGuMeshFactory@2@@Z 0000000180027b57 f   PhysXCommon_64:PhysXCommon_64.dll
 0001:00026b5d       __imp_load_??0HeightField@Gu@physx@@QEAA@PEAVGuMeshFactory@2@@Z 0000000180027b5d f   PhysXCommon_64:PhysXCommon_64.dll
 0001:00026b69       ?loadFromDesc@HeightField@Gu@physx@@QEAA_NAEBVPxHeightFieldDesc@3@@Z 0000000180027b69 f   PhysXCommon_64:PhysXCommon_64.dll
 0001:00026b6f       __imp_load_?loadFromDesc@HeightField@Gu@physx@@QEAA_NAEBVPxHeightFieldDesc@3@@Z 0000000180027b6f f   PhysXCommon_64:PhysXCommon_64.dll
 0001:00026b7b       ?computeCellCoordinates@HeightField@Gu@physx@@QEBAIMMAEAM0@Z 0000000180027b7b f   PhysXCommon_64:PhysXCommon_64.dll
 0001:00026b81       __imp_load_?computeCellCoordinates@HeightField@Gu@physx@@QEBAIMMAEAM0@Z 0000000180027b81 f   PhysXCommon_64:PhysXCommon_64.dll
 0001:00026b8d       ?releaseMemory@HeightField@Gu@physx@@QEAAXXZ 0000000180027b8d f   PhysXCommon_64:PhysXCommon_64.dll
 0001:00026b93       __imp_load_?releaseMemory@HeightField@Gu@physx@@QEAAXXZ 0000000180027b93 f   PhysXCommon_64:PhysXCommon_64.dll
 0001:00026b9f       ??1HeightField@Gu@physx@@UEAA@XZ 0000000180027b9f f   PhysXCommon_64:PhysXCommon_64.dll
 0001:00026ba5       __imp_load_??1HeightField@Gu@physx@@UEAA@XZ 0000000180027ba5 f   PhysXCommon_64:PhysXCommon_64.dll
 0001:00026bb1       ??0NodeAllocator@Gu@physx@@QEAA@XZ 0000000180027bb1 f   PhysXCommon_64:PhysXCommon_64.dll
 0001:00026bb7       __imp_load_??0NodeAllocator@Gu@physx@@QEAA@XZ 0000000180027bb7 f   PhysXCommon_64:PhysXCommon_64.dll
 0001:00026bc3       ??1NodeAllocator@Gu@physx@@QEAA@XZ 0000000180027bc3 f   PhysXCommon_64:PhysXCommon_64.dll
 0001:00026bc9       __imp_load_??1NodeAllocator@Gu@physx@@QEAA@XZ 0000000180027bc9 f   PhysXCommon_64:PhysXCommon_64.dll
 0001:00026bd5       ?release@NodeAllocator@Gu@physx@@QEAAXXZ 0000000180027bd5 f   PhysXCommon_64:PhysXCommon_64.dll
 0001:00026bdb       __imp_load_?release@NodeAllocator@Gu@physx@@QEAAXXZ 0000000180027bdb f   PhysXCommon_64:PhysXCommon_64.dll
 0001:00026be7       ?buildAABBTree@Gu@physx@@YA_NAEAVAABBTreeBuildParams@12@AEAVNodeAllocator@12@AEAUBuildStats@12@AEAPEAI@Z 0000000180027be7 f   PhysXCommon_64:PhysXCommon_64.dll
 0001:00026bed       __imp_load_?buildAABBTree@Gu@physx@@YA_NAEAVAABBTreeBuildParams@12@AEAVNodeAllocator@12@AEAUBuildStats@12@AEAPEAI@Z 0000000180027bed f   PhysXCommon_64:PhysXCommon_64.dll
 0001:00026bf9       ?writeDword@physx@@YAXI_NAEAVPxOutputStream@1@@Z 0000000180027bf9 f   PhysXCommon_64:PhysXCommon_64.dll
 0001:00026bff       __imp_load_?writeDword@physx@@YAXI_NAEAVPxOutputStream@1@@Z 0000000180027bff f   PhysXCommon_64:PhysXCommon_64.dll
 0001:00026c0b       ?writeFloatBuffer@physx@@YAXPEBMI_NAEAVPxOutputStream@1@@Z 0000000180027c0b f   PhysXCommon_64:PhysXCommon_64.dll
 0001:00026c11       __imp_load_?writeFloatBuffer@physx@@YAXPEBMI_NAEAVPxOutputStream@1@@Z 0000000180027c11 f   PhysXCommon_64:PhysXCommon_64.dll
 0001:00026c1d       ?writeHeader@physx@@YA_NCCCCI_NAEAVPxOutputStream@1@@Z 0000000180027c1d f   PhysXCommon_64:PhysXCommon_64.dll
 0001:00026c23       __imp_load_?writeHeader@physx@@YA_NCCCCI_NAEAVPxOutputStream@1@@Z 0000000180027c23 f   PhysXCommon_64:PhysXCommon_64.dll
 0001:00026c2f       ?writeWord@physx@@YAXG_NAEAVPxOutputStream@1@@Z 0000000180027c2f f   PhysXCommon_64:PhysXCommon_64.dll
 0001:00026c35       __imp_load_?writeWord@physx@@YAXG_NAEAVPxOutputStream@1@@Z 0000000180027c35 f   PhysXCommon_64:PhysXCommon_64.dll
 0001:00026c41       ?writeFloat@physx@@YAXM_NAEAVPxOutputStream@1@@Z 0000000180027c41 f   PhysXCommon_64:PhysXCommon_64.dll
 0001:00026c47       __imp_load_?writeFloat@physx@@YAXM_NAEAVPxOutputStream@1@@Z 0000000180027c47 f   PhysXCommon_64:PhysXCommon_64.dll
 0001:00026c53       ?computeBoundsAroundVertices@Gu@physx@@YAXAEAVPxBounds3@2@IPEIBVPxVec3@2@@Z 0000000180027c53 f   PhysXCommon_64:PhysXCommon_64.dll
 0001:00026c59       __imp_load_?computeBoundsAroundVertices@Gu@physx@@YAXAEAVPxBounds3@2@IPEIBVPxVec3@2@@Z 0000000180027c59 f   PhysXCommon_64:PhysXCommon_64.dll
 0001:00026c65       ??0SourceMesh@Gu@physx@@QEAA@XZ 0000000180027c65 f   PhysXCommon_64:PhysXCommon_64.dll
 0001:00026c6b       __imp_load_??0SourceMesh@Gu@physx@@QEAA@XZ 0000000180027c6b f   PhysXCommon_64:PhysXCommon_64.dll
 0001:00026c77       ??1SourceMesh@Gu@physx@@QEAA@XZ 0000000180027c77 f   PhysXCommon_64:PhysXCommon_64.dll
 0001:00026c7d       __imp_load_??1SourceMesh@Gu@physx@@QEAA@XZ 0000000180027c7d f   PhysXCommon_64:PhysXCommon_64.dll
 0001:00026c89       ??0BV4Tree@Gu@physx@@QEAA@XZ 0000000180027c89 f   PhysXCommon_64:PhysXCommon_64.dll
 0001:00026c8f       __imp_load_??0BV4Tree@Gu@physx@@QEAA@XZ 0000000180027c8f f   PhysXCommon_64:PhysXCommon_64.dll
 0001:00026c9b       ??1BV4Tree@Gu@physx@@QEAA@XZ 0000000180027c9b f   PhysXCommon_64:PhysXCommon_64.dll
 0001:00026ca1       __imp_load_??1BV4Tree@Gu@physx@@QEAA@XZ 0000000180027ca1 f   PhysXCommon_64:PhysXCommon_64.dll
 0001:00026cad       ??0BV32Tree@Gu@physx@@QEAA@XZ 0000000180027cad f   PhysXCommon_64:PhysXCommon_64.dll
 0001:00026cb3       __imp_load_??0BV32Tree@Gu@physx@@QEAA@XZ 0000000180027cb3 f   PhysXCommon_64:PhysXCommon_64.dll
 0001:00026cbf       ??1BV32Tree@Gu@physx@@QEAA@XZ 0000000180027cbf f   PhysXCommon_64:PhysXCommon_64.dll
 0001:00026cc5       __imp_load_??1BV32Tree@Gu@physx@@QEAA@XZ 0000000180027cc5 f   PhysXCommon_64:PhysXCommon_64.dll
 0001:00026cd1       ?writeWordBuffer@physx@@YAXPEBGI_NAEAVPxOutputStream@1@@Z 0000000180027cd1 f   PhysXCommon_64:PhysXCommon_64.dll
 0001:00026cd7       __imp_load_?writeWordBuffer@physx@@YAXPEBGI_NAEAVPxOutputStream@1@@Z 0000000180027cd7 f   PhysXCommon_64:PhysXCommon_64.dll
 0001:00026ce3       ?computeMaxIndex@physx@@YAIPEBII@Z 0000000180027ce3 f   PhysXCommon_64:PhysXCommon_64.dll
 0001:00026ce9       __imp_load_?computeMaxIndex@physx@@YAIPEBII@Z 0000000180027ce9 f   PhysXCommon_64:PhysXCommon_64.dll
 0001:00026cf5       ?storeIndices@physx@@YAXIIPEBIAEAVPxOutputStream@1@_N@Z 0000000180027cf5 f   PhysXCommon_64:PhysXCommon_64.dll
 0001:00026cfb       __imp_load_?storeIndices@physx@@YAXIIPEBIAEAVPxOutputStream@1@_N@Z 0000000180027cfb f   PhysXCommon_64:PhysXCommon_64.dll
 0001:00026d07       ?BuildBV4Ex@Gu@physx@@YA_NAEAVBV4Tree@12@AEAVSourceMesh@12@MI@Z 0000000180027d07 f   PhysXCommon_64:PhysXCommon_64.dll
 0001:00026d0d       __imp_load_?BuildBV4Ex@Gu@physx@@YA_NAEAVBV4Tree@12@AEAVSourceMesh@12@MI@Z 0000000180027d0d f   PhysXCommon_64:PhysXCommon_64.dll
 0001:00026d19       ?BuildBV32Ex@Gu@physx@@YA_NAEAVBV32Tree@12@AEAVSourceMesh@12@MI@Z 0000000180027d19 f   PhysXCommon_64:PhysXCommon_64.dll
 0001:00026d1f       __imp_load_?BuildBV32Ex@Gu@physx@@YA_NAEAVBV32Tree@12@AEAVSourceMesh@12@MI@Z 0000000180027d1f f   PhysXCommon_64:PhysXCommon_64.dll
 0001:00026d2b       ?computeMaxIndex@physx@@YAGPEBGI@Z 0000000180027d2b f   PhysXCommon_64:PhysXCommon_64.dll
 0001:00026d31       __imp_load_?computeMaxIndex@physx@@YAGPEBGI@Z 0000000180027d31 f   PhysXCommon_64:PhysXCommon_64.dll
 0001:00026d3d       ?WriteHeader@Gu@physx@@YA_NEEEEI_NAEAVPxOutputStream@2@@Z 0000000180027d3d f   PhysXCommon_64:PhysXCommon_64.dll
 0001:00026d43       __imp_load_?WriteHeader@Gu@physx@@YA_NEEEEI_NAEAVPxOutputStream@2@@Z 0000000180027d43 f   PhysXCommon_64:PhysXCommon_64.dll
 0001:00026d4f       ?StoreIndices@Gu@physx@@YAXGIPEBGAEAVPxOutputStream@2@_N@Z 0000000180027d4f f   PhysXCommon_64:PhysXCommon_64.dll
 0001:00026d55       __imp_load_?StoreIndices@Gu@physx@@YAXGIPEBGAEAVPxOutputStream@2@_N@Z 0000000180027d55 f   PhysXCommon_64:PhysXCommon_64.dll
 0001:00026d61       ?CreateOffsets@BigConvexData@physx@@IEAAXXZ 0000000180027d61 f   PhysXCommon_64:PhysXCommon_64.dll
 0001:00026d67       __imp_load_?CreateOffsets@BigConvexData@physx@@IEAAXXZ 0000000180027d67 f   PhysXCommon_64:PhysXCommon_64.dll
 0001:00026d73       ?computeOBBPoints@Gu@physx@@YAXPEIAVPxVec3@2@AEBV32@1111@Z 0000000180027d73 f   PhysXCommon_64:PhysXCommon_64.dll
 0001:00026d79       __imp_load_?computeOBBPoints@Gu@physx@@YAXPEIAVPxVec3@2@AEBV32@1111@Z 0000000180027d79 f   PhysXCommon_64:PhysXCommon_64.dll
 0001:00026d85       ??0BigConvexData@physx@@QEAA@XZ 0000000180027d85 f   PhysXCommon_64:PhysXCommon_64.dll
 0001:00026d8b       __imp_load_??0BigConvexData@physx@@QEAA@XZ 0000000180027d8b f   PhysXCommon_64:PhysXCommon_64.dll
 0001:00026d97       ??1BigConvexData@physx@@QEAA@XZ 0000000180027d97 f   PhysXCommon_64:PhysXCommon_64.dll
 0001:00026d9d       __imp_load_??1BigConvexData@physx@@QEAA@XZ 0000000180027d9d f   PhysXCommon_64:PhysXCommon_64.dll
 0001:00026da9       PxGetFoundation            0000000180027da9 f   PhysXFoundation_64:PhysXFoundation_64.dll
 0001:00026daf       __tailMerge_physxfoundation_64_dll 0000000180027daf     PhysXFoundation_64:PhysXFoundation_64.dll
 0001:00026e28       __imp_load_PxGetFoundation 0000000180027e28 f   PhysXFoundation_64:PhysXFoundation_64.dll
 0001:00026e34       ?getAllocator@shdfnd@physx@@YAAEAVPxAllocatorCallback@2@XZ 0000000180027e34 f   PhysXFoundation_64:PhysXFoundation_64.dll
 0001:00026e3a       __imp_load_?getAllocator@shdfnd@physx@@YAAEAVPxAllocatorCallback@2@XZ 0000000180027e3a f   PhysXFoundation_64:PhysXFoundation_64.dll
 0001:00026e46       ?getInstance@Foundation@shdfnd@physx@@SAAEAV123@XZ 0000000180027e46 f   PhysXFoundation_64:PhysXFoundation_64.dll
 0001:00026e4c       __imp_load_?getInstance@Foundation@shdfnd@physx@@SAAEAV123@XZ 0000000180027e4c f   PhysXFoundation_64:PhysXFoundation_64.dll
 0001:00026e58       ?error@Foundation@shdfnd@physx@@QEAAXW4Enum@PxErrorCode@3@PEBDH1ZZ 0000000180027e58 f   PhysXFoundation_64:PhysXFoundation_64.dll
 0001:00026e5e       __imp_load_?error@Foundation@shdfnd@physx@@QEAAXW4Enum@PxErrorCode@3@PEBDH1ZZ 0000000180027e5e f   PhysXFoundation_64:PhysXFoundation_64.dll
 0001:00026e6a       ?incRefCount@Foundation@shdfnd@physx@@SAXXZ 0000000180027e6a f   PhysXFoundation_64:PhysXFoundation_64.dll
 0001:00026e70       __imp_load_?incRefCount@Foundation@shdfnd@physx@@SAXXZ 0000000180027e70 f   PhysXFoundation_64:PhysXFoundation_64.dll
 0001:00026e7c       ?decRefCount@Foundation@shdfnd@physx@@SAXXZ 0000000180027e7c f   PhysXFoundation_64:PhysXFoundation_64.dll
 0001:00026e82       __imp_load_?decRefCount@Foundation@shdfnd@physx@@SAXXZ 0000000180027e82 f   PhysXFoundation_64:PhysXFoundation_64.dll
 0001:00026e8e       ??0FPUGuard@shdfnd@physx@@QEAA@XZ 0000000180027e8e f   PhysXFoundation_64:PhysXFoundation_64.dll
 0001:00026e94       __imp_load_??0FPUGuard@shdfnd@physx@@QEAA@XZ 0000000180027e94 f   PhysXFoundation_64:PhysXFoundation_64.dll
 0001:00026ea0       ??1FPUGuard@shdfnd@physx@@QEAA@XZ 0000000180027ea0 f   PhysXFoundation_64:PhysXFoundation_64.dll
 0001:00026ea6       __imp_load_??1FPUGuard@shdfnd@physx@@QEAA@XZ 0000000180027ea6 f   PhysXFoundation_64:PhysXFoundation_64.dll
 0001:00026eb2       ?allocate@TempAllocator@shdfnd@physx@@QEAAPEAX_KPEBDH@Z 0000000180027eb2 f   PhysXFoundation_64:PhysXFoundation_64.dll
 0001:00026eb8       __imp_load_?allocate@TempAllocator@shdfnd@physx@@QEAAPEAX_KPEBDH@Z 0000000180027eb8 f   PhysXFoundation_64:PhysXFoundation_64.dll
 0001:00026ec4       ?deallocate@TempAllocator@shdfnd@physx@@QEAAXPEAX@Z 0000000180027ec4 f   PhysXFoundation_64:PhysXFoundation_64.dll
 0001:00026eca       __imp_load_?deallocate@TempAllocator@shdfnd@physx@@QEAAXPEAX@Z 0000000180027eca f   PhysXFoundation_64:PhysXFoundation_64.dll
 0001:00026ed6       ?PxDiagonalize@physx@@YA?AVPxVec3@1@AEBVPxMat33@1@AEAVPxQuat@1@@Z 0000000180027ed6 f   PhysXFoundation_64:PhysXFoundation_64.dll
 0001:00026edc       __imp_load_?PxDiagonalize@physx@@YA?AVPxVec3@1@AEBVPxMat33@1@AEAVPxQuat@1@@Z 0000000180027edc f   PhysXFoundation_64:PhysXFoundation_64.dll
 0001:00026fd4       ?DloadAcquireSectionWriteAccess@@YAXXZ 0000000180027fd4 f i Delayimp:delayhlp.obj
 0001:00027090       ?DloadGetSRWLockFunctionPointers@@YAEXZ 0000000180028090 f i Delayimp:delayhlp.obj
 0001:00027130       ?DloadMakePermanentImageCommit@@YAXPEAX_K@Z 0000000180028130 f i Delayimp:delayhlp.obj
 0001:000271c8       ?DloadObtainSection@@YAPEAXPEAK0@Z 00000001800281c8 f i Delayimp:delayhlp.obj
 0001:00027264       ?DloadProtectSection@@YAXPEAX_KKPEAK@Z 0000000180028264 f i Delayimp:delayhlp.obj
 0001:0002735c       ?DloadReleaseSectionWriteAccess@@YAXXZ 000000018002835c f i Delayimp:delayhlp.obj
 0001:00027408       __delayLoadHelper2         0000000180028408 f   Delayimp:delayhlp.obj
 0001:00027704       ??3@YAXPEAX_K@Z            0000000180028704 f   MSVCRT:delete_scalar_size.obj
 0001:00027704       ??_V@YAXPEAX@Z             0000000180028704 f   MSVCRT:delete_array.obj
 0001:0002770c       ??_Etype_info@@UEAAPEAXI@Z 000000018002870c f i MSVCRT:std_type_info_static.obj
 0001:0002770c       ??_Gtype_info@@UEAAPEAXI@Z 000000018002870c f i MSVCRT:std_type_info_static.obj
 0001:00027738       ?__scrt_initialize_type_info@@YAXXZ 0000000180028738 f   MSVCRT:tncleanup.obj
 0001:00027748       ?__scrt_uninitialize_type_info@@YAXXZ 0000000180028748 f   MSVCRT:tncleanup.obj
 0001:00027770       __chkstk                   0000000180028770 f   MSVCRT:chkstk.obj
 0001:00027770       _alloca_probe              0000000180028770 f   MSVCRT:chkstk.obj
 0001:000277c0       ??3@YAXPEAX@Z              00000001800287c0 f   MSVCRT:delete_scalar.obj
 0001:000277d0       __vdecl_sinf4              00000001800287d0 f   MSVCRT:svml_ssinf4_dispatch.obj
 0001:000277f0       __libm_sse2_sincosf_       00000001800287f0 f   MSVCRT:svml_ssinf4_dispatch.obj
 0001:00027833       __libm_sse2_sincosf4_      0000000180028833 f   MSVCRT:svml_ssinf4_dispatch.obj
 0001:00027b50       _DllMainCRTStartup         0000000180028b50 f   MSVCRT:dll_dllmain.obj
 0001:00027b90       __isa_available_init       0000000180028b90 f   MSVCRT:cpu_disp.obj
 0001:00027e60       __sse2_sinf4@@16           0000000180028e60 f   MSVCRT:svml_ssinf4_sse2.obj
 0001:000287a0       __sse4_sinf4@@16           00000001800297a0 f   MSVCRT:svml_ssinf4_sse4.obj
 0001:00028f14       __security_init_cookie     0000000180029f14 f   MSVCRT:gs_support.obj
 0001:00028fc0       DllMain                    0000000180029fc0 f   MSVCRT:dll_dllmain_stub.obj
 0001:00028fe4       __local_stdio_printf_options 0000000180029fe4 f i MSVCRT:default_local_stdio_options.obj
 0001:00028fec       __local_stdio_scanf_options 0000000180029fec f i MSVCRT:default_local_stdio_options.obj
 0001:00028ff4       __scrt_initialize_default_local_stdio_options 0000000180029ff4 f   MSVCRT:default_local_stdio_options.obj
 0001:00029010       __scrt_acquire_startup_lock 000000018002a010 f   MSVCRT:utility.obj
 0001:0002904c       __scrt_dllmain_after_initialize_c 000000018002a04c f   MSVCRT:utility.obj
 0001:00029080       __scrt_dllmain_before_initialize_c 000000018002a080 f   MSVCRT:utility.obj
 0001:00029098       __scrt_dllmain_crt_thread_attach 000000018002a098 f   MSVCRT:utility.obj
 0001:000290c0       __scrt_dllmain_crt_thread_detach 000000018002a0c0 f   MSVCRT:utility.obj
 0001:000290d8       __scrt_dllmain_exception_filter 000000018002a0d8 f   MSVCRT:utility.obj
 0001:00029138       __scrt_dllmain_uninitialize_c 000000018002a138 f   MSVCRT:utility.obj
 0001:00029168       __scrt_dllmain_uninitialize_critical 000000018002a168 f   MSVCRT:utility.obj
 0001:0002917c       __scrt_initialize_crt      000000018002a17c f   MSVCRT:utility.obj
 0001:000291b8       __scrt_initialize_onexit_tables 000000018002a1b8 f   MSVCRT:utility.obj
 0001:00029244       __scrt_is_nonwritable_in_current_image 000000018002a244 f   MSVCRT:utility.obj
 0001:000292dc       __scrt_release_startup_lock 000000018002a2dc f   MSVCRT:utility.obj
 0001:00029300       __scrt_uninitialize_crt    000000018002a300 f   MSVCRT:utility.obj
 0001:0002932c       __scrt_get_dyn_tls_init_callback 000000018002a32c f   MSVCRT:dyn_tls_init.obj
 0001:00029334       __crt_debugger_hook        000000018002a334 f   MSVCRT:utility_desktop.obj
 0001:0002933c       __scrt_fastfail            000000018002a33c f   MSVCRT:utility_desktop.obj
 0001:00029484       _RTC_Initialize            000000018002a484 f   MSVCRT:initsect.obj
 0001:000294c0       _RTC_Terminate             000000018002a4c0 f   MSVCRT:initsect.obj
 0001:00029500       __common_ssin_cout_rare    000000018002a500 f   MSVCRT:svml_s_sin_cout.obj
 0001:00029570       __scrt_is_ucrt_dll_in_use  000000018002a570 f   MSVCRT:ucrt_detection.obj
 0001:0002957c       _purecall                  000000018002a57c f   vcruntime:VCRUNTIME140.dll
 0001:00029582       __std_type_info_name       000000018002a582 f   vcruntime:VCRUNTIME140.dll
 0001:00029588       memset                     000000018002a588 f   vcruntime:VCRUNTIME140.dll
 0001:0002958e       memcpy                     000000018002a58e f   vcruntime:VCRUNTIME140.dll
 0001:00029594       strstr                     000000018002a594 f   vcruntime:VCRUNTIME140.dll
 0001:0002959a       __std_type_info_destroy_list 000000018002a59a f   vcruntime:VCRUNTIME140.dll
 0001:000295a0       __C_specific_handler       000000018002a5a0 f   vcruntime:VCRUNTIME140.dll
 0001:000295a6       strcmp                     000000018002a5a6 f   ucrt:api-ms-win-crt-string-l1-1-0.dll
 0001:000295ac       atan2f                     000000018002a5ac f   ucrt:api-ms-win-crt-math-l1-1-0.dll
 0001:000295b2       free                       000000018002a5b2 f   ucrt:api-ms-win-crt-heap-l1-1-0.dll
 0001:000295b8       _initterm                  000000018002a5b8 f   ucrt:api-ms-win-crt-runtime-l1-1-0.dll
 0001:000295be       _initterm_e                000000018002a5be f   ucrt:api-ms-win-crt-runtime-l1-1-0.dll
 0001:000295c4       _seh_filter_dll            000000018002a5c4 f   ucrt:api-ms-win-crt-runtime-l1-1-0.dll
 0001:000295ca       _configure_narrow_argv     000000018002a5ca f   ucrt:api-ms-win-crt-runtime-l1-1-0.dll
 0001:000295d0       _initialize_narrow_environment 000000018002a5d0 f   ucrt:api-ms-win-crt-runtime-l1-1-0.dll
 0001:000295d6       _initialize_onexit_table   000000018002a5d6 f   ucrt:api-ms-win-crt-runtime-l1-1-0.dll
 0001:000295dc       _execute_onexit_table      000000018002a5dc f   ucrt:api-ms-win-crt-runtime-l1-1-0.dll
 0001:000295e2       _cexit                     000000018002a5e2 f   ucrt:api-ms-win-crt-runtime-l1-1-0.dll
 0001:000295e8       __acrt_initialize          000000018002a5e8 f   MSVCRT:ucrt_stubs.obj
 0001:000295e8       __acrt_thread_attach       000000018002a5e8 f   MSVCRT:ucrt_stubs.obj
 0001:000295e8       __acrt_thread_detach       000000018002a5e8 f   MSVCRT:ucrt_stubs.obj
 0001:000295e8       __acrt_uninitialize        000000018002a5e8 f   MSVCRT:ucrt_stubs.obj
 0001:000295e8       __acrt_uninitialize_critical 000000018002a5e8 f   MSVCRT:ucrt_stubs.obj
 0001:000295e8       __scrt_stub_for_acrt_initialize 000000018002a5e8 f   MSVCRT:ucrt_stubs.obj
 0001:000295e8       __scrt_stub_for_acrt_thread_attach 000000018002a5e8 f   MSVCRT:ucrt_stubs.obj
 0001:000295e8       __scrt_stub_for_acrt_thread_detach 000000018002a5e8 f   MSVCRT:ucrt_stubs.obj
 0001:000295e8       __scrt_stub_for_acrt_uninitialize 000000018002a5e8 f   MSVCRT:ucrt_stubs.obj
 0001:000295e8       __scrt_stub_for_acrt_uninitialize_critical 000000018002a5e8 f   MSVCRT:ucrt_stubs.obj
 0001:000295e8       __vcrt_initialize          000000018002a5e8 f   MSVCRT:ucrt_stubs.obj
 0001:000295e8       __vcrt_thread_attach       000000018002a5e8 f   MSVCRT:ucrt_stubs.obj
 0001:000295e8       __vcrt_thread_detach       000000018002a5e8 f   MSVCRT:ucrt_stubs.obj
 0001:000295e8       __vcrt_uninitialize        000000018002a5e8 f   MSVCRT:ucrt_stubs.obj
 0001:000295e8       __vcrt_uninitialize_critical 000000018002a5e8 f   MSVCRT:ucrt_stubs.obj
 0001:00029600       _guard_dispatch_icall_nop  000000018002a600 f   MSVCRT:guard_dispatch.obj
 0001:00029620       _guard_xfg_dispatch_icall_nop 000000018002a620 f   MSVCRT:guard_xfg_dispatch.obj
 0002:00000000       __imp_LoadLibraryA         000000018002b000     kernel32:KERNEL32.dll
 0002:00000008       __imp_SetUnhandledExceptionFilter 000000018002b008     kernel32:KERNEL32.dll
 0002:00000010       __imp_UnhandledExceptionFilter 000000018002b010     kernel32:KERNEL32.dll
 0002:00000018       __imp_IsDebuggerPresent    000000018002b018     kernel32:KERNEL32.dll
 0002:00000020       __imp_RtlVirtualUnwind     000000018002b020     kernel32:KERNEL32.dll
 0002:00000028       __imp_RtlLookupFunctionEntry 000000018002b028     kernel32:KERNEL32.dll
 0002:00000030       __imp_RtlCaptureContext    000000018002b030     kernel32:KERNEL32.dll
 0002:00000038       __imp_DisableThreadLibraryCalls 000000018002b038     kernel32:KERNEL32.dll
 0002:00000040       __imp_GetSystemTimeAsFileTime 000000018002b040     kernel32:KERNEL32.dll
 0002:00000048       __imp_GetCurrentThreadId   000000018002b048     kernel32:KERNEL32.dll
 0002:00000050       __imp_GetCurrentProcessId  000000018002b050     kernel32:KERNEL32.dll
 0002:00000058       __imp_QueryPerformanceCounter 000000018002b058     kernel32:KERNEL32.dll
 0002:00000060       __imp_InitializeSListHead  000000018002b060     kernel32:KERNEL32.dll
 0002:00000068       __imp_LoadLibraryExA       000000018002b068     kernel32:KERNEL32.dll
 0002:00000070       __imp_GetProcAddress       000000018002b070     kernel32:KERNEL32.dll
 0002:00000078       __imp_GetModuleHandleW     000000018002b078     kernel32:KERNEL32.dll
 0002:00000080       __imp_FreeLibrary          000000018002b080     kernel32:KERNEL32.dll
 0002:00000088       __imp_VirtualQuery         000000018002b088     kernel32:KERNEL32.dll
 0002:00000090       __imp_VirtualProtect       000000018002b090     kernel32:KERNEL32.dll
 0002:00000098       __imp_GetSystemInfo        000000018002b098     kernel32:KERNEL32.dll
 0002:000000a0       __imp_GetLastError         000000018002b0a0     kernel32:KERNEL32.dll
 0002:000000a8       __imp_RaiseException       000000018002b0a8     kernel32:KERNEL32.dll
[...]
 0002:000068e8       rgwOrd                     00000001800318e8     PhysXCooking_64.exp
 0002:000069dc       szName                     00000001800319dc     PhysXCooking_64.exp
 0002:000069f0       $N00001                    00000001800319f0     PhysXCooking_64.exp
 0002:00006a1f       $N00002                    0000000180031a1f     PhysXCooking_64.exp
 0002:00006a46       $N00003                    0000000180031a46     PhysXCooking_64.exp
 0002:00006a81       $N00004                    0000000180031a81     PhysXCooking_64.exp
 0002:00006aa8       $N00005                    0000000180031aa8     PhysXCooking_64.exp
 0002:00006ad4       $N00006                    0000000180031ad4     PhysXCooking_64.exp
 0002:00006af5       $N00007                    0000000180031af5     PhysXCooking_64.exp
 0002:00006b2a       $N00008                    0000000180031b2a     PhysXCooking_64.exp
 0002:00006b43       $N00009                    0000000180031b43     PhysXCooking_64.exp
 0002:00006b63       $N00010                    0000000180031b63     PhysXCooking_64.exp
 0002:00006b8c       $N00011                    0000000180031b8c     PhysXCooking_64.exp
 0002:00006bb3       $N00012                    0000000180031bb3     PhysXCooking_64.exp
 0002:00006be2       $N00013                    0000000180031be2     PhysXCooking_64.exp
 0002:00006c0f       $N00014                    0000000180031c0f     PhysXCooking_64.exp
 0002:00006c40       $N00015                    0000000180031c40     PhysXCooking_64.exp
 0002:00006c65       $N00016                    0000000180031c65     PhysXCooking_64.exp
 0002:00006c90       $N00017                    0000000180031c90     PhysXCooking_64.exp
 0002:00006cb6       $N00018                    0000000180031cb6     PhysXCooking_64.exp
 0002:00006cd5       $N00019                    0000000180031cd5     PhysXCooking_64.exp
 0002:00006d0b       $N00020                    0000000180031d0b     PhysXCooking_64.exp
 0002:00006d35       $N00021                    0000000180031d35     PhysXCooking_64.exp
 0002:00006d5c       $N00022                    0000000180031d5c     PhysXCooking_64.exp
 0002:00006d85       $N00023                    0000000180031d85     PhysXCooking_64.exp
 0002:00006d9e       $N00024                    0000000180031d9e     PhysXCooking_64.exp
 0002:00006dc3       $N00025                    0000000180031dc3     PhysXCooking_64.exp
 0002:00006de2       $N00026                    0000000180031de2     PhysXCooking_64.exp
 0002:00006e01       $N00027                    0000000180031e01     PhysXCooking_64.exp
 0002:00006e21       $N00028                    0000000180031e21     PhysXCooking_64.exp
 0002:00006e57       $N00029                    0000000180031e57     PhysXCooking_64.exp
 0002:00006e8f       $N00030                    0000000180031e8f     PhysXCooking_64.exp
 0002:00006ec3       $N00031                    0000000180031ec3     PhysXCooking_64.exp
 0002:00006ef5       $N00032                    0000000180031ef5     PhysXCooking_64.exp
 0002:00006f22       $N00033                    0000000180031f22     PhysXCooking_64.exp
 0002:00006f4a       $N00034                    0000000180031f4a     PhysXCooking_64.exp
 0002:00006f7b       $N00035                    0000000180031f7b     PhysXCooking_64.exp
 0002:00006faa       $N00036                    0000000180031faa     PhysXCooking_64.exp
 0002:00006fda       $N00037                    0000000180031fda     PhysXCooking_64.exp
 0002:00007008       $N00038                    0000000180032008     PhysXCooking_64.exp
 0002:00007039       $N00039                    0000000180032039     PhysXCooking_64.exp
 0002:0000706f       $N00040                    000000018003206f     PhysXCooking_64.exp
 0002:000070a3       $N00041                    00000001800320a3     PhysXCooking_64.exp
 0002:000070d5       $N00042                    00000001800320d5     PhysXCooking_64.exp
 0002:00007107       $N00043                    0000000180032107     PhysXCooking_64.exp
 0002:00007133       $N00044                    0000000180032133     PhysXCooking_64.exp
 0002:0000714f       $N00045                    000000018003214f     PhysXCooking_64.exp
 0002:00007179       $N00046                    0000000180032179     PhysXCooking_64.exp
 0002:0000719d       $N00047                    000000018003219d     PhysXCooking_64.exp
 0002:000071cf       $N00048                    00000001800321cf     PhysXCooking_64.exp
 0002:000071f6       $N00049                    00000001800321f6     PhysXCooking_64.exp
 0002:00007224       $N00050                    0000000180032224     PhysXCooking_64.exp
 0002:0000724f       $N00051                    000000018003224f     PhysXCooking_64.exp
 0002:0000727c       $N00052                    000000018003227c     PhysXCooking_64.exp
 0002:000072a5       $N00053                    00000001800322a5     PhysXCooking_64.exp
 0002:000072d4       $N00054                    00000001800322d4     PhysXCooking_64.exp
 0002:000072fd       $N00055                    00000001800322fd     PhysXCooking_64.exp
 0002:00007326       $N00056                    0000000180032326     PhysXCooking_64.exp
 0002:00007354       $N00057                    0000000180032354     PhysXCooking_64.exp
 0002:0000737c       $N00058                    000000018003237c     PhysXCooking_64.exp
 0002:000073b7       $N00059                    00000001800323b7     PhysXCooking_64.exp
 0002:000073e1       $N00060                    00000001800323e1     PhysXCooking_64.exp
 0002:00007415       $N00061                    0000000180032415     PhysXCooking_64.exp
 0002:0000744b       $N00062                    000000018003244b     PhysXCooking_64.exp
 0002:00007487       $N00063                    0000000180032487     PhysXCooking_64.exp
 0002:000074cf       $N00064                    00000001800324cf     PhysXCooking_64.exp
 0002:0000751f       $N00065                    000000018003251f     PhysXCooking_64.exp
 0002:00007553       $N00066                    0000000180032553     PhysXCooking_64.exp
 0002:00007588       $N00067                    0000000180032588     PhysXCooking_64.exp
 0002:000075be       $N00068                    00000001800325be     PhysXCooking_64.exp
 0002:000075e5       $N00069                    00000001800325e5     PhysXCooking_64.exp
 0002:0000762d       $N00070                    000000018003262d     PhysXCooking_64.exp
 0002:00007673       $N00071                    0000000180032673     PhysXCooking_64.exp
 0002:000076cb       $N00072                    00000001800326cb     PhysXCooking_64.exp
 0002:00007712       $N00073                    0000000180032712     PhysXCooking_64.exp
 0002:0000773d       $N00074                    000000018003273d     PhysXCooking_64.exp
 0002:0000776d       $N00075                    000000018003276d     PhysXCooking_64.exp
 0002:000077bd       $N00076                    00000001800327bd     PhysXCooking_64.exp
 0002:0000786c       $N00077                    000000018003286c     PhysXCooking_64.exp
 0002:000078ca       $N00078                    00000001800328ca     PhysXCooking_64.exp
 0002:000078f6       $N00079                    00000001800328f6     PhysXCooking_64.exp
 0002:00007922       $N00080                    0000000180032922     PhysXCooking_64.exp
 0002:00007957       $N00081                    0000000180032957     PhysXCooking_64.exp
 0002:00007980       $N00082                    0000000180032980     PhysXCooking_64.exp
 0002:000079bc       $N00083                    00000001800329bc     PhysXCooking_64.exp
 0002:000079e8       $N00084                    00000001800329e8     PhysXCooking_64.exp
 0002:00007a1b       $N00085                    0000000180032a1b     PhysXCooking_64.exp
 0002:00007a68       $N00086                    0000000180032a68     PhysXCooking_64.exp
 0002:00007a9b       $N00087                    0000000180032a9b     PhysXCooking_64.exp
 0002:00007ad5       $N00088                    0000000180032ad5     PhysXCooking_64.exp
 0002:00007b0f       $N00089                    0000000180032b0f     PhysXCooking_64.exp
 0002:00007b4b       $N00090                    0000000180032b4b     PhysXCooking_64.exp
 0002:00007b8f       $N00091                    0000000180032b8f     PhysXCooking_64.exp
 0002:00007bbe       $N00092                    0000000180032bbe     PhysXCooking_64.exp
 0002:00007c38       $N00093                    0000000180032c38     PhysXCooking_64.exp
 0002:00007c95       $N00094                    0000000180032c95     PhysXCooking_64.exp
 0002:00007cc1       $N00095                    0000000180032cc1     PhysXCooking_64.exp
 0002:00007cf5       $N00096                    0000000180032cf5     PhysXCooking_64.exp
 0002:00007d2e       $N00097                    0000000180032d2e     PhysXCooking_64.exp
 0002:00007d6b       $N00098                    0000000180032d6b     PhysXCooking_64.exp
 0002:00007da1       $N00099                    0000000180032da1     PhysXCooking_64.exp
 0002:00007dce       $N00100                    0000000180032dce     PhysXCooking_64.exp
 0002:00007dfb       $N00101                    0000000180032dfb     PhysXCooking_64.exp
 0002:00007e26       $N00102                    0000000180032e26     PhysXCooking_64.exp
 0002:00007e52       $N00103                    0000000180032e52     PhysXCooking_64.exp
 0002:00007e7f       $N00104                    0000000180032e7f     PhysXCooking_64.exp
 0002:00007e9f       $N00105                    0000000180032e9f     PhysXCooking_64.exp
 0002:00007edb       $N00106                    0000000180032edb     PhysXCooking_64.exp
 0002:00007f0c       $N00107                    0000000180032f0c     PhysXCooking_64.exp
 0002:00007f3e       $N00108                    0000000180032f3e     PhysXCooking_64.exp
 0002:00007f80       $N00109                    0000000180032f80     PhysXCooking_64.exp
 0002:00007fad       $N00110                    0000000180032fad     PhysXCooking_64.exp
 0002:00007fd1       $N00111                    0000000180032fd1     PhysXCooking_64.exp
 0002:00008001       $N00112                    0000000180033001     PhysXCooking_64.exp
 0002:00008034       $N00113                    0000000180033034     PhysXCooking_64.exp
 0002:00008059       $N00114                    0000000180033059     PhysXCooking_64.exp
 0002:00008087       $N00115                    0000000180033087     PhysXCooking_64.exp
 0002:000080af       $N00116                    00000001800330af     PhysXCooking_64.exp
 0002:000080cf       $N00117                    00000001800330cf     PhysXCooking_64.exp
 0002:00008114       $N00118                    0000000180033114     PhysXCooking_64.exp
 0002:00008151       $N00119                    0000000180033151     PhysXCooking_64.exp
 0002:0000818e       $N00120                    000000018003318e     PhysXCooking_64.exp
 0002:000081c1       $N00121                    00000001800331c1     PhysXCooking_64.exp
 0002:000081d1       $N00122                    00000001800331d1     PhysXCooking_64.exp
 0002:00008410       .idata$6                   0000000180033410     kernel32:KERNEL32.dll
 0002:00008498       .idata$6                   0000000180033498     vcruntime:VCRUNTIME140.dll
 0002:00008578       .idata$6                   0000000180033578     ucrt:api-ms-win-crt-string-l1-1-0.dll
 0002:0000859a       .idata$6                   000000018003359a     ucrt:api-ms-win-crt-math-l1-1-0.dll
 0002:000085ba       .idata$6                   00000001800335ba     ucrt:api-ms-win-crt-heap-l1-1-0.dll
 0002:000085da       .idata$6                   00000001800335da     ucrt:api-ms-win-crt-runtime-l1-1-0.dll
 0003:00000000       ?MAXDOT_MINANG@local@@3MB  0000000180034000     ConvexHullUtils.obj
 0003:00000004       ?MAXDOT_MINANG@local@@3MB  0000000180034004     QuickHullConvexHullLib.obj
 0003:00000820       ?maxV3Error@_VecMathTests@aos@shdfnd@physx@@3T__m128@@B 0000000180034820     Cooking.obj
 0003:00000830       ?minFError@_VecMathTests@aos@shdfnd@physx@@3T__m128@@B 0000000180034830     Cooking.obj
 0003:00000840       ?maxV4Error@_VecMathTests@aos@shdfnd@physx@@3T__m128@@B 0000000180034840     Cooking.obj
 0003:00000850       ?minV4Error@_VecMathTests@aos@shdfnd@physx@@3T__m128@@B 0000000180034850     Cooking.obj
 0003:00000860       ?minV3Error@_VecMathTests@aos@shdfnd@physx@@3T__m128@@B 0000000180034860     Cooking.obj
 0003:00000870       ?maxFError@_VecMathTests@aos@shdfnd@physx@@3T__m128@@B 0000000180034870     Cooking.obj
 0003:00000880       ?maxV3Error@_VecMathTests@aos@shdfnd@physx@@3T__m128@@B 0000000180034880     BVHStructureBuilder.obj
 0003:00000890       ?minFError@_VecMathTests@aos@shdfnd@physx@@3T__m128@@B 0000000180034890     BVHStructureBuilder.obj
 0003:000008a0       ?maxV4Error@_VecMathTests@aos@shdfnd@physx@@3T__m128@@B 00000001800348a0     BVHStructureBuilder.obj
 0003:000008b0       ?minV4Error@_VecMathTests@aos@shdfnd@physx@@3T__m128@@B 00000001800348b0     BVHStructureBuilder.obj
 0003:000008c0       ?minV3Error@_VecMathTests@aos@shdfnd@physx@@3T__m128@@B 00000001800348c0     BVHStructureBuilder.obj
 0003:000008d0       ?maxFError@_VecMathTests@aos@shdfnd@physx@@3T__m128@@B 00000001800348d0     BVHStructureBuilder.obj
 0003:000008e0       ?maxV3Error@_VecMathTests@aos@shdfnd@physx@@3T__m128@@B 00000001800348e0     RTreeCooking.obj
 0003:000008f0       ?minFError@_VecMathTests@aos@shdfnd@physx@@3T__m128@@B 00000001800348f0     RTreeCooking.obj
 0003:00000900       ?maxV4Error@_VecMathTests@aos@shdfnd@physx@@3T__m128@@B 0000000180034900     RTreeCooking.obj
 0003:00000910       ?minV4Error@_VecMathTests@aos@shdfnd@physx@@3T__m128@@B 0000000180034910     RTreeCooking.obj
 0003:00000920       ?minV3Error@_VecMathTests@aos@shdfnd@physx@@3T__m128@@B 0000000180034920     RTreeCooking.obj
 0003:00000930       ?maxFError@_VecMathTests@aos@shdfnd@physx@@3T__m128@@B 0000000180034930     RTreeCooking.obj
 0003:00000940       ?maxV3Error@_VecMathTests@aos@shdfnd@physx@@3T__m128@@B 0000000180034940     MeshBuilder.obj
 0003:00000950       ?minFError@_VecMathTests@aos@shdfnd@physx@@3T__m128@@B 0000000180034950     MeshBuilder.obj
 0003:00000960       ?maxV4Error@_VecMathTests@aos@shdfnd@physx@@3T__m128@@B 0000000180034960     MeshBuilder.obj
 0003:00000970       ?minV4Error@_VecMathTests@aos@shdfnd@physx@@3T__m128@@B 0000000180034970     MeshBuilder.obj
 0003:00000980       ?minV3Error@_VecMathTests@aos@shdfnd@physx@@3T__m128@@B 0000000180034980     MeshBuilder.obj
 0003:00000990       ?maxFError@_VecMathTests@aos@shdfnd@physx@@3T__m128@@B 0000000180034990     MeshBuilder.obj
 0003:000009a0       ?maxV3Error@_VecMathTests@aos@shdfnd@physx@@3T__m128@@B 00000001800349a0     TriangleMeshBuilder.obj
 0003:000009b0       ?minFError@_VecMathTests@aos@shdfnd@physx@@3T__m128@@B 00000001800349b0     TriangleMeshBuilder.obj
 0003:000009c0       ?maxV4Error@_VecMathTests@aos@shdfnd@physx@@3T__m128@@B 00000001800349c0     TriangleMeshBuilder.obj
 0003:000009d0       ?minV4Error@_VecMathTests@aos@shdfnd@physx@@3T__m128@@B 00000001800349d0     TriangleMeshBuilder.obj
 0003:000009e0       ?minV3Error@_VecMathTests@aos@shdfnd@physx@@3T__m128@@B 00000001800349e0     TriangleMeshBuilder.obj
 0003:000009f0       ?maxFError@_VecMathTests@aos@shdfnd@physx@@3T__m128@@B 00000001800349f0     TriangleMeshBuilder.obj
 0003:00000a00       ?maxV3Error@_VecMathTests@aos@shdfnd@physx@@3T__m128@@B 0000000180034a00     BigConvexDataBuilder.obj
 0003:00000a10       ?minFError@_VecMathTests@aos@shdfnd@physx@@3T__m128@@B 0000000180034a10     BigConvexDataBuilder.obj
 0003:00000a20       ?maxV4Error@_VecMathTests@aos@shdfnd@physx@@3T__m128@@B 0000000180034a20     BigConvexDataBuilder.obj
 0003:00000a30       ?minV4Error@_VecMathTests@aos@shdfnd@physx@@3T__m128@@B 0000000180034a30     BigConvexDataBuilder.obj
 0003:00000a40       ?minV3Error@_VecMathTests@aos@shdfnd@physx@@3T__m128@@B 0000000180034a40     BigConvexDataBuilder.obj
 0003:00000a50       ?maxFError@_VecMathTests@aos@shdfnd@physx@@3T__m128@@B 0000000180034a50     BigConvexDataBuilder.obj
 0003:00000a60       ?maxV3Error@_VecMathTests@aos@shdfnd@physx@@3T__m128@@B 0000000180034a60     ConvexHullBuilder.obj
 0003:00000a70       ?minFError@_VecMathTests@aos@shdfnd@physx@@3T__m128@@B 0000000180034a70     ConvexHullBuilder.obj
 0003:00000a80       ?maxV4Error@_VecMathTests@aos@shdfnd@physx@@3T__m128@@B 0000000180034a80     ConvexHullBuilder.obj
 0003:00000a90       ?minV4Error@_VecMathTests@aos@shdfnd@physx@@3T__m128@@B 0000000180034a90     ConvexHullBuilder.obj
 0003:00000aa0       ?minV3Error@_VecMathTests@aos@shdfnd@physx@@3T__m128@@B 0000000180034aa0     ConvexHullBuilder.obj
 0003:00000ab0       ?maxFError@_VecMathTests@aos@shdfnd@physx@@3T__m128@@B 0000000180034ab0     ConvexHullBuilder.obj
 0003:00000ac0       ?maxV3Error@_VecMathTests@aos@shdfnd@physx@@3T__m128@@B 0000000180034ac0     ConvexHullUtils.obj
 0003:00000ad0       ?minFError@_VecMathTests@aos@shdfnd@physx@@3T__m128@@B 0000000180034ad0     ConvexHullUtils.obj
 0003:00000ae0       ?maxV4Error@_VecMathTests@aos@shdfnd@physx@@3T__m128@@B 0000000180034ae0     ConvexHullUtils.obj
 0003:00000af0       ?minV4Error@_VecMathTests@aos@shdfnd@physx@@3T__m128@@B 0000000180034af0     ConvexHullUtils.obj
 0003:00000b00       ?minV3Error@_VecMathTests@aos@shdfnd@physx@@3T__m128@@B 0000000180034b00     ConvexHullUtils.obj
 0003:00000b10       ?maxFError@_VecMathTests@aos@shdfnd@physx@@3T__m128@@B 0000000180034b10     ConvexHullUtils.obj
 0003:00000b20       ?maxV3Error@_VecMathTests@aos@shdfnd@physx@@3T__m128@@B 0000000180034b20     ConvexMeshBuilder.obj
 0003:00000b30       ?minFError@_VecMathTests@aos@shdfnd@physx@@3T__m128@@B 0000000180034b30     ConvexMeshBuilder.obj
 0003:00000b40       ?maxV4Error@_VecMathTests@aos@shdfnd@physx@@3T__m128@@B 0000000180034b40     ConvexMeshBuilder.obj
 0003:00000b50       ?minV4Error@_VecMathTests@aos@shdfnd@physx@@3T__m128@@B 0000000180034b50     ConvexMeshBuilder.obj
 0003:00000b60       ?minV3Error@_VecMathTests@aos@shdfnd@physx@@3T__m128@@B 0000000180034b60     ConvexMeshBuilder.obj
 0003:00000b70       ?maxFError@_VecMathTests@aos@shdfnd@physx@@3T__m128@@B 0000000180034b70     ConvexMeshBuilder.obj
 0003:00000b80       ?maxV3Error@_VecMathTests@aos@shdfnd@physx@@3T__m128@@B 0000000180034b80     VolumeIntegration.obj
 0003:00000b90       ?minFError@_VecMathTests@aos@shdfnd@physx@@3T__m128@@B 0000000180034b90     VolumeIntegration.obj
 0003:00000ba0       ?maxV4Error@_VecMathTests@aos@shdfnd@physx@@3T__m128@@B 0000000180034ba0     VolumeIntegration.obj
 0003:00000bb0       ?minV4Error@_VecMathTests@aos@shdfnd@physx@@3T__m128@@B 0000000180034bb0     VolumeIntegration.obj
 0003:00000bc0       ?minV3Error@_VecMathTests@aos@shdfnd@physx@@3T__m128@@B 0000000180034bc0     VolumeIntegration.obj
 0003:00000bd0       ?maxFError@_VecMathTests@aos@shdfnd@physx@@3T__m128@@B 0000000180034bd0     VolumeIntegration.obj
 0003:00000be0       ?gCookingDelayLoadHook@@3PEBVPxDelayLoadHook@physx@@EB 0000000180034be0     WindowsCookingDelayLoadHook.obj
 0003:00000c40       ?__proc_attached@@3HA      0000000180034c40     MSVCRT:dll_dllmain.obj
 0003:00000c70       ?is_initialized_as_dll@@3_NA 0000000180034c70     MSVCRT:utility.obj
 0003:00000c71       ?module_local_atexit_table_initialized@@3_NA 0000000180034c71     MSVCRT:utility.obj
 0003:00000c78       ?module_local_atexit_table@@3U_onexit_table_t@@A 0000000180034c78     MSVCRT:utility.obj
 0003:00000c90       ?module_local_at_quick_exit_table@@3U_onexit_table_t@@A 0000000180034c90     MSVCRT:utility.obj
 0005:00000000       _2il0floatpacket$19        0000000180037000     MSVCRT:svml_ssinf4_sse2.obj
 0005:00002200       _vmlsSinHATab              0000000180039200     MSVCRT:svml_s_sin_cout.obj
 0006:000000a0       $R000000                   000000018003a0a0     PhysXCooking.res
 0006:000003d0       $R000330                   000000018003a3d0     PhysXCooking.res
