 PhysXCommon_64

 Timestamp is 6a1a45ab (Sat May 30 11:04:27 2026)

 Preferred load address is 0000000180000000

 Start         Length     Name                   Class
 0001:00000000 000029e0H .text$di                CODE
 0001:000029e0 0011c210H .text$mn                CODE
 0001:0011ebf0 00000036H .text$mn$00             CODE
 0001:0011ec26 00000092H .text$x                 CODE
 0002:00000000 00000188H .idata$5                DATA
 0002:00000188 00000038H .00cfg                  DATA
 0002:000001c0 00000008H .CRT$XCA                DATA
 0002:000001c8 00001428H .CRT$XCU                DATA
 0002:000015f0 00000008H .CRT$XCZ                DATA
 0002:000015f8 00000008H .CRT$XIA                DATA
 0002:00001600 00000008H .CRT$XIZ                DATA
 0002:00001608 00000008H .CRT$XPA                DATA
 0002:00001610 00000008H .CRT$XPZ                DATA
 0002:00001618 00000008H .CRT$XTA                DATA
 0002:00001620 00000010H .CRT$XTZ                DATA
 0002:00001628 00000000H .gehcont$y              DATA
 0002:00001628 00000000H .gfids$y                DATA
 0002:00001630 000043d0H .rdata                  DATA
 0002:00005a00 00000000H .rdata$CastGuardVftablesA DATA
 0002:00005a00 00000000H .rdata$CastGuardVftablesC DATA
 0002:00005a00 00000074H .rdata$r                DATA
 0002:00005a74 00000118H .rdata$voltmd           DATA
 0002:00005b8c 000003dcH .rdata$zzzdbg           DATA
 0002:00005f68 00000008H .rtc$IAA                DATA
 0002:00005f70 00000008H .rtc$IZZ                DATA
 0002:00005f78 00000008H .rtc$TAA                DATA
 0002:00005f80 00000008H .rtc$TZZ                DATA
 0002:00005f88 0000b398H .xdata                  DATA
 0002:00011320 00000020H .didat$2                DATA
 0002:00011340 00000020H .didat$3                DATA
 0002:00011360 00000088H .didat$4                DATA
 0002:000113e8 00000318H .didat$6                DATA
 0002:00011700 000001a0H .didat$7                DATA
 0002:000118a0 0000a0dcH .edata                  DATA
 0002:0001b97c 00000078H .idata$2                DATA
 0002:0001b9f4 00000014H .idata$3                DATA
 0002:0001ba08 00000188H .idata$4                DATA
 0002:0001bb90 000003daH .idata$6                DATA
 0003:00000000 00000ae0H .data                   DATA
 0003:00000ae0 00000578H .data$r                 DATA
 0003:00001058 00000020H .data$rs                DATA
 0003:00001078 00000088H .didat$5                DATA
 0003:00001100 000029a8H .bss                    DATA
 0004:00000000 00005964H .pdata                  DATA
 0005:00000000 00002208H _RDATA                  DATA
 0006:00000000 000000a0H .rsrc$01                DATA
 0006:000000a0 000004b0H .rsrc$02                DATA

  Address         Publics by Value              Rva+Base               Lib:Object

 0000:00000000       __AbsoluteZero             0000000000000000     <absolute>
 0000:00000000       ___safe_se_handler_count   0000000000000000     <absolute>
 0000:00000000       ___safe_se_handler_table   0000000000000000     <absolute>
 0000:00000000       __arm64x_extra_rfe_table   0000000000000000     <absolute>
 0000:00000000       __arm64x_extra_rfe_table_size 0000000000000000     <absolute>
 0000:00000000       __arm64x_native_entrypoint 0000000000000000     <absolute>
 0000:00000000       __arm64x_redirection_metadata 0000000000000000     <absolute>
 0000:00000000       __arm64x_redirection_metadata_count 0000000000000000     <absolute>
 0000:00000000       __dynamic_value_reloc_table 0000000000000000     <absolute>
 0000:00000000       __enclave_config           0000000000000000     <absolute>
 0000:00000000       __guard_check_icall_a64n_fptr 0000000000000000     <absolute>
 0000:00000000       __guard_eh_cont_count      0000000000000000     <absolute>
 0000:00000000       __guard_eh_cont_table      0000000000000000     <absolute>
 0000:00000000       __guard_fids_count         0000000000000000     <absolute>
 0000:00000000       __guard_fids_table         0000000000000000     <absolute>
 0000:00000000       __guard_iat_count          0000000000000000     <absolute>
 0000:00000000       __guard_iat_table          0000000000000000     <absolute>
 0000:00000000       __guard_longjmp_count      0000000000000000     <absolute>
 0000:00000000       __guard_longjmp_table      0000000000000000     <absolute>
 0000:00000000       __hybrid_auxiliary_delayload_iat 0000000000000000     <absolute>
 0000:00000000       __hybrid_auxiliary_delayload_iat_copy 0000000000000000     <absolute>
 0000:00000000       __hybrid_auxiliary_iat     0000000000000000     <absolute>
 0000:00000000       __hybrid_auxiliary_iat_copy 0000000000000000     <absolute>
 0000:00000000       __hybrid_code_map          0000000000000000     <absolute>
 0000:00000000       __hybrid_code_map_count    0000000000000000     <absolute>
 0000:00000000       __hybrid_image_info_bitfield 0000000000000000     <absolute>
 0000:00000000       __x64_code_ranges_to_entry_points 0000000000000000     <absolute>
 0000:00000000       __x64_code_ranges_to_entry_points_count 0000000000000000     <absolute>
 0000:00000100       __guard_flags              0000000000000100     <absolute>
 0000:00000000       __ImageBase                0000000180000000     <linker-defined>
 0001:000029e0       ??_ECollection@Cm@physx@@UEAAPEAXI@Z 00000001800039e0 f i CmCollection.obj
 0001:000029e0       ??_GCollection@Cm@physx@@UEAAPEAXI@Z 00000001800039e0 f i CmCollection.obj
 0001:00002a90       ??_EPxCollection@physx@@MEAAPEAXI@Z 0000000180003a90 f i CmCollection.obj
 0001:00002a90       ??_GPxCollection@physx@@MEAAPEAXI@Z 0000000180003a90 f i CmCollection.obj
 0001:00002ac0       ?PxCreateCollection@@YAPEAVPxCollection@physx@@XZ 0000000180003ac0 f   CmCollection.obj
 0001:00002bc0       ?add@Collection@Cm@physx@@UEAAXAEAVPxBase@3@_K@Z 0000000180003bc0 f   CmCollection.obj
 0001:00002cb0       ?add@Collection@Cm@physx@@UEAAXAEAVPxCollection@3@@Z 0000000180003cb0 f   CmCollection.obj
 0001:00002e50       ?addId@Collection@Cm@physx@@UEAAXAEAVPxBase@3@_K@Z 0000000180003e50 f   CmCollection.obj
 0001:00002f80       ?contains@Collection@Cm@physx@@UEBA_NAEAVPxBase@3@@Z 0000000180003f80 f   CmCollection.obj
 0001:00003030       ?create@?$HashBase@V?$Pair@$$CB_KPEAVPxBase@physx@@@shdfnd@physx@@_KU?$Hash@_K@23@UGetKey@?$HashMapBase@_KPEAVPxBase@physx@@U?$Hash@_K@shdfnd@2@VNonTrackingAllocator@42@@internal@23@VNonTrackingAllocator@23@$00@internal@shdfnd@physx@@QEAAPEAV?$Pair@$$CB_KPEAVPxBase@physx@@@34@AEB_KAEA_N@Z 0000000180004030 f i CmCollection.obj
 0001:00003030       ?create@?$HashBase@V?$Pair@QEAVPxBase@physx@@_K@shdfnd@physx@@PEAVPxBase@3@U?$Hash@PEAVPxBase@physx@@@23@UGetKey@?$HashMapBase@PEAVPxBase@physx@@_KU?$Hash@PEAVPxBase@physx@@@shdfnd@2@VNonTrackingAllocator@42@@internal@23@VNonTrackingAllocator@23@$00@internal@shdfnd@physx@@QEAAPEAV?$Pair@QEAVPxBase@physx@@_K@34@AEBQEAVPxBase@4@AEA_N@Z 0000000180004030 f i CmCollection.obj
 0001:000031c0       ?erase@?$HashBase@V?$Pair@$$CB_KPEAVPxBase@physx@@@shdfnd@physx@@_KU?$Hash@_K@23@UGetKey@?$HashMapBase@_KPEAVPxBase@physx@@U?$Hash@_K@shdfnd@2@VNonTrackingAllocator@42@@internal@23@VNonTrackingAllocator@23@$00@internal@shdfnd@physx@@QEAA_NAEB_K@Z 00000001800041c0 f i CmCollection.obj
 0001:000031c0       ?erase@?$HashBase@V?$Pair@QEAVPxBase@physx@@_K@shdfnd@physx@@PEAVPxBase@3@U?$Hash@PEAVPxBase@physx@@@23@UGetKey@?$HashMapBase@PEAVPxBase@physx@@_KU?$Hash@PEAVPxBase@physx@@@shdfnd@2@VNonTrackingAllocator@42@@internal@23@VNonTrackingAllocator@23@$00@internal@shdfnd@physx@@QEAA_NAEBQEAVPxBase@4@@Z 00000001800041c0 f i CmCollection.obj
 0001:00003360       ?find@?$HashMapBase@_KPEAVPxBase@physx@@U?$Hash@_K@shdfnd@2@VNonTrackingAllocator@42@@internal@shdfnd@physx@@QEBAPEBV?$Pair@$$CB_KPEAVPxBase@physx@@@34@AEB_K@Z 0000000180004360 f i CmCollection.obj
 0001:00003400       ?find@Collection@Cm@physx@@UEBAPEAVPxBase@3@_K@Z 0000000180004400 f   CmCollection.obj
 0001:00003430       ?getId@Collection@Cm@physx@@UEBA_KAEBVPxBase@3@@Z 0000000180004430 f   CmCollection.obj
 0001:000034e0       ?getIds@Collection@Cm@physx@@UEBAIPEA_KII@Z 00000001800044e0 f   CmCollection.obj
 0001:000035b0       ?getNbColumns@HeightField@Gu@physx@@UEBAIXZ 00000001800045b0 f   GuBounds.obj
 0001:000035b0       ?getNbIds@Collection@Cm@physx@@UEBAIXZ 00000001800045b0 f   CmCollection.obj
 0001:000035c0       ?getNbObjects@Collection@Cm@physx@@UEBAIXZ 00000001800045c0 f   CmCollection.obj
 0001:000035d0       ?getObject@Collection@Cm@physx@@UEBAAEAVPxBase@3@I@Z 00000001800045d0 f   CmCollection.obj
 0001:000035e0       ?getObjects@Collection@Cm@physx@@UEBAIPEAPEAVPxBase@3@II@Z 00000001800045e0 f   CmCollection.obj
 0001:00003620       ?release@Collection@Cm@physx@@UEAAXXZ 0000000180004620 f i CmCollection.obj
 0001:00003640       ?remove@Collection@Cm@physx@@UEAAXAEAVPxBase@3@@Z 0000000180004640 f   CmCollection.obj
 0001:00003730       ?remove@Collection@Cm@physx@@UEAAXAEAVPxCollection@3@@Z 0000000180004730 f   CmCollection.obj
 0001:00003840       ?removeId@Collection@Cm@physx@@UEAAX_K@Z 0000000180004840 f   CmCollection.obj
 0001:000038c0       ?reserveInternal@?$HashBase@V?$Pair@$$CB_KPEAVPxBase@physx@@@shdfnd@physx@@_KU?$Hash@_K@23@UGetKey@?$HashMapBase@_KPEAVPxBase@physx@@U?$Hash@_K@shdfnd@2@VNonTrackingAllocator@42@@internal@23@VNonTrackingAllocator@23@$00@internal@shdfnd@physx@@AEAAXI@Z 00000001800048c0 f i CmCollection.obj
 0001:000038c0       ?reserveInternal@?$HashBase@V?$Pair@QEAVPxBase@physx@@_K@shdfnd@physx@@PEAVPxBase@3@U?$Hash@PEAVPxBase@physx@@@23@UGetKey@?$HashMapBase@PEAVPxBase@physx@@_KU?$Hash@PEAVPxBase@physx@@@shdfnd@2@VNonTrackingAllocator@42@@internal@23@VNonTrackingAllocator@23@$00@internal@shdfnd@physx@@AEAAXI@Z 00000001800048c0 f i CmCollection.obj
 0001:00003aa0       ??0PtrTable@Cm@physx@@QEAA@W4PxEMPTY@2@@Z 0000000180004aa0 f i CmPtrTable.obj
 0001:00003ac0       ??0PtrTable@Cm@physx@@QEAA@XZ 0000000180004ac0 f   CmPtrTable.obj
 0001:00003ad0       ??1AABBTreeBuildNode@Gu@physx@@QEAA@XZ 0000000180004ad0 f   GuAABBTreeBuild.obj
 0001:00003ad0       ??1Box@Gu@physx@@QEAA@XZ   0000000180004ad0 f   GuBounds.obj
 0001:00003ad0       ??1HeightFieldData@Gu@physx@@QEAA@XZ 0000000180004ad0 f   GuBounds.obj
 0001:00003ad0       ??1MaterialIndicesStruct@physx@@QEAA@XZ 0000000180004ad0 f   GuGeometryUnion.obj
 0001:00003ad0       ??1PtrTable@Cm@physx@@QEAA@XZ 0000000180004ad0 f   CmPtrTable.obj
 0001:00003ad0       ?profile@Callback@RTree@Gu@physx@@UEAAXXZ 0000000180004ad0 f   GuMidphaseRTree.obj
 0001:00003ad0       ?requiresObjects@ConvexMesh@Gu@physx@@UEAAXAEAVPxProcessPxBaseCallback@3@@Z 0000000180004ad0 f   GuConvexMesh.obj
 0001:00003ad0       ?requiresObjects@HeightField@Gu@physx@@UEAAXAEAVPxProcessPxBaseCallback@3@@Z 0000000180004ad0 f   GuHeightField.obj
 0001:00003ad0       ?requiresObjects@TriangleMesh@Gu@physx@@UEAAXAEAVPxProcessPxBaseCallback@3@@Z 0000000180004ad0 f   GuTriangleMesh.obj
 0001:00003ad0       _guard_check_icall_nop     0000000180004ad0 f   MSVCRT:guard_support.obj
 0001:00003ae0       ??4CmModuleUpdateLoader@Cm@physx@@QEAAAEAV012@AEBV012@@Z 0000000180004ae0 f i CmWindowsModuleUpdateLoader.obj
 0001:00003ae0       ??4MaterialIndicesStruct@physx@@QEAAAEAU01@AEBU01@@Z 0000000180004ae0 f i GuGeometryUnion.obj
 0001:00003ae0       ??4PtrTable@Cm@physx@@QEAAAEAU012@AEBU012@@Z 0000000180004ae0 f i CmPtrTable.obj
 0001:00003af0       ?add@PtrTable@Cm@physx@@QEAAXPEAXAEAVPtrTableStorageManager@23@@Z 0000000180004af0 f   CmPtrTable.obj
 0001:00003bb0       ?clear@PtrTable@Cm@physx@@QEAAXAEAVPtrTableStorageManager@23@@Z 0000000180004bb0 f   CmPtrTable.obj
 0001:00003c30       ?exportExtraData@PtrTable@Cm@physx@@QEAAXAEAVPxSerializationContext@3@@Z 0000000180004c30 f   CmPtrTable.obj
 0001:00003c80       ?find@PtrTable@Cm@physx@@QEBAIPEBX@Z 0000000180004c80 f   CmPtrTable.obj
 0001:00003cb0       ?getBinaryMetaData@PtrTable@Cm@physx@@SAXAEAVPxOutputStream@3@@Z 0000000180004cb0 f   CmPtrTable.obj
 0001:00003e70       ?getCount@PtrTable@Cm@physx@@QEBAIXZ 0000000180004e70 f i CmPtrTable.obj
 0001:00003e80       ?getPtrs@PtrTable@Cm@physx@@QEAAPEAPEAXXZ 0000000180004e80 f i CmPtrTable.obj
 0001:00003e80       ?getPtrs@PtrTable@Cm@physx@@QEBAPEBQEAXXZ 0000000180004e80 f i CmPtrTable.obj
 0001:00003e90       ?importExtraData@PtrTable@Cm@physx@@QEAAXAEAVPxDeserializationContext@3@@Z 0000000180004e90 f   CmPtrTable.obj
 0001:00003ec0       ?realloc@PtrTable@Cm@physx@@AEAAXIIAEAVPtrTableStorageManager@23@@Z 0000000180004ec0 f   CmPtrTable.obj
 0001:00003f50       ?replaceWithLast@PtrTable@Cm@physx@@QEAAXIAEAVPtrTableStorageManager@23@@Z 0000000180004f50 f   CmPtrTable.obj
 0001:00004050       ??0RadixSort@Cm@physx@@QEAA@XZ 0000000180005050 f   CmRadixSort.obj
 0001:00004080       ??1RadixSort@Cm@physx@@UEAA@XZ 0000000180005080 f   CmRadixSort.obj
 0001:00004090       ??_ERadixSort@Cm@physx@@UEAAPEAXI@Z 0000000180005090 f i CmRadixSort.obj
 0001:00004120       ?GetNbHits@RadixSort@Cm@physx@@QEBAIXZ 0000000180005120 f i CmRadixSort.obj
 0001:00004130       ?GetNbTotalCalls@RadixSort@Cm@physx@@QEBAIXZ 0000000180005130 f i CmRadixSort.obj
 0001:00004140       ?GetRanks@RadixSort@Cm@physx@@QEBAPEBIXZ 0000000180005140 f i CmRadixSort.obj
 0001:00004140       ?getHeightField@HeightFieldUtil@Gu@physx@@QEBAAEBVHeightField@23@XZ 0000000180005140 f i GuCCTSweepTests.obj
 0001:00004150       ?GetRecyclable@RadixSort@Cm@physx@@QEBAPEAIXZ 0000000180005150 f i CmRadixSort.obj
 0001:00004150       ?GetValencies@BigConvexData@physx@@QEBAPEBUValency@Gu@2@XZ 0000000180005150 f i GuMetaData.obj
 0001:00004150       ?getHeightFieldGeometry@HeightFieldUtil@Gu@physx@@QEBAAEBVPxHeightFieldGeometry@3@XZ 0000000180005150 f i GuCCTSweepTests.obj
 0001:00004150       ?getPos@AABBTreeBuildNode@Gu@physx@@QEBAPEBV123@XZ 0000000180005150 f i GuAABBTreeBuild.obj
 0001:00004160       ?SetBuffers@RadixSort@Cm@physx@@QEAA_NPEAI00PEAPEAI@Z 0000000180005160 f   CmRadixSort.obj
 0001:000041a0       ?Sort@RadixSort@Cm@physx@@QEAAAEAV123@PEBIIW4RadixHint@23@@Z 00000001800051a0 f   CmRadixSort.obj
 0001:00004850       ?Sort@RadixSort@Cm@physx@@QEAAAEAV123@PEBMI@Z 0000000180005850 f   CmRadixSort.obj
 0001:00004fe0       ?invalidateRanks@RadixSort@Cm@physx@@QEAAXXZ 0000000180005fe0 f i CmRadixSort.obj
 0001:00004ff0       ??0RadixSortBuffered@Cm@physx@@QEAA@XZ 0000000180005ff0 f   CmRadixSortBuffered.obj
 0001:00005020       ??1RadixSortBuffered@Cm@physx@@UEAA@XZ 0000000180006020 f   CmRadixSortBuffered.obj
 0001:00005050       ??_ERadixSortBuffered@Cm@physx@@UEAAPEAXI@Z 0000000180006050 f i CmRadixSortBuffered.obj
 0001:00005120       ?CheckResize@RadixSortBuffered@Cm@physx@@AEAAXI@Z 0000000180006120 f i CmRadixSortBuffered.obj
 0001:00005160       ?Resize@RadixSortBuffered@Cm@physx@@AEAA_NI@Z 0000000180006160 f   CmRadixSortBuffered.obj
 0001:00005250       ?Sort@RadixSortBuffered@Cm@physx@@QEAAAEAV123@PEBIIW4RadixHint@23@@Z 0000000180006250 f   CmRadixSortBuffered.obj
 0001:000052f0       ?Sort@RadixSortBuffered@Cm@physx@@QEAAAEAV123@PEBMI@Z 00000001800062f0 f   CmRadixSortBuffered.obj
 0001:00005380       ?reset@RadixSortBuffered@Cm@physx@@QEAAXXZ 0000000180006380 f   CmRadixSortBuffered.obj
 0001:00005400       ??0DebugText@Cm@physx@@QEAA@$$QEAU012@@Z 0000000180006400 f i CmRenderOutput.obj
 0001:00005400       ??0DebugText@Cm@physx@@QEAA@AEBU012@@Z 0000000180006400 f i CmRenderOutput.obj
 0001:000054e0       ??0DebugText@Cm@physx@@QEAA@AEBVPxVec3@2@MPEBDZZ 00000001800064e0 f   CmRenderOutput.obj
 0001:00005540       ??0RenderOutput@Cm@physx@@QEAA@AEAVRenderBuffer@12@@Z 0000000180006540 f i CmRenderOutput.obj
 0001:00005590       ??0RenderOutput@Cm@physx@@QEAA@AEBV012@@Z 0000000180006590 f i CmRenderOutput.obj
 0001:00005630       ??4DebugText@Cm@physx@@QEAAAEAU012@$$QEAU012@@Z 0000000180006630 f i CmRenderOutput.obj
 0001:00005630       ??4DebugText@Cm@physx@@QEAAAEAU012@AEBU012@@Z 0000000180006630 f i CmRenderOutput.obj
 0001:00005760       ??6Cm@physx@@YAAEAVRenderOutput@01@AEAV201@AEBUDebugArc@01@@Z 0000000180006760 f   CmRenderOutput.obj
 0001:00005860       ??6Cm@physx@@YAAEAVRenderOutput@01@AEAV201@AEBUDebugArrow@01@@Z 0000000180006860 f   CmRenderOutput.obj
 0001:00005c50       ??6Cm@physx@@YAAEAVRenderOutput@01@AEAV201@AEBUDebugBasis@01@@Z 0000000180006c50 f   CmRenderOutput.obj
 0001:00005d50       ??6Cm@physx@@YAAEAVRenderOutput@01@AEAV201@AEBUDebugBox@01@@Z 0000000180006d50 f   CmRenderOutput.obj
 0001:00006250       ??6Cm@physx@@YAAEAVRenderOutput@01@AEAV201@AEBUDebugCircle@01@@Z 0000000180007250 f   CmRenderOutput.obj
 0001:00006340       ??6RenderOutput@Cm@physx@@QEAAAEAV012@AEBUDebugText@12@@Z 0000000180007340 f   CmRenderOutput.obj
 0001:00006500       ??6RenderOutput@Cm@physx@@QEAAAEAV012@AEBVPxMat44@2@@Z 0000000180007500 f   CmRenderOutput.obj
 0001:00006570       ??6RenderOutput@Cm@physx@@QEAAAEAV012@AEBVPxTransform@2@@Z 0000000180007570 f   CmRenderOutput.obj
 0001:000066f0       ??6RenderOutput@Cm@physx@@QEAAAEAV012@I@Z 00000001800076f0 f   CmRenderOutput.obj
 0001:00006700       ??6RenderOutput@Cm@physx@@QEAAAEAV012@VPxVec3@2@@Z 0000000180007700 f   CmRenderOutput.obj
 0001:00006bb0       ??6RenderOutput@Cm@physx@@QEAAAEAV012@W4Primitive@012@@Z 0000000180007bb0 f   CmRenderOutput.obj
 0001:00006bc0       ?allocate@?$Array@DV?$ReflectionAllocator@D@shdfnd@physx@@@shdfnd@physx@@IEAAPEADI@Z 0000000180007bc0 f i CmRenderOutput.obj
 0001:00006c50       ?allocate@?$Array@UPxDebugLine@physx@@V?$ReflectionAllocator@UPxDebugLine@physx@@@shdfnd@2@@shdfnd@physx@@IEAAPEAUPxDebugLine@3@I@Z 0000000180007c50 f i CmRenderOutput.obj
 0001:00006cf0       ?allocate@?$Array@UPxDebugPoint@physx@@V?$ReflectionAllocator@UPxDebugPoint@physx@@@shdfnd@2@@shdfnd@physx@@IEAAPEAUPxDebugPoint@3@I@Z 0000000180007cf0 f i CmRenderOutput.obj
 0001:00006d90       ?allocate@?$Array@UPxDebugText@physx@@V?$ReflectionAllocator@UPxDebugText@physx@@@shdfnd@2@@shdfnd@physx@@IEAAPEAUPxDebugText@3@I@Z 0000000180007d90 f i CmRenderOutput.obj
 0001:00006e30       ?allocate@?$Array@UPxDebugTriangle@physx@@V?$ReflectionAllocator@UPxDebugTriangle@physx@@@shdfnd@2@@shdfnd@physx@@IEAAPEAUPxDebugTriangle@3@I@Z 0000000180007e30 f i CmRenderOutput.obj
 0001:00006ed0       ?copy@?$Array@UPxDebugLine@physx@@V?$ReflectionAllocator@UPxDebugLine@physx@@@shdfnd@2@@shdfnd@physx@@KAXPEAUPxDebugLine@3@0PEBU43@@Z 0000000180007ed0 f i CmRenderOutput.obj
 0001:00007080       ?copy@?$Array@UPxDebugPoint@physx@@V?$ReflectionAllocator@UPxDebugPoint@physx@@@shdfnd@2@@shdfnd@physx@@KAXPEAUPxDebugPoint@3@0PEBU43@@Z 0000000180008080 f i CmRenderOutput.obj
 0001:00007180       ?copy@?$Array@UPxDebugText@physx@@V?$ReflectionAllocator@UPxDebugText@physx@@@shdfnd@2@@shdfnd@physx@@KAXPEAUPxDebugText@3@0PEBU43@@Z 0000000180008180 f i CmRenderOutput.obj
 0001:000072f0       ?copy@?$Array@UPxDebugTriangle@physx@@V?$ReflectionAllocator@UPxDebugTriangle@physx@@@shdfnd@2@@shdfnd@physx@@KAXPEAUPxDebugTriangle@3@0PEBU43@@Z 00000001800082f0 f i CmRenderOutput.obj
 0001:000074f0       ?growAndPushBack@?$Array@DV?$ReflectionAllocator@D@shdfnd@physx@@@shdfnd@physx@@IEAAAEADAEBD@Z 00000001800084f0 f i CmRenderOutput.obj
 0001:000075b0       ?growAndPushBack@?$Array@UPxDebugLine@physx@@V?$ReflectionAllocator@UPxDebugLine@physx@@@shdfnd@2@@shdfnd@physx@@IEAAAEAUPxDebugLine@3@AEBU43@@Z 00000001800085b0 f i CmRenderOutput.obj
 0001:00007690       ?growAndPushBack@?$Array@UPxDebugPoint@physx@@V?$ReflectionAllocator@UPxDebugPoint@physx@@@shdfnd@2@@shdfnd@physx@@IEAAAEAUPxDebugPoint@3@AEBU43@@Z 0000000180008690 f i CmRenderOutput.obj
 0001:00007750       ?growAndPushBack@?$Array@UPxDebugText@physx@@V?$ReflectionAllocator@UPxDebugText@physx@@@shdfnd@2@@shdfnd@physx@@IEAAAEAUPxDebugText@3@AEBU43@@Z 0000000180008750 f i CmRenderOutput.obj
 0001:00007820       ?growAndPushBack@?$Array@UPxDebugTriangle@physx@@V?$ReflectionAllocator@UPxDebugTriangle@physx@@@shdfnd@2@@shdfnd@physx@@IEAAAEAUPxDebugTriangle@3@AEBU43@@Z 0000000180008820 f i CmRenderOutput.obj
 0001:00007920       ?outputCapsule@RenderOutput@Cm@physx@@QEAAAEAV123@MMAEBVPxMat44@3@@Z 0000000180008920 f   CmRenderOutput.obj
 0001:00008370       ?outputSegment@RenderOutput@Cm@physx@@QEAAXAEBVPxVec3@3@0@Z 0000000180009370 f i CmRenderOutput.obj
 0001:00008430       ?recreate@?$Array@DV?$ReflectionAllocator@D@shdfnd@physx@@@shdfnd@physx@@IEAAXI@Z 0000000180009430 f i CmRenderOutput.obj
 0001:000084d0       ?recreate@?$Array@UPxDebugLine@physx@@V?$ReflectionAllocator@UPxDebugLine@physx@@@shdfnd@2@@shdfnd@physx@@IEAAXI@Z 00000001800094d0 f i CmRenderOutput.obj
 0001:00008550       ?reserveSegments@RenderOutput@Cm@physx@@QEAAPEAUPxDebugLine@3@I@Z 0000000180009550 f i CmRenderOutput.obj
 0001:000085b0       ?transform@PxMat44@physx@@QEBA?BVPxVec4@2@AEBV32@@Z 00000001800095b0 f i CmRenderOutput.obj
 0001:000086e0       ??DPxQuat@physx@@QEBA?AV01@AEBV01@@Z 00000001800096e0 f i CmVisualization.obj
 0001:00008820       ?visualizeAngularLimit@Cm@physx@@YAXAEAVRenderOutput@12@MAEBVPxTransform@2@MM_N@Z 0000000180009820 f   CmVisualization.obj
 0001:000089e0       ?visualizeDoubleCone@Cm@physx@@YAXAEAVRenderOutput@12@MAEBVPxTransform@2@M_N@Z 00000001800099e0 f   CmVisualization.obj
 0001:00008c40       ?visualizeJointFrames@Cm@physx@@YAXAEAVRenderOutput@12@MAEBVPxTransform@2@1@Z 0000000180009c40 f   CmVisualization.obj
 0001:00008d00       ?visualizeLimitCone@Cm@physx@@YAXAEAVRenderOutput@12@MAEBVPxTransform@2@MM_N@Z 0000000180009d00 f   CmVisualization.obj
 0001:00008f90       ?visualizeLinearLimit@Cm@physx@@YAXAEAVRenderOutput@12@MAEBVPxTransform@2@1M_N@Z 0000000180009f90 f   CmVisualization.obj
 0001:00009210       ??0CmModuleUpdateLoader@Cm@physx@@QEAA@PEBD@Z 000000018000a210 f   CmWindowsModuleUpdateLoader.obj
 0001:00009250       ??1CmModuleUpdateLoader@Cm@physx@@QEAA@XZ 000000018000a250 f   CmWindowsModuleUpdateLoader.obj
 0001:00009280       ?LoadModule@CmModuleUpdateLoader@Cm@physx@@QEAAPEAUHINSTANCE__@@PEBD0@Z 000000018000a280 f   CmWindowsModuleUpdateLoader.obj
 0001:000092a0       ?commonDelayHook@@YAP6A_JXZIPEAUDelayLoadInfo@@@Z 000000018000a2a0 f   CmWindowsDelayLoadHook.obj
 0001:00009380       PxSetPhysXCommonDelayLoadHook 000000018000a380 f   CmWindowsDelayLoadHook.obj
 0001:00009390       ??0Box@Gu@physx@@QEAA@AEBV012@@Z 000000018000a390 f i GuBounds.obj
 0001:00009390       ??4Box@Gu@physx@@QEAAAEBV012@AEBV012@@Z 000000018000a390 f i GuBounds.obj
 0001:000093f0       ??0Box@Gu@physx@@QEAA@AEBVPxVec3@2@0AEBVPxMat33@2@@Z 000000018000a3f0 f i GuBounds.obj
 0001:00009460       ??0AABBTreeBuildNode@Gu@physx@@QEAA@XZ 000000018000a460 f i GuAABBTreeBuild.obj
 0001:00009460       ??0BigConvexData@physx@@QEAA@W4PxEMPTY@1@@Z 000000018000a460 f i GuMetaData.obj
 0001:00009460       ??0Box@Gu@physx@@QEAA@XZ   000000018000a460 f i GuBounds.obj
 0001:00009460       ??0GeometryUnion@Gu@physx@@QEAA@W4PxEMPTY@2@@Z 000000018000a460 f i GuGeometryUnion.obj
 0001:00009460       ??0HeightFieldData@Gu@physx@@QEAA@W4PxEMPTY@2@@Z 000000018000a460 f i GuBounds.obj
 0001:00009460       ??0MaterialIndicesStruct@physx@@QEAA@W4PxEMPTY@1@@Z 000000018000a460 f i GuGeometryUnion.obj
 0001:00009460       ?getAABB@AABBTreeBuildNode@Gu@physx@@QEBAAEBVPxBounds3@3@XZ 000000018000a460 f i GuAABBTreeBuild.obj
 0001:00009460       ?getGeometry@GeometryUnion@Gu@physx@@QEBAAEBVPxGeometry@3@XZ 000000018000a460 f i GuGeometryUnion.obj
 0001:00009460       ?getPaddedBounds@HeightFieldData@Gu@physx@@QEBAAEBVCenterExtentsPadded@23@XZ 000000018000a460 f i GuBounds.obj
 0001:00009470       ??0HeightFieldData@Gu@physx@@QEAA@$$QEAU012@@Z 000000018000a470 f i GuBounds.obj
 0001:00009470       ??0HeightFieldData@Gu@physx@@QEAA@AEBU012@@Z 000000018000a470 f i GuBounds.obj
 0001:00009470       ??4HeightFieldData@Gu@physx@@QEAAAEAU012@$$QEAU012@@Z 000000018000a470 f i GuBounds.obj
 0001:00009470       ??4HeightFieldData@Gu@physx@@QEAAAEAU012@AEBU012@@Z 000000018000a470 f i GuBounds.obj
 0001:000094d0       ??0HeightFieldData@Gu@physx@@QEAA@XZ 000000018000a4d0 f i GuBounds.obj
 0001:000094e0       ??0PxQuat@physx@@QEAA@AEBVPxMat33@1@@Z 000000018000a4e0 f i GuBounds.obj
 0001:000096f0       ??0ShapeData@Gu@physx@@QEAA@AEBVPxGeometry@2@AEBVPxTransform@2@M@Z 000000018000a6f0 f   GuBounds.obj
 0001:00009c50       ??1PxConvexMesh@physx@@MEAA@XZ 000000018000ac50 f i GuBounds.obj
 0001:00009c50       ??1PxHeightField@physx@@MEAA@XZ 000000018000ac50 f i GuBounds.obj
 0001:00009c60       ??_EPxBVHStructure@physx@@MEAAPEAXI@Z 000000018000ac60 f i GuBVHStructure.obj
 0001:00009c60       ??_EPxBase@physx@@MEAAPEAXI@Z 000000018000ac60 f i GuBounds.obj
 0001:00009c60       ??_EPxTriangleMesh@physx@@MEAAPEAXI@Z 000000018000ac60 f i GuTriangleMesh.obj
 0001:00009c60       ??_GPxBVHStructure@physx@@MEAAPEAXI@Z 000000018000ac60 f i GuBVHStructure.obj
 0001:00009c60       ??_GPxBase@physx@@MEAAPEAXI@Z 000000018000ac60 f i GuBounds.obj
 0001:00009c60       ??_GPxTriangleMesh@physx@@MEAAPEAXI@Z 000000018000ac60 f i GuTriangleMesh.obj
 0001:00009c90       ??_H@YAXPEAX_K1P6APEAX0@Z@Z 000000018000ac90 f i GuBounds.obj
 0001:00009ce0       ?computeAABBExtent@Box@Gu@physx@@QEBA?AVPxVec3@3@XZ 000000018000ace0 f i GuBounds.obj
 0001:00009da0       ?computeBounds@Gu@physx@@YAXAEAVPxBounds3@2@AEBVPxGeometry@2@AEBVPxTransform@2@MPEIBVCenterExtentsPadded@12@M@Z 000000018000ada0 f   GuBounds.obj
 0001:0000a750       ?computeBoundsWithCCDThreshold@Gu@physx@@YAMAEAVVec3p@12@0AEBVPxGeometry@2@AEBVPxTransform@2@PEIBVCenterExtentsPadded@12@@Z 000000018000b750 f   GuBounds.obj
 0001:0000a920       ?computeBoxPoints@Box@Gu@physx@@QEBAXPEIAVPxVec3@3@@Z 000000018000b920 f i GuBounds.obj
 0001:0000b8d0       ?getConcreteTypeName@PxConvexMesh@physx@@UEBAPEBDXZ 000000018000c8d0 f i GuBounds.obj
 0001:0000b8e0       ?getConcreteTypeName@PxHeightField@physx@@UEBAPEBDXZ 000000018000c8e0 f i GuBounds.obj
 0001:0000b8f0       ?getConvexEdgeThreshold@HeightField@Gu@physx@@UEBAMXZ 000000018000c8f0 f i GuBounds.obj
 0001:0000b900       ?getFlags@HeightField@Gu@physx@@UEBA?AV?$PxFlags@W4Enum@PxHeightFieldFlag@physx@@G@3@XZ 000000018000c900 f i GuBounds.obj
 0001:0000b910       ?getFormat@HeightField@Gu@physx@@UEBA?AW4Enum@PxHeightFieldFormat@3@XZ 000000018000c910 f i GuBounds.obj
 0001:0000b920       ?getHeight@HeightField@Gu@physx@@UEBAMMM@Z 000000018000c920 f i GuBounds.obj
 0001:0000b960       ?getHeightInternal2@HeightField@Gu@physx@@QEBAMIMM@Z 000000018000c960 f i GuBounds.obj
 0001:0000bad0       ?getIndexBuffer@ConvexMesh@Gu@physx@@UEBAPEBEXZ 000000018000cad0 f i GuBounds.obj
 0001:0000bb10       ?getNbPolygons@ConvexMesh@Gu@physx@@UEBAIXZ 000000018000cb10 f i GuBounds.obj
 0001:0000bb20       ?getNbRows@HeightField@Gu@physx@@UEBAIXZ 000000018000cb20 f i GuBounds.obj
 0001:0000bb30       ?getNbVertices@ConvexMesh@Gu@physx@@UEBAIXZ 000000018000cb30 f i GuBounds.obj
 0001:0000bb40       ?getSample@HeightField@Gu@physx@@UEBAAEBUPxHeightFieldSample@3@II@Z 000000018000cb40 f i GuBounds.obj
 0001:0000bb50       ?getSampleStride@HeightField@Gu@physx@@UEBAIXZ 000000018000cb50 f i GuBounds.obj
 0001:0000bb60       ?getTimestamp@HeightField@Gu@physx@@UEBAIXZ 000000018000cb60 f i GuBounds.obj
 0001:0000bb70       ?getTransform@Box@Gu@physx@@QEBA?AVPxTransform@3@XZ 000000018000cb70 f i GuBounds.obj
 0001:0000bbd0       ?getTriangleMaterialIndex@HeightField@Gu@physx@@UEBAGI@Z 000000018000cbd0 f i GuBounds.obj
 0001:0000bc00       ?getTriangleNormal@HeightField@Gu@physx@@UEBA?AVPxVec3@3@I@Z 000000018000cc00 f i GuBounds.obj
 0001:0000bc20       ?getTriangleNormalInternal@HeightField@Gu@physx@@QEBA?AVPxVec3@3@I@Z 000000018000cc20 f i GuBounds.obj
 0001:0000bd70       ?getVertices@ConvexMesh@Gu@physx@@UEBAPEBVPxVec3@3@XZ 000000018000cd70 f i GuBounds.obj
 0001:0000bd90       ?isKindOf@PxBase@physx@@MEBA_NPEBD@Z 000000018000cd90 f i GuBounds.obj
 0001:0000bdc0       ?isKindOf@PxConvexMesh@physx@@MEBA_NPEBD@Z 000000018000cdc0 f i GuBounds.obj
 0001:0000be10       ?isKindOf@PxHeightField@physx@@MEBA_NPEBD@Z 000000018000ce10 f i GuBounds.obj
 0001:0000be60       ?isReleasable@PxBase@physx@@UEBA_NXZ 000000018000ce60 f i GuBounds.obj
 0001:0000be70       ?isValid@Box@Gu@physx@@QEBA_NXZ 000000018000ce70 f i GuBounds.obj
 0001:0000be90       ?preExportDataReset@ConvexMesh@Gu@physx@@QEAAXXZ 000000018000ce90 f i GuBounds.obj
 0001:0000be90       ?preExportDataReset@HeightField@Gu@physx@@QEAAXXZ 000000018000ce90 f i GuBounds.obj
 0001:0000bea0       ?rotate@Box@Gu@physx@@QEBA?AVPxVec3@3@AEBV43@@Z 000000018000cea0 f i GuBounds.obj
 0001:0000bf30       ?rotateInv@Box@Gu@physx@@QEBA?AVPxVec3@3@AEBV43@@Z 000000018000cf30 f i GuBounds.obj
 0001:0000bfc0       ?setAxes@Box@Gu@physx@@QEAAXAEBVPxVec3@3@00@Z 000000018000cfc0 f i GuBounds.obj
 0001:0000c000       ?setEmpty@Box@Gu@physx@@QEAAXXZ 000000018000d000 f i GuBounds.obj
 0001:0000c040       ?transform@Box@Gu@physx@@QEBA?AVPxVec3@3@AEBV43@@Z 000000018000d040 f i GuBounds.obj
 0001:0000c0e0       ?computeOBBPoints@Gu@physx@@YAXPEIAVPxVec3@2@AEBV32@1111@Z 000000018000d0e0 f   GuBox.obj
 0001:0000c360       ?create@Box@Gu@physx@@QEAAXAEBVCapsule@23@@Z 000000018000d360 f   GuBox.obj
 0001:0000c5a0       ?getBoxEdges@Gu@physx@@YAPEBEXZ 000000018000d5a0 f   GuBox.obj
 0001:0000c5b0       ?computeBasis@shdfnd@physx@@YAXAEBVPxVec3@2@0AEAV32@11@Z 000000018000d5b0 f i GuCapsule.obj
 0001:0000c760       ?computeBoxAroundCapsule@Gu@physx@@YAXAEBVCapsule@12@AEAVBox@12@@Z 000000018000d760 f   GuCapsule.obj
 0001:0000c8b0       ??0HeightFieldTraceUtil@Gu@physx@@QEAA@AEBVPxHeightFieldGeometry@2@@Z 000000018000d8b0 f i GuCCTSweepTests.obj
 0001:0000c8b0       ??0HeightFieldUtil@Gu@physx@@QEAA@AEBVPxHeightFieldGeometry@2@@Z 000000018000d8b0 f i GuCCTSweepTests.obj
 0001:0000c8f0       ??4HeightFieldTraceUtil@Gu@physx@@QEAAAEAV012@$$QEAV012@@Z 000000018000d8f0 f i GuCCTSweepTests.obj
 0001:0000c8f0       ??4HeightFieldTraceUtil@Gu@physx@@QEAAAEAV012@AEBV012@@Z 000000018000d8f0 f i GuCCTSweepTests.obj
 0001:0000c8f0       ??4HeightFieldUtil@Gu@physx@@QEAAAEAV012@AEBV012@@Z 000000018000d8f0 f i GuCCTSweepTests.obj
 0001:0000c910       ??4HeightFieldUtil@Gu@physx@@QEAAAEAV012@$$QEAV012@@Z 000000018000d910 f i GuCCTSweepTests.obj
 0001:0000c940       ??_E?$EntityReport@I@Gu@physx@@UEAAPEAXI@Z 000000018000d940 f i GuCCTSweepTests.obj
 0001:0000c940       ??_G?$EntityReport@I@Gu@physx@@UEAAPEAXI@Z 000000018000d940 f i GuCCTSweepTests.obj
 0001:0000c9a0       ?ceilUp@HeightFieldTraceUtil@Gu@physx@@SAMM@Z 000000018000d9a0 f i GuCCTSweepTests.obj
 0001:0000c9e0       ?computePointNormal@HeightFieldUtil@Gu@physx@@QEBA?AVPxVec3@3@IAEBV43@AEBVPxTransform@3@MMMMAEAM@Z 000000018000d9e0 f i GuCCTSweepTests.obj
 0001:0000ce00       ?floorDown@HeightFieldTraceUtil@Gu@physx@@SAMM@Z 000000018000de00 f i GuCCTSweepTests.obj
 0001:0000ce40       ?getFeatureIndex@HeightFieldUtil@Gu@physx@@SAII@Z 000000018000de40 f i GuCCTSweepTests.obj
 0001:0000ce50       ?getFeatureType@HeightFieldUtil@Gu@physx@@SA?AW4Feature@123@I@Z 000000018000de50 f i GuCCTSweepTests.obj
 0001:0000ce60       ?getHeightAtShapePoint@HeightFieldUtil@Gu@physx@@QEBAMMM@Z 000000018000de60 f i GuCCTSweepTests.obj
 0001:0000cec0       ?getNormalAtShapePoint@HeightFieldUtil@Gu@physx@@QEBA?AVPxVec3@3@MM@Z 000000018000dec0 f i GuCCTSweepTests.obj
 0001:0000cf80       ?getNormal_2@HeightField@Gu@physx@@QEBA?AVPxVec3@3@IMMMMM@Z 000000018000df80 f i GuCCTSweepTests.obj
 0001:0000d060       ?getOneOverColumnScale@HeightFieldUtil@Gu@physx@@QEBAMXZ 000000018000e060 f i GuCCTSweepTests.obj
 0001:0000d070       ?getOneOverHeightScale@HeightFieldUtil@Gu@physx@@QEBAMXZ 000000018000e070 f i GuCCTSweepTests.obj
 0001:0000d080       ?getOneOverRowScale@HeightFieldUtil@Gu@physx@@QEBAMXZ 000000018000e080 f i GuCCTSweepTests.obj
 0001:0000d090       ?getVertexNormal@HeightFieldUtil@Gu@physx@@QEBA?AVPxVec3@3@I@Z 000000018000e090 f i GuCCTSweepTests.obj
 0001:0000d0c0       ?hf2shapen@HeightFieldUtil@Gu@physx@@QEBA?AVPxVec3@3@AEBV43@@Z 000000018000e0c0 f i GuCCTSweepTests.obj
 0001:0000d0c0       ?shape2hfp@HeightFieldUtil@Gu@physx@@QEBA?AVPxVec3@3@AEBV43@@Z 000000018000e0c0 f i GuCCTSweepTests.obj
 0001:0000d100       ?hf2shapep@HeightFieldUtil@Gu@physx@@QEBA?AVPxVec3@3@AEBV43@@Z 000000018000e100 f i GuCCTSweepTests.obj
 0001:0000d140       ?hf2worldn@HeightFieldUtil@Gu@physx@@QEBA?AVPxVec3@3@AEBVPxTransform@3@AEBV43@@Z 000000018000e140 f i GuCCTSweepTests.obj
 0001:0000d2b0       ?hf2worldp@HeightFieldUtil@Gu@physx@@QEBA?AVPxVec3@3@AEBVPxTransform@3@AEBV43@@Z 000000018000e2b0 f i GuCCTSweepTests.obj
 0001:0000d430       ?isCollisionVertex@HeightFieldUtil@Gu@physx@@QEBA_NIII@Z 000000018000e430 f i GuCCTSweepTests.obj
 0001:0000d450       ?isQueryVertex@HeightFieldUtil@Gu@physx@@QEBA_NIII@Z 000000018000e450 f i GuCCTSweepTests.obj
 0001:0000d510       ?isShapePointOnHeightField@HeightFieldUtil@Gu@physx@@QEBA_NMM@Z 000000018000e510 f i GuCCTSweepTests.obj
 0001:0000d560       ?makeFeatureCode@HeightFieldUtil@Gu@physx@@SAIIW4Feature@123@@Z 000000018000e560 f i GuCCTSweepTests.obj
 0001:0000d720       ?sweepBoxTriangles_Precise@Gu@physx@@YA_NIPEBVPxTriangle@2@_NAEBVPxBoxGeometry@2@AEBVPxTransform@2@AEBVPxVec3@2@MAEAUPxSweepHit@2@PEBIMV?$PxFlags@W4Enum@PxHitFlag@physx@@G@2@@Z 000000018000e720 f   GuCCTSweepTests.obj
 0001:0000e4f0       ?sweepBox_BoxGeom_Precise@@YA_NAEBVPxGeometry@physx@@AEBVPxTransform@2@AEBVPxBoxGeometry@2@1AEBVBox@Gu@2@AEBVPxVec3@2@MAEAUPxSweepHit@2@V?$PxFlags@W4Enum@PxHitFlag@physx@@G@2@M@Z 000000018000f4f0 f   GuCCTSweepTests.obj
 0001:0000e6b0       ?sweepBox_CapsuleGeom_Precise@@YA_NAEBVPxGeometry@physx@@AEBVPxTransform@2@AEBVPxBoxGeometry@2@1AEBVBox@Gu@2@AEBVPxVec3@2@MAEAUPxSweepHit@2@V?$PxFlags@W4Enum@PxHitFlag@physx@@G@2@M@Z 000000018000f6b0 f   GuCCTSweepTests.obj
 0001:0000ea80       ?sweepBox_HeightFieldGeom_Precise@@YA_NAEBVPxGeometry@physx@@AEBVPxTransform@2@AEBVPxBoxGeometry@2@1AEBVBox@Gu@2@AEBVPxVec3@2@MAEAUPxSweepHit@2@V?$PxFlags@W4Enum@PxHitFlag@physx@@G@2@M@Z 000000018000fa80 f   GuCCTSweepTests.obj
 0001:0000ee40       ?sweepBox_SphereGeom_Precise@@YA_NAEBVPxGeometry@physx@@AEBVPxTransform@2@AEBVPxBoxGeometry@2@1AEBVBox@Gu@2@AEBVPxVec3@2@MAEAUPxSweepHit@2@V?$PxFlags@W4Enum@PxHitFlag@physx@@G@2@M@Z 000000018000fe40 f   GuCCTSweepTests.obj
 0001:0000f110       ?sweepCapsule_BoxGeom_Precise@@YA_NAEBVPxGeometry@physx@@AEBVPxTransform@2@AEBVPxCapsuleGeometry@2@1AEBVCapsule@Gu@2@AEBVPxVec3@2@MAEAUPxSweepHit@2@V?$PxFlags@W4Enum@PxHitFlag@physx@@G@2@M@Z 0000000180010110 f   GuCCTSweepTests.obj
 0001:0000f770       ?computePenetration@PxGeometryQuery@physx@@SA_NAEAVPxVec3@2@AEAMAEBVPxGeometry@2@AEBVPxTransform@2@23@Z 0000000180010770 f   GuGeometryQuery.obj
 0001:0000f850       ?getWorldBounds@PxGeometryQuery@physx@@SA?AVPxBounds3@2@AEBVPxGeometry@2@AEBVPxTransform@2@M@Z 0000000180010850 f   GuGeometryQuery.obj
 0001:0000f8b0       ?isFinite@PxQuat@physx@@QEBA_NXZ 00000001800108b0 f i GuGeometryQuery.obj
 0001:0000f920       ?isValid@PxGeometryQuery@physx@@SA_NAEBVPxGeometry@2@@Z 0000000180010920 f   GuGeometryQuery.obj
 0001:0000fb20       ?overlap@PxGeometryQuery@physx@@SA_NAEBVPxGeometry@2@AEBVPxTransform@2@01@Z 0000000180010b20 f   GuGeometryQuery.obj
 0001:0000fbc0       ?pointDistance@PxGeometryQuery@physx@@SAMAEBVPxVec3@2@AEBVPxGeometry@2@AEBVPxTransform@2@PEAV32@@Z 0000000180010bc0 f   GuGeometryQuery.obj
 0001:00010210       ?raycast@PxGeometryQuery@physx@@SAIAEBVPxVec3@2@0AEBVPxGeometry@2@AEBVPxTransform@2@MV?$PxFlags@W4Enum@PxHitFlag@physx@@G@2@IPEIAUPxRaycastHit@2@@Z 0000000180011210 f   GuGeometryQuery.obj
 0001:000102b0       ?sweep@PxGeometryQuery@physx@@SA_NAEBVPxVec3@2@MAEBVPxGeometry@2@AEBVPxTransform@2@12AEAUPxSweepHit@2@V?$PxFlags@W4Enum@PxHitFlag@physx@@G@2@M@Z 00000001800112b0 f   GuGeometryQuery.obj
 0001:00010690       ??0GeometryUnion@Gu@physx@@QEAA@AEBVPxGeometry@2@@Z 0000000180011690 f i GuGeometryUnion.obj
 0001:000106b0       ??0GeometryUnion@Gu@physx@@QEAA@XZ 00000001800116b0 f i GuGeometryUnion.obj
 0001:000106c0       ??0MaterialIndicesStruct@physx@@QEAA@XZ 00000001800116c0 f i GuGeometryUnion.obj
 0001:000106e0       ??4GeometryUnion@Gu@physx@@QEAAAEAV012@$$QEAV012@@Z 00000001800116e0 f i GuGeometryUnion.obj
 0001:000106e0       ??4GeometryUnion@Gu@physx@@QEAAAEAV012@AEBV012@@Z 00000001800116e0 f i GuGeometryUnion.obj
 0001:00010710       ?allocate@MaterialIndicesStruct@physx@@QEAAXG@Z 0000000180011710 f i GuGeometryUnion.obj
 0001:00010790       ?deallocate@MaterialIndicesStruct@physx@@QEAAXXZ 0000000180011790 f i GuGeometryUnion.obj
 0001:000107e0       ?getCount@BuildStats@Gu@physx@@QEBAIXZ 00000001800117e0 f i GuAABBTreeBuild.obj
 0001:000107e0       ?getNumAxes@SeparatingAxes@Gu@physx@@QEBAIXZ 00000001800117e0 f i GuMTD.obj
 0001:000107e0       ?getType@GeometryUnion@Gu@physx@@QEBA?AW4Enum@PxGeometryType@3@XZ 00000001800117e0 f i GuGeometryUnion.obj
 0001:000107f0       ?set@GeometryUnion@Gu@physx@@QEAAXAEBVPxGeometry@3@@Z 00000001800117f0 f   GuGeometryUnion.obj
 0001:000109c0       ?computeBoundsAroundVertices@Gu@physx@@YAXAEAVPxBounds3@2@IPEIBVPxVec3@2@@Z 00000001800119c0 f   GuInternal.obj
 0001:00010a50       ?computeBoxPoints@Gu@physx@@YAXAEBVPxBounds3@2@PEIAVPxVec3@2@@Z 0000000180011a50 f   GuInternal.obj
 0001:00010af0       ?computeSweptBox@Gu@physx@@YAXAEAVBox@12@AEBVPxVec3@2@1AEBVPxMat33@2@1M@Z 0000000180011af0 f   GuInternal.obj
 0001:00011000       ?getPlane@Gu@physx@@YA?AVPxPlane@2@AEBVPxTransform@2@@Z 0000000180012000 f   GuInternal.obj
 0001:000110b0       ??$?_UI@@YAPEAX_KV?$ReflectionAllocator@I@shdfnd@physx@@PEBDH@Z 00000001800120b0 f i GuMeshFactory.obj
 0001:00011150       ??0GuMeshFactory@physx@@QEAA@XZ 0000000180012150 f   GuMeshFactory.obj
 0001:000112e0       ??1GuMeshFactory@physx@@MEAA@XZ 00000001800122e0 f   GuMeshFactory.obj
 0001:000113d0       ??1MeshDataBase@Gu@physx@@UEAA@XZ 00000001800123d0 f i GuMeshFactory.obj
 0001:000114c0       ??1TriangleMeshData@Gu@physx@@UEAA@XZ 00000001800124c0 f i GuMeshFactory.obj
 0001:00011590       ??_EGuMeshFactory@physx@@MEAAPEAXI@Z 0000000180012590 f i GuMeshFactory.obj
 0001:000116a0       ??_EBV4TriangleData@Gu@physx@@UEAAPEAXI@Z 00000001800126a0 f i GuMeshFactory.obj
 0001:000116a0       ??_GBV4TriangleData@Gu@physx@@UEAAPEAXI@Z 00000001800126a0 f i GuMeshFactory.obj
 0001:00011730       ??_EMeshDataBase@Gu@physx@@UEAAPEAXI@Z 0000000180012730 f i GuMeshFactory.obj
 0001:00011730       ??_GMeshDataBase@Gu@physx@@UEAAPEAXI@Z 0000000180012730 f i GuMeshFactory.obj
 0001:000117a0       ??_ERTreeTriangleData@Gu@physx@@UEAAPEAXI@Z 00000001800127a0 f i GuMeshFactory.obj
 0001:000117a0       ??_GRTreeTriangleData@Gu@physx@@UEAAPEAXI@Z 00000001800127a0 f i GuMeshFactory.obj
 0001:00011850       ??_ETriangleMeshData@Gu@physx@@UEAAPEAXI@Z 0000000180012850 f i GuMeshFactory.obj
 0001:00011850       ??_GTriangleMeshData@Gu@physx@@UEAAPEAXI@Z 0000000180012850 f i GuMeshFactory.obj
 0001:000118c0       ?__global_array_delete@@YAXPEAX_K@Z 00000001800128c0 f i GuMeshFactory.obj
 0001:000118d0       ??_V@YAXPEAX_K@Z           00000001800128d0 f i MSVCRT:delete_array_size.obj
 0001:000118d0       ?__global_delete@@YAXPEAX_K@Z 00000001800128d0 f i GuMeshFactory.obj
 0001:000118e0       ?addBVHStructure@GuMeshFactory@physx@@QEAAXPEAVBVHStructure@Gu@2@_N@Z 00000001800128e0 f   GuMeshFactory.obj
 0001:00011960       ?addConvexMesh@GuMeshFactory@physx@@QEAAXPEAVConvexMesh@Gu@2@_N@Z 0000000180012960 f   GuMeshFactory.obj
 0001:000119e0       ?addFactoryListener@GuMeshFactory@physx@@QEAAXAEAVGuMeshFactoryListener@2@@Z 00000001800129e0 f   GuMeshFactory.obj
 0001:00011a50       ?addHeightField@GuMeshFactory@physx@@QEAAXPEAVHeightField@Gu@2@_N@Z 0000000180012a50 f   GuMeshFactory.obj
 0001:00011ad0       ?addTriangleMesh@GuMeshFactory@physx@@QEAAXPEAVTriangleMesh@Gu@2@_N@Z 0000000180012ad0 f   GuMeshFactory.obj
 0001:00011b50       ?create@?$HashBase@PEAVBVHStructure@Gu@physx@@PEAV123@U?$Hash@PEAVBVHStructure@Gu@physx@@@shdfnd@3@UGetKey@?$HashSetBase@PEAVBVHStructure@Gu@physx@@U?$Hash@PEAVBVHStructure@Gu@physx@@@shdfnd@3@VNonTrackingAllocator@53@$00@internal@53@VNonTrackingAllocator@53@$00@internal@shdfnd@physx@@QEAAPEAPEAVBVHStructure@Gu@4@AEBQEAV564@AEA_N@Z 0000000180012b50 f i GuMeshFactory.obj
 0001:00011b50       ?create@?$HashBase@PEAVConvexMesh@Gu@physx@@PEAV123@U?$Hash@PEAVConvexMesh@Gu@physx@@@shdfnd@3@UGetKey@?$HashSetBase@PEAVConvexMesh@Gu@physx@@U?$Hash@PEAVConvexMesh@Gu@physx@@@shdfnd@3@VNonTrackingAllocator@53@$00@internal@53@VNonTrackingAllocator@53@$00@internal@shdfnd@physx@@QEAAPEAPEAVConvexMesh@Gu@4@AEBQEAV564@AEA_N@Z 0000000180012b50 f i GuMeshFactory.obj
 0001:00011b50       ?create@?$HashBase@PEAVHeightField@Gu@physx@@PEAV123@U?$Hash@PEAVHeightField@Gu@physx@@@shdfnd@3@UGetKey@?$HashSetBase@PEAVHeightField@Gu@physx@@U?$Hash@PEAVHeightField@Gu@physx@@@shdfnd@3@VNonTrackingAllocator@53@$00@internal@53@VNonTrackingAllocator@53@$00@internal@shdfnd@physx@@QEAAPEAPEAVHeightField@Gu@4@AEBQEAV564@AEA_N@Z 0000000180012b50 f i GuMeshFactory.obj
 0001:00011b50       ?create@?$HashBase@PEAVTriangleMesh@Gu@physx@@PEAV123@U?$Hash@PEAVTriangleMesh@Gu@physx@@@shdfnd@3@UGetKey@?$HashSetBase@PEAVTriangleMesh@Gu@physx@@U?$Hash@PEAVTriangleMesh@Gu@physx@@@shdfnd@3@VNonTrackingAllocator@53@$00@internal@53@VNonTrackingAllocator@53@$00@internal@shdfnd@physx@@QEAAPEAPEAVTriangleMesh@Gu@4@AEBQEAV564@AEA_N@Z 0000000180012b50 f i GuMeshFactory.obj
 0001:00011ce0       ?createBVHStructure@GuMeshFactory@physx@@IEAAPEAVPxBVHStructure@2@AEAUBVHStructureData@Gu@2@@Z 0000000180012ce0 f   GuMeshFactory.obj
 0001:00011de0       ?createBVHStructure@GuMeshFactory@physx@@QEAAPEAVPxBVHStructure@2@AEAVPxInputStream@2@@Z 0000000180012de0 f   GuMeshFactory.obj
 0001:00011f00       ?createBVHStructure@GuMeshFactory@physx@@QEAAPEAVPxBVHStructure@2@PEAX@Z 0000000180012f00 f   GuMeshFactory.obj
 0001:00011f10       ?createConvexMesh@GuMeshFactory@physx@@IEAAPEAVPxConvexMesh@2@AEAUConvexHullInitData@Gu@2@@Z 0000000180012f10 f   GuMeshFactory.obj
 0001:00012000       ?createConvexMesh@GuMeshFactory@physx@@QEAAPEAVPxConvexMesh@2@AEAVPxInputStream@2@@Z 0000000180013000 f   GuMeshFactory.obj
 0001:00012120       ?createConvexMesh@GuMeshFactory@physx@@QEAAPEAVPxConvexMesh@2@PEAX@Z 0000000180013120 f   GuMeshFactory.obj
 0001:00012130       ?createHeightField@GuMeshFactory@physx@@QEAAPEAVPxHeightField@2@AEAVPxInputStream@2@@Z 0000000180013130 f   GuMeshFactory.obj
 0001:00012250       ?createHeightField@GuMeshFactory@physx@@QEAAPEAVPxHeightField@2@PEAX@Z 0000000180013250 f   GuMeshFactory.obj
 0001:00012350       ?createTriangleMesh@GuMeshFactory@physx@@IEAAPEAVPxTriangleMesh@2@AEAVTriangleMeshData@Gu@2@@Z 0000000180013350 f   GuMeshFactory.obj
 0001:000124e0       ?createTriangleMesh@GuMeshFactory@physx@@QEAAPEAVPxTriangleMesh@2@AEAVPxInputStream@2@@Z 00000001800134e0 f   GuMeshFactory.obj
 0001:00012540       ?createTriangleMesh@GuMeshFactory@physx@@QEAAPEAVPxTriangleMesh@2@PEAX@Z 0000000180013540 f   GuMeshFactory.obj
 0001:00012550       ?erase@?$HashBase@PEAVBVHStructure@Gu@physx@@PEAV123@U?$Hash@PEAVBVHStructure@Gu@physx@@@shdfnd@3@UGetKey@?$HashSetBase@PEAVBVHStructure@Gu@physx@@U?$Hash@PEAVBVHStructure@Gu@physx@@@shdfnd@3@VNonTrackingAllocator@53@$00@internal@53@VNonTrackingAllocator@53@$00@internal@shdfnd@physx@@QEAA_NAEBQEAVBVHStructure@Gu@4@@Z 0000000180013550 f i GuMeshFactory.obj
 0001:00012550       ?erase@?$HashBase@PEAVConvexMesh@Gu@physx@@PEAV123@U?$Hash@PEAVConvexMesh@Gu@physx@@@shdfnd@3@UGetKey@?$HashSetBase@PEAVConvexMesh@Gu@physx@@U?$Hash@PEAVConvexMesh@Gu@physx@@@shdfnd@3@VNonTrackingAllocator@53@$00@internal@53@VNonTrackingAllocator@53@$00@internal@shdfnd@physx@@QEAA_NAEBQEAVConvexMesh@Gu@4@@Z 0000000180013550 f i GuMeshFactory.obj
 0001:00012550       ?erase@?$HashBase@PEAVHeightField@Gu@physx@@PEAV123@U?$Hash@PEAVHeightField@Gu@physx@@@shdfnd@3@UGetKey@?$HashSetBase@PEAVHeightField@Gu@physx@@U?$Hash@PEAVHeightField@Gu@physx@@@shdfnd@3@VNonTrackingAllocator@53@$00@internal@53@VNonTrackingAllocator@53@$00@internal@shdfnd@physx@@QEAA_NAEBQEAVHeightField@Gu@4@@Z 0000000180013550 f i GuMeshFactory.obj
 0001:00012550       ?erase@?$HashBase@PEAVTriangleMesh@Gu@physx@@PEAV123@U?$Hash@PEAVTriangleMesh@Gu@physx@@@shdfnd@3@UGetKey@?$HashSetBase@PEAVTriangleMesh@Gu@physx@@U?$Hash@PEAVTriangleMesh@Gu@physx@@@shdfnd@3@VNonTrackingAllocator@53@$00@internal@53@VNonTrackingAllocator@53@$00@internal@shdfnd@physx@@QEAA_NAEBQEAVTriangleMesh@Gu@4@@Z 0000000180013550 f i GuMeshFactory.obj
 0001:000126d0       ?getBVHStructures@GuMeshFactory@physx@@QEBAIPEAPEAVPxBVHStructure@2@II@Z 00000001800136d0 f   GuMeshFactory.obj
 0001:00012770       ?getConvexMeshes@GuMeshFactory@physx@@QEBAIPEAPEAVPxConvexMesh@2@II@Z 0000000180013770 f   GuMeshFactory.obj
 0001:00012800       ?getHeightFields@GuMeshFactory@physx@@QEBAIPEAPEAVPxHeightField@2@II@Z 0000000180013800 f   GuMeshFactory.obj
 0001:000128a0       ?getNbBVHStructures@GuMeshFactory@physx@@QEBAIXZ 00000001800138a0 f   GuMeshFactory.obj
 0001:000128e0       ?getNbConvexMeshes@GuMeshFactory@physx@@QEBAIXZ 00000001800138e0 f   GuMeshFactory.obj
 0001:00012920       ?getNbHeightFields@GuMeshFactory@physx@@QEBAIXZ 0000000180013920 f   GuMeshFactory.obj
 0001:00012960       ?getNbTriangleMeshes@GuMeshFactory@physx@@QEBAIXZ 0000000180013960 f   GuMeshFactory.obj
 0001:000129a0       ?getTriangleMeshes@GuMeshFactory@physx@@QEBAIPEAPEAVPxTriangleMesh@2@II@Z 00000001800139a0 f   GuMeshFactory.obj
 0001:00012a30       ?growAndPushBack@?$Array@PEAVGuMeshFactoryListener@physx@@V?$ReflectionAllocator@PEAVGuMeshFactoryListener@physx@@@shdfnd@2@@shdfnd@physx@@IEAAAEAPEAVGuMeshFactoryListener@3@AEBQEAV43@@Z 0000000180013a30 f i GuMeshFactory.obj
 0001:000139f0       ?notifyFactoryListener@GuMeshFactory@physx@@QEAAXPEBVPxBase@2@G@Z 00000001800149f0 f   GuMeshFactory.obj
 0001:00013a60       ?release@GuMeshFactory@physx@@QEAAXXZ 0000000180014a60 f   GuMeshFactory.obj
 0001:00013b10       ?removeBVHStructure@GuMeshFactory@physx@@QEAA_NAEAVPxBVHStructure@2@@Z 0000000180014b10 f   GuMeshFactory.obj
 0001:00013b60       ?removeConvexMesh@GuMeshFactory@physx@@QEAA_NAEAVPxConvexMesh@2@@Z 0000000180014b60 f   GuMeshFactory.obj
 0001:00013bb0       ?removeFactoryListener@GuMeshFactory@physx@@QEAAXAEAVGuMeshFactoryListener@2@@Z 0000000180014bb0 f   GuMeshFactory.obj
 0001:00013c40       ?removeHeightField@GuMeshFactory@physx@@QEAA_NAEAVPxHeightField@2@@Z 0000000180014c40 f   GuMeshFactory.obj
 0001:00013c90       ?removeTriangleMesh@GuMeshFactory@physx@@QEAA_NAEAVPxTriangleMesh@2@@Z 0000000180014c90 f   GuMeshFactory.obj
 0001:00013ce0       ?reserveInternal@?$HashBase@PEAVBVHStructure@Gu@physx@@PEAV123@U?$Hash@PEAVBVHStructure@Gu@physx@@@shdfnd@3@UGetKey@?$HashSetBase@PEAVBVHStructure@Gu@physx@@U?$Hash@PEAVBVHStructure@Gu@physx@@@shdfnd@3@VNonTrackingAllocator@53@$00@internal@53@VNonTrackingAllocator@53@$00@internal@shdfnd@physx@@AEAAXI@Z 0000000180014ce0 f i GuMeshFactory.obj
 0001:00013ce0       ?reserveInternal@?$HashBase@PEAVConvexMesh@Gu@physx@@PEAV123@U?$Hash@PEAVConvexMesh@Gu@physx@@@shdfnd@3@UGetKey@?$HashSetBase@PEAVConvexMesh@Gu@physx@@U?$Hash@PEAVConvexMesh@Gu@physx@@@shdfnd@3@VNonTrackingAllocator@53@$00@internal@53@VNonTrackingAllocator@53@$00@internal@shdfnd@physx@@AEAAXI@Z 0000000180014ce0 f i GuMeshFactory.obj
 0001:00013ce0       ?reserveInternal@?$HashBase@PEAVHeightField@Gu@physx@@PEAV123@U?$Hash@PEAVHeightField@Gu@physx@@@shdfnd@3@UGetKey@?$HashSetBase@PEAVHeightField@Gu@physx@@U?$Hash@PEAVHeightField@Gu@physx@@@shdfnd@3@VNonTrackingAllocator@53@$00@internal@53@VNonTrackingAllocator@53@$00@internal@shdfnd@physx@@AEAAXI@Z 0000000180014ce0 f i GuMeshFactory.obj
 0001:00013ce0       ?reserveInternal@?$HashBase@PEAVTriangleMesh@Gu@physx@@PEAV123@U?$Hash@PEAVTriangleMesh@Gu@physx@@@shdfnd@3@UGetKey@?$HashSetBase@PEAVTriangleMesh@Gu@physx@@U?$Hash@PEAVTriangleMesh@Gu@physx@@@shdfnd@3@VNonTrackingAllocator@53@$00@internal@53@VNonTrackingAllocator@53@$00@internal@shdfnd@physx@@AEAAXI@Z 0000000180014ce0 f i GuMeshFactory.obj
 0001:00013eb0       ??4BigConvexData@physx@@QEAAAEAV01@AEBV01@@Z 0000000180014eb0 f i GuMetaData.obj
 0001:00013ed0       ?GetAdjacentVerts@BigConvexData@physx@@QEBAPEBEXZ 0000000180014ed0 f i GuMetaData.obj
 0001:00013ee0       ?GetNbNeighbors@BigConvexData@physx@@QEBAGI@Z 0000000180014ee0 f i GuMetaData.obj
 0001:00013ee0       ?GetValency@BigConvexData@physx@@QEBAGI@Z 0000000180014ee0 f i GuMetaData.obj
 0001:00013ef0       ?GetNbSamples@BigConvexData@physx@@QEBAIXZ 0000000180014ef0 f i GuMetaData.obj
 0001:00013f00       ?GetNbVerts@BigConvexData@physx@@QEBAIXZ 0000000180014f00 f i GuMetaData.obj
 0001:00013f10       ?GetNeighbors@BigConvexData@physx@@QEBAPEBEI@Z 0000000180014f10 f i GuMetaData.obj
 0001:00013f20       ?GetOffset@BigConvexData@physx@@QEBAGI@Z 0000000180014f20 f i GuMetaData.obj
 0001:00013f30       ?GetSubdiv@BigConvexData@physx@@QEBAIXZ 0000000180014f30 f i GuMetaData.obj
 0001:00013f40       ?getBinaryMetaData@BV4Tree@Gu@physx@@SAXAEAVPxOutputStream@3@@Z 0000000180014f40 f   GuMetaData.obj
 0001:000142f0       ?getBinaryMetaData@BV4TriangleMesh@Gu@physx@@SAXAEAVPxOutputStream@3@@Z 00000001800152f0 f   GuMetaData.obj
 0001:000145e0       ?getBinaryMetaData@BigConvexData@physx@@SAXAEAVPxOutputStream@2@@Z 00000001800155e0 f   GuMetaData.obj
 0001:000148c0       ?getBinaryMetaData@ConvexMesh@Gu@physx@@SAXAEAVPxOutputStream@3@@Z 00000001800158c0 f   GuMetaData.obj
 0001:00014f60       ?getBinaryMetaData@GeometryUnion@Gu@physx@@SAXAEAVPxOutputStream@3@@Z 0000000180015f60 f   GuMetaData.obj
 0001:000155e0       ?getBinaryMetaData@HeightField@Gu@physx@@SAXAEAVPxOutputStream@3@@Z 00000001800165e0 f   GuMetaData.obj
 0001:00015a30       ?getBinaryMetaData@MaterialIndicesStruct@physx@@SAXAEAVPxOutputStream@2@@Z 0000000180016a30 f   GuMetaData.obj
 0001:00015be0       ?getBinaryMetaData@RTree@Gu@physx@@SAXAEAVPxOutputStream@3@@Z 0000000180016be0 f   GuMetaData.obj
 0001:00015f30       ?getBinaryMetaData@RTreeTriangleMesh@Gu@physx@@SAXAEAVPxOutputStream@3@@Z 0000000180016f30 f   GuMetaData.obj
 0001:00016820       ?getBinaryMetaData@TriangleMesh@Gu@physx@@SAXAEAVPxOutputStream@3@@Z 0000000180017820 f   GuMetaData.obj
 0001:00017d40       ?doSupport@?$SupportLocalImpl@VConvexHullV@Gu@physx@@@Gu@physx@@UEBA?AT__m128@@AEBT4@@Z 0000000180018d40 f i GuMTD.obj
 0001:00017e20       ?doSupport@?$SupportLocalImpl@VConvexHullV@Gu@physx@@@Gu@physx@@UEBAXAEBT__m128@@AEAT4@1@Z 0000000180018e20 f i GuMTD.obj
 0001:00018180       ?populateVerts@?$SupportLocalImpl@VConvexHullV@Gu@physx@@@Gu@physx@@UEBAXPEBEIPEBVPxVec3@3@PEAT__m128@@@Z 0000000180019180 f i GuMTD.obj
 0001:000181e0       ??_E?$SupportLocalImpl@VBoxV@Gu@physx@@@Gu@physx@@UEAAPEAXI@Z 00000001800191e0 f i GuMTD.obj
 0001:000181e0       ??_E?$SupportLocalImpl@VConvexHullNoScaleV@Gu@physx@@@Gu@physx@@UEAAPEAXI@Z 00000001800191e0 f i GuMTD.obj
 0001:000181e0       ??_E?$SupportLocalImpl@VConvexHullV@Gu@physx@@@Gu@physx@@UEAAPEAXI@Z 00000001800191e0 f i GuMTD.obj
 0001:000181e0       ??_E?$SupportLocalImpl@VTriangleV@Gu@physx@@@Gu@physx@@UEAAPEAXI@Z 00000001800191e0 f i GuPCMContactConvexCommon.obj
 0001:000181e0       ??_G?$SupportLocalImpl@VBoxV@Gu@physx@@@Gu@physx@@UEAAPEAXI@Z 00000001800191e0 f i GuMTD.obj
 0001:000181e0       ??_G?$SupportLocalImpl@VConvexHullNoScaleV@Gu@physx@@@Gu@physx@@UEAAPEAXI@Z 00000001800191e0 f i GuMTD.obj
 0001:000181e0       ??_G?$SupportLocalImpl@VConvexHullV@Gu@physx@@@Gu@physx@@UEAAPEAXI@Z 00000001800191e0 f i GuMTD.obj
 0001:000181e0       ??_G?$SupportLocalImpl@VTriangleV@Gu@physx@@@Gu@physx@@UEAAPEAXI@Z 00000001800191e0 f i GuPCMContactConvexCommon.obj
 0001:00018210       ?doSupport@?$SupportLocalImpl@VConvexHullNoScaleV@Gu@physx@@@Gu@physx@@UEBA?AT__m128@@AEBT4@@Z 0000000180019210 f i GuMTD.obj
 0001:00018260       ?doSupport@?$SupportLocalImpl@VConvexHullNoScaleV@Gu@physx@@@Gu@physx@@UEBAXAEBT__m128@@AEAT4@1@Z 0000000180019260 f i GuMTD.obj
 0001:000183e0       ?populateVerts@?$SupportLocalImpl@VBoxV@Gu@physx@@@Gu@physx@@UEBAXPEBEIPEBVPxVec3@3@PEAT__m128@@@Z 00000001800193e0 f i GuMTD.obj
 0001:000183e0       ?populateVerts@?$SupportLocalImpl@VConvexHullNoScaleV@Gu@physx@@@Gu@physx@@UEBAXPEBEIPEBVPxVec3@3@PEAT__m128@@@Z 00000001800193e0 f i GuMTD.obj
 0001:00018420       ?doSupport@?$SupportLocalImpl@VBoxV@Gu@physx@@@Gu@physx@@UEBA?AT__m128@@AEBT4@@Z 0000000180019420 f i GuMTD.obj
 0001:00018450       ?doSupport@?$SupportLocalImpl@VBoxV@Gu@physx@@@Gu@physx@@UEBAXAEBT__m128@@AEAT4@1@Z 0000000180019450 f i GuMTD.obj
 0001:000184a0       ??_ESupportLocal@Gu@physx@@UEAAPEAXI@Z 00000001800194a0 f i GuMTD.obj
 0001:000184a0       ??_GSupportLocal@Gu@physx@@UEAAPEAXI@Z 00000001800194a0 f i GuMTD.obj
 0001:0001a250       ??$gjk@U?$LocalConvex@VCapsuleV@Gu@physx@@@Gu@physx@@U?$LocalConvex@VConvexHullV@Gu@physx@@@23@@Gu@physx@@YA?AW4GjkStatus@01@AEBU?$LocalConvex@VCapsuleV@Gu@physx@@@01@AEBU?$LocalConvex@VConvexHullV@Gu@physx@@@01@AEBT__m128@@2AEAT5@333@Z 000000018001b250 f i GuMTD.obj
 0001:0001aef0       ??0MultiplePersistentContactManifold@Gu@physx@@QEAA@XZ 000000018001bef0 f i GuMTD.obj
 0001:0001af50       ??0PolygonalBox@Gu@physx@@QEAA@AEBV012@@Z 000000018001bf50 f i GuMTD.obj
 0001:0001b1d0       ??0SeparatingAxes@Gu@physx@@QEAA@$$QEAV012@@Z 000000018001c1d0 f i GuMTD.obj
 0001:0001b1d0       ??0SeparatingAxes@Gu@physx@@QEAA@AEBV012@@Z 000000018001c1d0 f i GuMTD.obj
 0001:0001b2e0       ??0SeparatingAxes@Gu@physx@@QEAA@XZ 000000018001c2e0 f i GuMTD.obj
 0001:0001b2f0       ??4MultiplePersistentContactManifold@Gu@physx@@QEAAAEAV012@$$QEAV012@@Z 000000018001c2f0 f i GuMTD.obj
 0001:0001b600       ??4MultiplePersistentContactManifold@Gu@physx@@QEAAAEAV012@AEBV012@@Z 000000018001c600 f i GuMTD.obj
 0001:0001b620       ??4SeparatingAxes@Gu@physx@@QEAAAEAV012@$$QEAV012@@Z 000000018001c620 f i GuMTD.obj
 0001:0001b620       ??4SeparatingAxes@Gu@physx@@QEAAAEAV012@AEBV012@@Z 000000018001c620 f i GuMTD.obj
 0001:0001b730       ??_E?$LocalConvex@VBoxV@Gu@physx@@@Gu@physx@@UEAAPEAXI@Z 000000018001c730 f i GuSweepTests.obj
 0001:0001b730       ??_E?$LocalConvex@VCapsuleV@Gu@physx@@@Gu@physx@@UEAAPEAXI@Z 000000018001c730 f i GuMTD.obj
 0001:0001b730       ??_E?$LocalConvex@VConvexHullNoScaleV@Gu@physx@@@Gu@physx@@UEAAPEAXI@Z 000000018001c730 f i GuPCMContactBoxConvex.obj
 0001:0001b730       ??_E?$LocalConvex@VConvexHullV@Gu@physx@@@Gu@physx@@UEAAPEAXI@Z 000000018001c730 f i GuMTD.obj
 0001:0001b730       ??_E?$LocalConvex@VTriangleV@Gu@physx@@@Gu@physx@@UEAAPEAXI@Z 000000018001c730 f i GuSweepTests.obj
 0001:0001b730       ??_EGjkConvexBase@Gu@physx@@UEAAPEAXI@Z 000000018001c730 f i GuMTD.obj
 0001:0001b730       ??_G?$LocalConvex@VBoxV@Gu@physx@@@Gu@physx@@UEAAPEAXI@Z 000000018001c730 f i GuSweepTests.obj
 0001:0001b730       ??_G?$LocalConvex@VCapsuleV@Gu@physx@@@Gu@physx@@UEAAPEAXI@Z 000000018001c730 f i GuMTD.obj
 0001:0001b730       ??_G?$LocalConvex@VConvexHullNoScaleV@Gu@physx@@@Gu@physx@@UEAAPEAXI@Z 000000018001c730 f i GuPCMContactBoxConvex.obj
 0001:0001b730       ??_G?$LocalConvex@VConvexHullV@Gu@physx@@@Gu@physx@@UEAAPEAXI@Z 000000018001c730 f i GuMTD.obj
 0001:0001b730       ??_G?$LocalConvex@VTriangleV@Gu@physx@@@Gu@physx@@UEAAPEAXI@Z 000000018001c730 f i GuSweepTests.obj
 0001:0001b730       ??_GGjkConvexBase@Gu@physx@@UEAAPEAXI@Z 000000018001c730 f i GuMTD.obj
 0001:0001bea0       ?clearManifold@MultiplePersistentContactManifold@Gu@physx@@QEAAXXZ 000000018001cea0 f i GuMTD.obj
 0001:0001f7f0       ?getAxes@SeparatingAxes@Gu@physx@@QEBAPEBVPxVec3@3@XZ 00000001800207f0 f i GuMTD.obj
 0001:0001f800       ?getCenter@?$LocalConvex@VBoxV@Gu@physx@@@Gu@physx@@UEBA?AT__m128@@XZ 0000000180020800 f i GuSweepTests.obj
 0001:0001f800       ?getCenter@?$LocalConvex@VCapsuleV@Gu@physx@@@Gu@physx@@UEBA?AT__m128@@XZ 0000000180020800 f i GuMTD.obj
 0001:0001f800       ?getCenter@?$LocalConvex@VConvexHullNoScaleV@Gu@physx@@@Gu@physx@@UEBA?AT__m128@@XZ 0000000180020800 f i GuPCMContactBoxConvex.obj
 0001:0001f800       ?getCenter@?$LocalConvex@VConvexHullV@Gu@physx@@@Gu@physx@@UEBA?AT__m128@@XZ 0000000180020800 f i GuMTD.obj
 0001:0001f800       ?getCenter@?$LocalConvex@VTriangleV@Gu@physx@@@Gu@physx@@UEBA?AT__m128@@XZ 0000000180020800 f i GuSweepTests.obj
 0001:0001f810       ?getEmptyManifold@MultiplePersistentContactManifold@Gu@physx@@QEAAPEAVSinglePersistentContactManifold@23@XZ 0000000180020810 f i GuMTD.obj
 0001:0001f830       ?getManifold@MultiplePersistentContactManifold@Gu@physx@@QEAAPEAVSinglePersistentContactManifold@23@I@Z 0000000180020830 f i GuMTD.obj
 0001:0001f850       ?getSweepMargin@?$LocalConvex@VCapsuleV@Gu@physx@@@Gu@physx@@UEBA?AT__m128@@XZ 0000000180020850 f i GuMTD.obj
 0001:0001f850       ?getSweepMargin@?$RelativeConvex@VCapsuleV@Gu@physx@@@Gu@physx@@UEBA?AT__m128@@XZ 0000000180020850 f i GuCCDSweepPrimitives.obj
 0001:0001f860       ?getSweepMargin@?$LocalConvex@VBoxV@Gu@physx@@@Gu@physx@@UEBA?AT__m128@@XZ 0000000180020860 f i GuSweepTests.obj
 0001:0001f860       ?getSweepMargin@?$LocalConvex@VConvexHullNoScaleV@Gu@physx@@@Gu@physx@@UEBA?AT__m128@@XZ 0000000180020860 f i GuPCMContactBoxConvex.obj
 0001:0001f860       ?getSweepMargin@?$LocalConvex@VConvexHullV@Gu@physx@@@Gu@physx@@UEBA?AT__m128@@XZ 0000000180020860 f i GuMTD.obj
 0001:0001f860       ?getSweepMargin@?$RelativeConvex@VBoxV@Gu@physx@@@Gu@physx@@UEBA?AT__m128@@XZ 0000000180020860 f i GuOverlapTests.obj
 0001:0001f860       ?getSweepMargin@?$RelativeConvex@VConvexHullNoScaleV@Gu@physx@@@Gu@physx@@UEBA?AT__m128@@XZ 0000000180020860 f i GuPCMContactConvexConvex.obj
 0001:0001f860       ?getSweepMargin@?$RelativeConvex@VConvexHullV@Gu@physx@@@Gu@physx@@UEBA?AT__m128@@XZ 0000000180020860 f i GuOverlapTests.obj
 0001:0001f880       ?hillClimbing@ConvexHullV@Gu@physx@@QEBAIAEBT__m128@@@Z 0000000180020880 f i GuMTD.obj
 0001:0001fab0       ?initialize@MultiplePersistentContactManifold@Gu@physx@@QEAAXXZ 0000000180020ab0 f i GuMTD.obj
 0001:0001fb10       ?invalidate@MultiplePersistentContactManifold@Gu@physx@@QEAAIAEBVPsTransformV@aos@shdfnd@3@AEBT__m128@@1@Z 0000000180020b10 f i GuMTD.obj
 0001:0001fb90       ?invalidate@MultiplePersistentContactManifold@Gu@physx@@QEAAIAEBVPsTransformV@aos@shdfnd@3@AEBT__m128@@@Z 0000000180020b90 f i GuMTD.obj
 0001:0001fc10       ?maxTransformPositionDelta@MultiplePersistentContactManifold@Gu@physx@@QEAA?AT__m128@@AEBT4@@Z 0000000180020c10 f i GuMTD.obj
 0001:0001fc50       ?maxTransformQuatDelta@MultiplePersistentContactManifold@Gu@physx@@QEAA?AT__m128@@AEBT4@@Z 0000000180020c50 f i GuMTD.obj
 0001:0001fc90       ?pointConvexDistance@@YA_NAEAVPxVec3@physx@@0AEAMAEBV12@PEBVConvexMesh@Gu@2@AEBVPxMeshScale@2@AEBVPxTransform@2@@Z 0000000180020c90 f   GuMTD.obj
 0001:00020a50       ?reduceManifoldContactsInDifferentPatches@MultiplePersistentContactManifold@Gu@physx@@QEAAIPEAPEAUPCMContactPatch@23@IPEAVMeshPersistentContact@23@IAEBT__m128@@@Z 0000000180021a50 f i GuMTD.obj
 0001:00020bc0       ?refineContactPatchConnective@MultiplePersistentContactManifold@Gu@physx@@QEAAXPEAPEAUPCMContactPatch@23@IPEAVMeshPersistentContact@23@AEBT__m128@@@Z 0000000180021bc0 f i GuMTD.obj
 0001:00020cb0       ?refreshManifold@MultiplePersistentContactManifold@Gu@physx@@QEAAXAEBVPsMatTransformV@aos@shdfnd@3@AEBT__m128@@1@Z 0000000180021cb0 f i GuMTD.obj
 0001:00020db0       ?reset@SeparatingAxes@Gu@physx@@QEAAXXZ 0000000180021db0 f i GuMTD.obj
 0001:00020dc0       ?setRelativeTransform@MultiplePersistentContactManifold@Gu@physx@@QEAAXAEBVPsTransformV@aos@shdfnd@3@@Z 0000000180021dc0 f i GuMTD.obj
 0001:00020dd0       ?support@?$LocalConvex@VCapsuleV@Gu@physx@@@Gu@physx@@UEBA?AT__m128@@AEBT4@@Z 0000000180021dd0 f i GuMTD.obj
 0001:00020e30       ?support@?$LocalConvex@VCapsuleV@Gu@physx@@@Gu@physx@@UEBA?AT__m128@@AEBT4@AEAH@Z 0000000180021e30 f i GuMTD.obj
 0001:00020ea0       ?support@?$LocalConvex@VConvexHullV@Gu@physx@@@Gu@physx@@UEBA?AT__m128@@AEBT4@@Z 0000000180021ea0 f i GuMTD.obj
 0001:00020f80       ?support@?$LocalConvex@VConvexHullV@Gu@physx@@@Gu@physx@@UEBA?AT__m128@@AEBT4@AEAH@Z 0000000180021f80 f i GuMTD.obj
 0001:00021050       ?supportPoint@?$LocalConvex@VCapsuleV@Gu@physx@@@Gu@physx@@UEBA?AT__m128@@H@Z 0000000180022050 f i GuMTD.obj
 0001:00021080       ?supportPoint@?$LocalConvex@VConvexHullV@Gu@physx@@@Gu@physx@@UEBA?AT__m128@@H@Z 0000000180022080 f i GuMTD.obj
 0001:000210d0       ?supportVertexIndex@ConvexHullV@Gu@physx@@QEBAIAEBT__m128@@@Z 00000001800220d0 f i GuMTD.obj
 0001:00021330       ?toBuffer@MultiplePersistentContactManifold@Gu@physx@@QEAAXPEIAE@Z 0000000180022330 f i GuMTD.obj
 0001:00021410       ?supportPoint@?$RelativeConvex@VBoxV@Gu@physx@@@Gu@physx@@UEBA?AT__m128@@H@Z 0000000180022410 f i GuOverlapTests.obj
 0001:00021480       ?support@?$RelativeConvex@VBoxV@Gu@physx@@@Gu@physx@@UEBA?AT__m128@@AEBT4@@Z 0000000180022480 f i GuOverlapTests.obj
 0001:00021500       ?support@?$RelativeConvex@VBoxV@Gu@physx@@@Gu@physx@@UEBA?AT__m128@@AEBT4@AEAH@Z 0000000180022500 f i GuOverlapTests.obj
 0001:00021590       ?getCenter@?$RelativeConvex@VBoxV@Gu@physx@@@Gu@physx@@UEBA?AT__m128@@XZ 0000000180022590 f i GuOverlapTests.obj
 0001:00021590       ?getCenter@?$RelativeConvex@VCapsuleV@Gu@physx@@@Gu@physx@@UEBA?AT__m128@@XZ 0000000180022590 f i GuCCDSweepPrimitives.obj
 0001:00021590       ?getCenter@?$RelativeConvex@VConvexHullNoScaleV@Gu@physx@@@Gu@physx@@UEBA?AT__m128@@XZ 0000000180022590 f i GuPCMContactConvexConvex.obj
 0001:00021590       ?getCenter@?$RelativeConvex@VConvexHullV@Gu@physx@@@Gu@physx@@UEBA?AT__m128@@XZ 0000000180022590 f i GuOverlapTests.obj
 0001:00021590       ?getCenter@?$RelativeConvex@VTriangleV@Gu@physx@@@Gu@physx@@UEBA?AT__m128@@XZ 0000000180022590 f i GuCCDSweepPrimitives.obj
 0001:000215d0       ??_E?$RelativeConvex@VBoxV@Gu@physx@@@Gu@physx@@UEAAPEAXI@Z 00000001800225d0 f i GuOverlapTests.obj
 0001:000215d0       ??_E?$RelativeConvex@VCapsuleV@Gu@physx@@@Gu@physx@@UEAAPEAXI@Z 00000001800225d0 f i GuCCDSweepPrimitives.obj
 0001:000215d0       ??_E?$RelativeConvex@VConvexHullNoScaleV@Gu@physx@@@Gu@physx@@UEAAPEAXI@Z 00000001800225d0 f i GuPCMContactConvexConvex.obj
 0001:000215d0       ??_E?$RelativeConvex@VConvexHullV@Gu@physx@@@Gu@physx@@UEAAPEAXI@Z 00000001800225d0 f i GuOverlapTests.obj
 0001:000215d0       ??_E?$RelativeConvex@VTriangleV@Gu@physx@@@Gu@physx@@UEAAPEAXI@Z 00000001800225d0 f i GuCCDSweepPrimitives.obj
 0001:000215d0       ??_G?$RelativeConvex@VBoxV@Gu@physx@@@Gu@physx@@UEAAPEAXI@Z 00000001800225d0 f i GuOverlapTests.obj
 0001:000215d0       ??_G?$RelativeConvex@VCapsuleV@Gu@physx@@@Gu@physx@@UEAAPEAXI@Z 00000001800225d0 f i GuCCDSweepPrimitives.obj
 0001:000215d0       ??_G?$RelativeConvex@VConvexHullNoScaleV@Gu@physx@@@Gu@physx@@UEAAPEAXI@Z 00000001800225d0 f i GuPCMContactConvexConvex.obj
 0001:000215d0       ??_G?$RelativeConvex@VConvexHullV@Gu@physx@@@Gu@physx@@UEAAPEAXI@Z 00000001800225d0 f i GuOverlapTests.obj
 0001:000215d0       ??_G?$RelativeConvex@VTriangleV@Gu@physx@@@Gu@physx@@UEAAPEAXI@Z 00000001800225d0 f i GuCCDSweepPrimitives.obj
 0001:000237c0       ?supportPoint@?$RelativeConvex@VConvexHullV@Gu@physx@@@Gu@physx@@UEBA?AT__m128@@H@Z 00000001800247c0 f i GuOverlapTests.obj
 0001:00023840       ?support@?$RelativeConvex@VConvexHullV@Gu@physx@@@Gu@physx@@UEBA?AT__m128@@AEBT4@@Z 0000000180024840 f i GuOverlapTests.obj
 0001:00023970       ?support@?$RelativeConvex@VConvexHullV@Gu@physx@@@Gu@physx@@UEBA?AT__m128@@AEBT4@AEAH@Z 0000000180024970 f i GuOverlapTests.obj
 0001:00023ad0       ??$gjk@U?$RelativeConvex@VBoxV@Gu@physx@@@Gu@physx@@U?$LocalConvex@VConvexHullV@Gu@physx@@@23@@Gu@physx@@YA?AW4GjkStatus@01@AEBU?$RelativeConvex@VBoxV@Gu@physx@@@01@AEBU?$LocalConvex@VConvexHullV@Gu@physx@@@01@AEBT__m128@@2AEAT5@333@Z 0000000180024ad0 f i GuOverlapTests.obj
 0001:000247a0       ??$gjk@U?$RelativeConvex@VConvexHullV@Gu@physx@@@Gu@physx@@U?$LocalConvex@VConvexHullV@Gu@physx@@@23@@Gu@physx@@YA?AW4GjkStatus@01@AEBU?$RelativeConvex@VConvexHullV@Gu@physx@@@01@AEBU?$LocalConvex@VConvexHullV@Gu@physx@@@01@AEBT__m128@@2AEAT5@333@Z 00000001800257a0 f i GuOverlapTests.obj
 0001:000254e0       ?ComputeCubemapNearestOffset@physx@@YAIAEBVPxVec3@1@I@Z 00000001800264e0 f i GuOverlapTests.obj
 0001:000255f0       ?getOverlapFuncTable@Gu@physx@@YAPEAY06Q6A_NAEBVPxGeometry@2@AEBVPxTransform@2@01PEAUTriggerCache@12@@ZXZ 00000001800265f0 f   GuOverlapTests.obj
 0001:000270c0       ?registerHeightFields@Gu@physx@@YAXXZ 00000001800280c0 f   GuOverlapTests.obj
 0001:00027110       ?raycast_box@@YAIAEBVPxGeometry@physx@@AEBVPxTransform@2@AEBVPxVec3@2@2MV?$PxFlags@W4Enum@PxHitFlag@physx@@G@2@IPEIAUPxRaycastHit@2@@Z 0000000180028110 f   GuRaycastTests.obj
 0001:00027760       ?raycast_sphere@@YAIAEBVPxGeometry@physx@@AEBVPxTransform@2@AEBVPxVec3@2@2MV?$PxFlags@W4Enum@PxHitFlag@physx@@G@2@IPEIAUPxRaycastHit@2@@Z 0000000180028760 f   GuRaycastTests.obj
 0001:000278e0       ?raycast_capsule@@YAIAEBVPxGeometry@physx@@AEBVPxTransform@2@AEBVPxVec3@2@2MV?$PxFlags@W4Enum@PxHitFlag@physx@@G@2@IPEIAUPxRaycastHit@2@@Z 00000001800288e0 f   GuRaycastTests.obj
 0001:00027e50       ?raycast_plane@@YAIAEBVPxGeometry@physx@@AEBVPxTransform@2@AEBVPxVec3@2@2MV?$PxFlags@W4Enum@PxHitFlag@physx@@G@2@IPEIAUPxRaycastHit@2@@Z 0000000180028e50 f   GuRaycastTests.obj
 0001:00027fc0       ?raycast_convexMesh@@YAIAEBVPxGeometry@physx@@AEBVPxTransform@2@AEBVPxVec3@2@2MV?$PxFlags@W4Enum@PxHitFlag@physx@@G@2@IPEIAUPxRaycastHit@2@@Z 0000000180028fc0 f   GuRaycastTests.obj
 0001:00028ac0       ?raycast_triangleMesh@@YAIAEBVPxGeometry@physx@@AEBVPxTransform@2@AEBVPxVec3@2@2MV?$PxFlags@W4Enum@PxHitFlag@physx@@G@2@IPEIAUPxRaycastHit@2@@Z 0000000180029ac0 f   GuRaycastTests.obj
 0001:00029e10       ??Dphysx@@YA?AVMatrix34@Cm@0@AEBVPxMeshScale@0@AEBVPxTransform@0@@Z 000000018002ae10 f i GuRaycastTests.obj
 0001:0002aa50       ?getRaycastFuncTable@Gu@physx@@YAAEAY06Q6AIAEBVPxGeometry@2@AEBVPxTransform@2@AEBVPxVec3@2@2MV?$PxFlags@W4Enum@PxHitFlag@physx@@G@2@IPEIAUPxRaycastHit@2@@ZXZ 000000018002ba50 f   GuRaycastTests.obj
 0001:0002aa60       ?raycast_heightField@@YAIAEBVPxGeometry@physx@@AEBVPxTransform@2@AEBVPxVec3@2@2MV?$PxFlags@W4Enum@PxHitFlag@physx@@G@2@IPEIAUPxRaycastHit@2@@Z 000000018002ba60 f   GuRaycastTests.obj
 0001:0002b1a0       ?registerHeightFields_Raycasts@@YAXXZ 000000018002c1a0 f   GuRaycastTests.obj
 0001:0002b1b0       ?ReadHeader@Gu@physx@@YA_NEEEEAEAIAEA_NAEAVPxInputStream@2@@Z 000000018002c1b0 f   GuSerialize.obj
 0001:0002b310       ?ReadIndices@Gu@physx@@YAXGIPEAGAEAVPxInputStream@2@_N@Z 000000018002c310 f   GuSerialize.obj
 0001:0002b4a0       ?StoreIndices@Gu@physx@@YAXGIPEBGAEAVPxOutputStream@2@_N@Z 000000018002c4a0 f   GuSerialize.obj
 0001:0002b590       ?StoreIndices@Gu@physx@@YAXIIPEBIAEAVPxOutputStream@2@_N@Z 000000018002c590 f   GuSerialize.obj
 0001:0002b720       ?WriteHeader@Gu@physx@@YA_NEEEEI_NAEAVPxOutputStream@2@@Z 000000018002c720 f   GuSerialize.obj
 0001:0002b850       ?computeMaxIndex@physx@@YAGPEBGI@Z 000000018002c850 f   GuSerialize.obj
 0001:0002b880       ?computeMaxIndex@physx@@YAIPEBII@Z 000000018002c880 f   GuSerialize.obj
 0001:0002b8b0       ?readChunk@physx@@YAXAEAC000AEAVPxInputStream@1@@Z 000000018002c8b0 f   GuSerialize.obj
 0001:0002b930       ?readDword@physx@@YAI_NAEAVPxInputStream@1@@Z 000000018002c930 f   GuSerialize.obj
 0001:0002b990       ?readFloat@physx@@YAM_NAEAVPxInputStream@1@@Z 000000018002c990 f   GuSerialize.obj
 0001:0002b9f0       ?readFloatBuffer@physx@@YA_NPEAMI_NAEAVPxInputStream@1@@Z 000000018002c9f0 f   GuSerialize.obj
 0001:0002ba70       ?readHeader@physx@@YA_NCCCCAEAIAEA_NAEAVPxInputStream@1@@Z 000000018002ca70 f   GuSerialize.obj
 0001:0002bbc0       ?readIndices@physx@@YAXIIPEAIAEAVPxInputStream@1@_N@Z 000000018002cbc0 f   GuSerialize.obj
 0001:0002bcf0       ?readWord@physx@@YAG_NAEAVPxInputStream@1@@Z 000000018002ccf0 f   GuSerialize.obj
 0001:0002bd30       ?readWordBuffer@physx@@YAXPEAGI_NAEAVPxInputStream@1@@Z 000000018002cd30 f   GuSerialize.obj
 0001:0002bda0       ?storeIndices@physx@@YAXIIPEBIAEAVPxOutputStream@1@_N@Z 000000018002cda0 f   GuSerialize.obj
 0001:0002bec0       ?writeDword@physx@@YAXI_NAEAVPxOutputStream@1@@Z 000000018002cec0 f   GuSerialize.obj
 0001:0002bf10       ?writeFloat@physx@@YAXM_NAEAVPxOutputStream@1@@Z 000000018002cf10 f   GuSerialize.obj
 0001:0002bf60       ?writeFloatBuffer@physx@@YAXPEBMI_NAEAVPxOutputStream@1@@Z 000000018002cf60 f   GuSerialize.obj
 0001:0002c000       ?writeHeader@physx@@YA_NCCCCI_NAEAVPxOutputStream@1@@Z 000000018002d000 f   GuSerialize.obj
 0001:0002c130       ?writeWord@physx@@YAXG_NAEAVPxOutputStream@1@@Z 000000018002d130 f   GuSerialize.obj
 0001:0002c170       ?writeWordBuffer@physx@@YAXPEBGI_NAEAVPxOutputStream@1@@Z 000000018002d170 f   GuSerialize.obj
 0001:0002c1f0       ??Dphysx@@YA?AVMatrix34@Cm@0@AEBVPxTransform@0@AEBVPxMeshScale@0@@Z 000000018002d1f0 f i GuSweepMTD.obj
 0001:0002c840       ??_E?$MeshHitCallback@UPxRaycastHit@physx@@@Gu@physx@@UEAAPEAXI@Z 000000018002d840 f i GuSweepMTD.obj
 0001:0002c840       ??_G?$MeshHitCallback@UPxRaycastHit@physx@@@Gu@physx@@UEAAPEAXI@Z 000000018002d840 f i GuSweepMTD.obj
 0001:0002c870       ??_EMeshMTDGenerationCallback@@UEAAPEAXI@Z 000000018002d870 f i GuSweepMTD.obj
 0001:0002c870       ??_GMeshMTDGenerationCallback@@UEAAPEAXI@Z 000000018002d870 f i GuSweepMTD.obj
 0001:0002c8a0       ??_EMidPhaseQueryLocalReport@@UEAAPEAXI@Z 000000018002d8a0 f i GuSweepMTD.obj
 0001:0002c8a0       ??_GMidPhaseQueryLocalReport@@UEAAPEAXI@Z 000000018002d8a0 f i GuSweepMTD.obj
 0001:0002c8d0       ?allocate@?$ReflectionAllocator@I@shdfnd@physx@@QEAAPEAX_KPEBDH@Z 000000018002d8d0 f i GuSweepMTD.obj
 0001:0002c970       ?computeBox_HeightFieldMTD@Gu@physx@@YA_NAEBVPxHeightFieldGeometry@2@AEBVPxTransform@2@AEBVBox@12@1M_NIAEAUPxSweepHit@2@@Z 000000018002d970 f   GuSweepMTD.obj
 0001:0002d840       ?computeBox_TriangleMeshMTD@Gu@physx@@YA_NAEBVPxTriangleMeshGeometry@2@AEBVPxTransform@2@AEBVBox@12@1M_NAEAUPxSweepHit@2@@Z 000000018002e840 f   GuSweepMTD.obj
 0001:0002e4a0       ?computeCapsule_CapsuleMTD@Gu@physx@@YA_NAEBVCapsule@12@0AEAUPxSweepHit@2@@Z 000000018002f4a0 f   GuSweepMTD.obj
 0001:0002e6e0       ?computeCapsule_HeightFieldMTD@Gu@physx@@YA_NAEBVPxHeightFieldGeometry@2@AEBVPxTransform@2@AEAVCapsuleV@12@M_NIAEAUPxSweepHit@2@@Z 000000018002f6e0 f   GuSweepMTD.obj
 0001:0002ef20       ?computeCapsule_TriangleMeshMTD@Gu@physx@@YA_NAEBVPxTriangleMeshGeometry@2@AEBVPxTransform@2@AEAVCapsuleV@12@M_NAEAUPxSweepHit@2@@Z 000000018002ff20 f   GuSweepMTD.obj
 0001:0002f7d0       ?computeConvex_HeightFieldMTD@Gu@physx@@YA_NAEBVPxHeightFieldGeometry@2@AEBVPxTransform@2@AEBVPxConvexMeshGeometry@2@1M_NIAEAUPxSweepHit@2@@Z 00000001800307d0 f   GuSweepMTD.obj
 0001:00030b30       ?computeConvex_TriangleMeshMTD@Gu@physx@@YA_NAEBVPxTriangleMeshGeometry@2@AEBVPxTransform@2@AEBVPxConvexMeshGeometry@2@1M_NAEAUPxSweepHit@2@@Z 0000000180031b30 f   GuSweepMTD.obj
 0001:00031d70       ?computePlane_BoxMTD@Gu@physx@@YA_NAEBVPxPlane@2@AEBVBox@12@AEAUPxSweepHit@2@@Z 0000000180032d70 f   GuSweepMTD.obj
 0001:00032010       ?computePlane_CapsuleMTD@Gu@physx@@YA_NAEBVPxPlane@2@AEBVCapsule@12@AEAUPxSweepHit@2@@Z 0000000180033010 f   GuSweepMTD.obj
 0001:00032130       ?computePlane_ConvexMTD@Gu@physx@@YA_NAEBVPxPlane@2@AEBVPxConvexMeshGeometry@2@AEBVPxTransform@2@AEAUPxSweepHit@2@@Z 0000000180033130 f   GuSweepMTD.obj
 0001:00032cc0       ?computeSphere_CapsuleMTD@Gu@physx@@YA_NAEBVSphere@12@AEBVCapsule@12@AEAUPxSweepHit@2@@Z 0000000180033cc0 f   GuSweepMTD.obj
 0001:00032e70       ?computeSphere_SphereMTD@Gu@physx@@YA_NAEBVSphere@12@0AEAUPxSweepHit@2@@Z 0000000180033e70 f   GuSweepMTD.obj
 0001:00032f60       ?getInverse@PxMat33@physx@@QEBA?BV12@XZ 0000000180033f60 f i GuSweepMTD.obj
 0001:000331b0       ?growAndPushBack@?$Array@IV?$ReflectionAllocator@I@shdfnd@physx@@@shdfnd@physx@@IEAAAEAIAEBI@Z 00000001800341b0 f i GuSweepMTD.obj
 0001:00033280       ?init@FastVertex2ShapeScaling@Cm@physx@@QEAAXAEBVPxVec3@3@AEBVPxQuat@3@@Z 0000000180034280 f i GuSweepMTD.obj
 0001:00033670       ?onEvent@MidPhaseQueryLocalReport@@UEAA_NIPEAI@Z 0000000180034670 f i GuSweepMTD.obj
 0001:000336e0       ?processHit@MeshMTDGenerationCallback@@UEAA_NAEBUPxRaycastHit@physx@@AEBVPxVec3@3@11AEAMPEBI@Z 00000001800346e0 f i GuSweepMTD.obj
 0001:00033730       ?recreate@?$Array@IV?$ReflectionAllocator@I@shdfnd@physx@@@shdfnd@physx@@IEAAXI@Z 0000000180034730 f i GuSweepMTD.obj
 0001:000337f0       ??$gjkPenetration@U?$LocalConvex@VCapsuleV@Gu@physx@@@Gu@physx@@U?$LocalConvex@VConvexHullV@Gu@physx@@@23@@Gu@physx@@YA?AW4GjkStatus@01@AEBU?$LocalConvex@VCapsuleV@Gu@physx@@@01@AEBU?$LocalConvex@VConvexHullV@Gu@physx@@@01@AEBT__m128@@2_NPEIAE4AEAEAEAUGjkOutput@01@@Z 00000001800347f0 f i GuSweepSharedTests.obj
 0001:000353a0       ??$gjkPenetration@U?$RelativeConvex@VBoxV@Gu@physx@@@Gu@physx@@U?$LocalConvex@VConvexHullV@Gu@physx@@@23@@Gu@physx@@YA?AW4GjkStatus@01@AEBU?$RelativeConvex@VBoxV@Gu@physx@@@01@AEBU?$LocalConvex@VConvexHullV@Gu@physx@@@01@AEBT__m128@@2_NPEIAE4AEAEAEAUGjkOutput@01@@Z 00000001800363a0 f i GuSweepSharedTests.obj
 0001:00036fb0       ??$gjkPenetration@U?$RelativeConvex@VConvexHullV@Gu@physx@@@Gu@physx@@U?$LocalConvex@VConvexHullV@Gu@physx@@@23@@Gu@physx@@YA?AW4GjkStatus@01@AEBU?$RelativeConvex@VConvexHullV@Gu@physx@@@01@AEBU?$LocalConvex@VConvexHullV@Gu@physx@@@01@AEBT__m128@@2_NPEIAE4AEAEAEAUGjkOutput@01@@Z 0000000180037fb0 f i GuSweepSharedTests.obj
 0001:00038c10       ??$gjkRaycast@U?$LocalConvex@VCapsuleV@Gu@physx@@@Gu@physx@@U?$LocalConvex@VConvexHullV@Gu@physx@@@23@@Gu@physx@@YA_NAEBU?$LocalConvex@VCapsuleV@Gu@physx@@@01@AEBU?$LocalConvex@VConvexHullV@Gu@physx@@@01@AEBT__m128@@222AEAT4@33M@Z 0000000180039c10 f i GuSweepSharedTests.obj
 0001:00039990       ??$gjkRaycast@U?$RelativeConvex@VBoxV@Gu@physx@@@Gu@physx@@U?$LocalConvex@VConvexHullV@Gu@physx@@@23@@Gu@physx@@YA_NAEBU?$RelativeConvex@VBoxV@Gu@physx@@@01@AEBU?$LocalConvex@VConvexHullV@Gu@physx@@@01@AEBT__m128@@222AEAT4@33M@Z 000000018003a990 f i GuSweepSharedTests.obj
 0001:0003a770       ??$gjkRaycast@U?$RelativeConvex@VConvexHullV@Gu@physx@@@Gu@physx@@U?$LocalConvex@VConvexHullV@Gu@physx@@@23@@Gu@physx@@YA_NAEBU?$RelativeConvex@VConvexHullV@Gu@physx@@@01@AEBU?$LocalConvex@VConvexHullV@Gu@physx@@@01@AEBT__m128@@222AEAT4@33M@Z 000000018003b770 f i GuSweepSharedTests.obj
 0001:0003b590       ??$gjkRaycastPenetration@U?$LocalConvex@VCapsuleV@Gu@physx@@@Gu@physx@@U?$LocalConvex@VConvexHullV@Gu@physx@@@23@@Gu@physx@@YA_NAEBU?$LocalConvex@VCapsuleV@Gu@physx@@@01@AEBU?$LocalConvex@VConvexHullV@Gu@physx@@@01@AEBT__m128@@222AEAT4@33M_N@Z 000000018003c590 f i GuSweepSharedTests.obj
 0001:0003b7c0       ??$gjkRaycastPenetration@U?$RelativeConvex@VBoxV@Gu@physx@@@Gu@physx@@U?$LocalConvex@VConvexHullV@Gu@physx@@@23@@Gu@physx@@YA_NAEBU?$RelativeConvex@VBoxV@Gu@physx@@@01@AEBU?$LocalConvex@VConvexHullV@Gu@physx@@@01@AEBT__m128@@222AEAT4@33M_N@Z 000000018003c7c0 f i GuSweepSharedTests.obj
 0001:0003ba50       ??$gjkRaycastPenetration@U?$RelativeConvex@VConvexHullV@Gu@physx@@@Gu@physx@@U?$LocalConvex@VConvexHullV@Gu@physx@@@23@@Gu@physx@@YA_NAEBU?$RelativeConvex@VConvexHullV@Gu@physx@@@01@AEBU?$LocalConvex@VConvexHullV@Gu@physx@@@01@AEBT__m128@@222AEAT4@33M_N@Z 000000018003ca50 f i GuSweepSharedTests.obj
 0001:0003c630       ?sweepBox_ConvexGeom@@YA_NAEBVPxGeometry@physx@@AEBVPxTransform@2@AEBVPxBoxGeometry@2@1AEBVBox@Gu@2@AEBVPxVec3@2@MAEAUPxSweepHit@2@V?$PxFlags@W4Enum@PxHitFlag@physx@@G@2@M@Z 000000018003d630 f   GuSweepSharedTests.obj
 0001:0003d290       ?sweepBox_PlaneGeom@@YA_NAEBVPxGeometry@physx@@AEBVPxTransform@2@AEBVPxBoxGeometry@2@1AEBVBox@Gu@2@AEBVPxVec3@2@MAEAUPxSweepHit@2@V?$PxFlags@W4Enum@PxHitFlag@physx@@G@2@M@Z 000000018003e290 f   GuSweepSharedTests.obj
 0001:0003d650       ?sweepCapsuleTriangles@Gu@physx@@YA_NIPEBVPxTriangle@2@_NAEBVPxCapsuleGeometry@2@AEBVPxTransform@2@AEBVPxVec3@2@MAEAUPxSweepHit@2@PEBIMV?$PxFlags@W4Enum@PxHitFlag@physx@@G@2@@Z 000000018003e650 f   GuSweepSharedTests.obj
 0001:0003d840       ?sweepCapsule_CapsuleGeom@@YA_NAEBVPxGeometry@physx@@AEBVPxTransform@2@AEBVPxCapsuleGeometry@2@1AEBVCapsule@Gu@2@AEBVPxVec3@2@MAEAUPxSweepHit@2@V?$PxFlags@W4Enum@PxHitFlag@physx@@G@2@M@Z 000000018003e840 f   GuSweepSharedTests.obj
 0001:0003da20       ?sweepCapsule_ConvexGeom@@YA_NAEBVPxGeometry@physx@@AEBVPxTransform@2@AEBVPxCapsuleGeometry@2@1AEBVCapsule@Gu@2@AEBVPxVec3@2@MAEAUPxSweepHit@2@V?$PxFlags@W4Enum@PxHitFlag@physx@@G@2@M@Z 000000018003ea20 f   GuSweepSharedTests.obj
 0001:0003e5f0       ?sweepCapsule_PlaneGeom@@YA_NAEBVPxGeometry@physx@@AEBVPxTransform@2@AEBVPxCapsuleGeometry@2@1AEBVCapsule@Gu@2@AEBVPxVec3@2@MAEAUPxSweepHit@2@V?$PxFlags@W4Enum@PxHitFlag@physx@@G@2@M@Z 000000018003f5f0 f   GuSweepSharedTests.obj
 0001:0003e8d0       ?sweepCapsule_SphereGeom@@YA_NAEBVPxGeometry@physx@@AEBVPxTransform@2@AEBVPxCapsuleGeometry@2@1AEBVCapsule@Gu@2@AEBVPxVec3@2@MAEAUPxSweepHit@2@V?$PxFlags@W4Enum@PxHitFlag@physx@@G@2@M@Z 000000018003f8d0 f   GuSweepSharedTests.obj
 0001:0003ea60       ?sweepConvex_BoxGeom@@YA_NAEBVPxGeometry@physx@@AEBVPxTransform@2@AEBVPxConvexMeshGeometry@2@1AEBVPxVec3@2@MAEAUPxSweepHit@2@V?$PxFlags@W4Enum@PxHitFlag@physx@@G@2@M@Z 000000018003fa60 f   GuSweepSharedTests.obj
 0001:0003ec70       ?sweepConvex_CapsuleGeom@@YA_NAEBVPxGeometry@physx@@AEBVPxTransform@2@AEBVPxConvexMeshGeometry@2@1AEBVPxVec3@2@MAEAUPxSweepHit@2@V?$PxFlags@W4Enum@PxHitFlag@physx@@G@2@M@Z 000000018003fc70 f   GuSweepSharedTests.obj
 0001:0003ee90       ?sweepConvex_ConvexGeom@@YA_NAEBVPxGeometry@physx@@AEBVPxTransform@2@AEBVPxConvexMeshGeometry@2@1AEBVPxVec3@2@MAEAUPxSweepHit@2@V?$PxFlags@W4Enum@PxHitFlag@physx@@G@2@M@Z 000000018003fe90 f   GuSweepSharedTests.obj
 0001:0003ff00       ?sweepConvex_PlaneGeom@@YA_NAEBVPxGeometry@physx@@AEBVPxTransform@2@AEBVPxConvexMeshGeometry@2@1AEBVPxVec3@2@MAEAUPxSweepHit@2@V?$PxFlags@W4Enum@PxHitFlag@physx@@G@2@M@Z 0000000180040f00 f   GuSweepSharedTests.obj
 0001:00040340       ?sweepConvex_SphereGeom@@YA_NAEBVPxGeometry@physx@@AEBVPxTransform@2@AEBVPxConvexMeshGeometry@2@1AEBVPxVec3@2@MAEAUPxSweepHit@2@V?$PxFlags@W4Enum@PxHitFlag@physx@@G@2@M@Z 0000000180041340 f   GuSweepSharedTests.obj
 0001:00040db0       ?sweepCapsule_BoxGeom@@YA_NAEBVPxGeometry@physx@@AEBVPxTransform@2@AEBVPxCapsuleGeometry@2@1AEBVCapsule@Gu@2@AEBVPxVec3@2@MAEAUPxSweepHit@2@V?$PxFlags@W4Enum@PxHitFlag@physx@@G@2@M@Z 0000000180041db0 f   GuSweepTests.obj
 0001:000416d0       ?sweepBox_SphereGeom@@YA_NAEBVPxGeometry@physx@@AEBVPxTransform@2@AEBVPxBoxGeometry@2@1AEBVBox@Gu@2@AEBVPxVec3@2@MAEAUPxSweepHit@2@V?$PxFlags@W4Enum@PxHitFlag@physx@@G@2@M@Z 00000001800426d0 f   GuSweepTests.obj
 0001:00041da0       ?sweepBox_CapsuleGeom@@YA_NAEBVPxGeometry@physx@@AEBVPxTransform@2@AEBVPxBoxGeometry@2@1AEBVBox@Gu@2@AEBVPxVec3@2@MAEAUPxSweepHit@2@V?$PxFlags@W4Enum@PxHitFlag@physx@@G@2@M@Z 0000000180042da0 f   GuSweepTests.obj
 0001:00042680       ?sweepBox_BoxGeom@@YA_NAEBVPxGeometry@physx@@AEBVPxTransform@2@AEBVPxBoxGeometry@2@1AEBVBox@Gu@2@AEBVPxVec3@2@MAEAUPxSweepHit@2@V?$PxFlags@W4Enum@PxHitFlag@physx@@G@2@M@Z 0000000180043680 f   GuSweepTests.obj
 0001:00043020       ??$gjkPenetration@U?$LocalConvex@VCapsuleV@Gu@physx@@@Gu@physx@@U?$LocalConvex@VBoxV@Gu@physx@@@23@@Gu@physx@@YA?AW4GjkStatus@01@AEBU?$LocalConvex@VCapsuleV@Gu@physx@@@01@AEBU?$LocalConvex@VBoxV@Gu@physx@@@01@AEBT__m128@@2_NPEIAE4AEAEAEAUGjkOutput@01@@Z 0000000180044020 f i GuSweepTests.obj
 0001:00044b10       ??$gjkPenetration@U?$RelativeConvex@VBoxV@Gu@physx@@@Gu@physx@@U?$LocalConvex@VBoxV@Gu@physx@@@23@@Gu@physx@@YA?AW4GjkStatus@01@AEBU?$RelativeConvex@VBoxV@Gu@physx@@@01@AEBU?$LocalConvex@VBoxV@Gu@physx@@@01@AEBT__m128@@2_NPEIAE4AEAEAEAUGjkOutput@01@@Z 0000000180045b10 f i GuSweepTests.obj
 0001:00046690       ??$gjkRaycast@U?$LocalConvex@VCapsuleV@Gu@physx@@@Gu@physx@@U?$LocalConvex@VBoxV@Gu@physx@@@23@@Gu@physx@@YA_NAEBU?$LocalConvex@VCapsuleV@Gu@physx@@@01@AEBU?$LocalConvex@VBoxV@Gu@physx@@@01@AEBT__m128@@222AEAT4@33M@Z 0000000180047690 f i GuSweepTests.obj
[...]
 0003:00003060       ?minV3Error@_VecMathTests@aos@shdfnd@physx@@3T__m128@@B 000000018013f060     GuPCMContactConvexConvex.obj
 0003:00003070       ?maxFError@_VecMathTests@aos@shdfnd@physx@@3T__m128@@B 000000018013f070     GuPCMContactConvexConvex.obj
 0003:00003080       ?maxV3Error@_VecMathTests@aos@shdfnd@physx@@3T__m128@@B 000000018013f080     GuPCMContactConvexHeightField.obj
 0003:00003090       ?minFError@_VecMathTests@aos@shdfnd@physx@@3T__m128@@B 000000018013f090     GuPCMContactConvexHeightField.obj
 0003:000030a0       ?maxV4Error@_VecMathTests@aos@shdfnd@physx@@3T__m128@@B 000000018013f0a0     GuPCMContactConvexHeightField.obj
 0003:000030b0       ?minV4Error@_VecMathTests@aos@shdfnd@physx@@3T__m128@@B 000000018013f0b0     GuPCMContactConvexHeightField.obj
 0003:000030c0       ?minV3Error@_VecMathTests@aos@shdfnd@physx@@3T__m128@@B 000000018013f0c0     GuPCMContactConvexHeightField.obj
 0003:000030d0       ?maxFError@_VecMathTests@aos@shdfnd@physx@@3T__m128@@B 000000018013f0d0     GuPCMContactConvexHeightField.obj
 0003:000030e0       ?maxV3Error@_VecMathTests@aos@shdfnd@physx@@3T__m128@@B 000000018013f0e0     GuPCMContactConvexMesh.obj
 0003:000030f0       ?minFError@_VecMathTests@aos@shdfnd@physx@@3T__m128@@B 000000018013f0f0     GuPCMContactConvexMesh.obj
 0003:00003100       ?maxV4Error@_VecMathTests@aos@shdfnd@physx@@3T__m128@@B 000000018013f100     GuPCMContactConvexMesh.obj
 0003:00003110       ?minV4Error@_VecMathTests@aos@shdfnd@physx@@3T__m128@@B 000000018013f110     GuPCMContactConvexMesh.obj
 0003:00003120       ?minV3Error@_VecMathTests@aos@shdfnd@physx@@3T__m128@@B 000000018013f120     GuPCMContactConvexMesh.obj
 0003:00003130       ?maxFError@_VecMathTests@aos@shdfnd@physx@@3T__m128@@B 000000018013f130     GuPCMContactConvexMesh.obj
 0003:00003140       ?maxV3Error@_VecMathTests@aos@shdfnd@physx@@3T__m128@@B 000000018013f140     GuPCMContactGenBoxConvex.obj
 0003:00003150       ?minFError@_VecMathTests@aos@shdfnd@physx@@3T__m128@@B 000000018013f150     GuPCMContactGenBoxConvex.obj
 0003:00003160       ?maxV4Error@_VecMathTests@aos@shdfnd@physx@@3T__m128@@B 000000018013f160     GuPCMContactGenBoxConvex.obj
 0003:00003170       ?minV4Error@_VecMathTests@aos@shdfnd@physx@@3T__m128@@B 000000018013f170     GuPCMContactGenBoxConvex.obj
 0003:00003180       ?minV3Error@_VecMathTests@aos@shdfnd@physx@@3T__m128@@B 000000018013f180     GuPCMContactGenBoxConvex.obj
 0003:00003190       ?maxFError@_VecMathTests@aos@shdfnd@physx@@3T__m128@@B 000000018013f190     GuPCMContactGenBoxConvex.obj
 0003:000031a0       ?maxV3Error@_VecMathTests@aos@shdfnd@physx@@3T__m128@@B 000000018013f1a0     GuPCMContactGenSphereCapsule.obj
 0003:000031b0       ?minFError@_VecMathTests@aos@shdfnd@physx@@3T__m128@@B 000000018013f1b0     GuPCMContactGenSphereCapsule.obj
 0003:000031c0       ?maxV4Error@_VecMathTests@aos@shdfnd@physx@@3T__m128@@B 000000018013f1c0     GuPCMContactGenSphereCapsule.obj
 0003:000031d0       ?minV4Error@_VecMathTests@aos@shdfnd@physx@@3T__m128@@B 000000018013f1d0     GuPCMContactGenSphereCapsule.obj
 0003:000031e0       ?minV3Error@_VecMathTests@aos@shdfnd@physx@@3T__m128@@B 000000018013f1e0     GuPCMContactGenSphereCapsule.obj
 0003:000031f0       ?maxFError@_VecMathTests@aos@shdfnd@physx@@3T__m128@@B 000000018013f1f0     GuPCMContactGenSphereCapsule.obj
 0003:00003200       ?maxV3Error@_VecMathTests@aos@shdfnd@physx@@3T__m128@@B 000000018013f200     GuPCMContactPlaneBox.obj
 0003:00003210       ?minFError@_VecMathTests@aos@shdfnd@physx@@3T__m128@@B 000000018013f210     GuPCMContactPlaneBox.obj
 0003:00003220       ?maxV4Error@_VecMathTests@aos@shdfnd@physx@@3T__m128@@B 000000018013f220     GuPCMContactPlaneBox.obj
 0003:00003230       ?minV4Error@_VecMathTests@aos@shdfnd@physx@@3T__m128@@B 000000018013f230     GuPCMContactPlaneBox.obj
 0003:00003240       ?minV3Error@_VecMathTests@aos@shdfnd@physx@@3T__m128@@B 000000018013f240     GuPCMContactPlaneBox.obj
 0003:00003250       ?maxFError@_VecMathTests@aos@shdfnd@physx@@3T__m128@@B 000000018013f250     GuPCMContactPlaneBox.obj
 0003:00003260       ?maxV3Error@_VecMathTests@aos@shdfnd@physx@@3T__m128@@B 000000018013f260     GuPCMContactPlaneCapsule.obj
 0003:00003270       ?minFError@_VecMathTests@aos@shdfnd@physx@@3T__m128@@B 000000018013f270     GuPCMContactPlaneCapsule.obj
 0003:00003280       ?maxV4Error@_VecMathTests@aos@shdfnd@physx@@3T__m128@@B 000000018013f280     GuPCMContactPlaneCapsule.obj
 0003:00003290       ?minV4Error@_VecMathTests@aos@shdfnd@physx@@3T__m128@@B 000000018013f290     GuPCMContactPlaneCapsule.obj
 0003:000032a0       ?minV3Error@_VecMathTests@aos@shdfnd@physx@@3T__m128@@B 000000018013f2a0     GuPCMContactPlaneCapsule.obj
 0003:000032b0       ?maxFError@_VecMathTests@aos@shdfnd@physx@@3T__m128@@B 000000018013f2b0     GuPCMContactPlaneCapsule.obj
 0003:000032c0       ?maxV3Error@_VecMathTests@aos@shdfnd@physx@@3T__m128@@B 000000018013f2c0     GuPCMContactPlaneConvex.obj
 0003:000032d0       ?minFError@_VecMathTests@aos@shdfnd@physx@@3T__m128@@B 000000018013f2d0     GuPCMContactPlaneConvex.obj
 0003:000032e0       ?maxV4Error@_VecMathTests@aos@shdfnd@physx@@3T__m128@@B 000000018013f2e0     GuPCMContactPlaneConvex.obj
 0003:000032f0       ?minV4Error@_VecMathTests@aos@shdfnd@physx@@3T__m128@@B 000000018013f2f0     GuPCMContactPlaneConvex.obj
 0003:00003300       ?minV3Error@_VecMathTests@aos@shdfnd@physx@@3T__m128@@B 000000018013f300     GuPCMContactPlaneConvex.obj
 0003:00003310       ?maxFError@_VecMathTests@aos@shdfnd@physx@@3T__m128@@B 000000018013f310     GuPCMContactPlaneConvex.obj
 0003:00003320       ?maxV3Error@_VecMathTests@aos@shdfnd@physx@@3T__m128@@B 000000018013f320     GuPCMContactSphereBox.obj
 0003:00003330       ?minFError@_VecMathTests@aos@shdfnd@physx@@3T__m128@@B 000000018013f330     GuPCMContactSphereBox.obj
 0003:00003340       ?maxV4Error@_VecMathTests@aos@shdfnd@physx@@3T__m128@@B 000000018013f340     GuPCMContactSphereBox.obj
 0003:00003350       ?minV4Error@_VecMathTests@aos@shdfnd@physx@@3T__m128@@B 000000018013f350     GuPCMContactSphereBox.obj
 0003:00003360       ?minV3Error@_VecMathTests@aos@shdfnd@physx@@3T__m128@@B 000000018013f360     GuPCMContactSphereBox.obj
 0003:00003370       ?maxFError@_VecMathTests@aos@shdfnd@physx@@3T__m128@@B 000000018013f370     GuPCMContactSphereBox.obj
 0003:00003380       ?maxV3Error@_VecMathTests@aos@shdfnd@physx@@3T__m128@@B 000000018013f380     GuPCMContactSphereCapsule.obj
 0003:00003390       ?minFError@_VecMathTests@aos@shdfnd@physx@@3T__m128@@B 000000018013f390     GuPCMContactSphereCapsule.obj
 0003:000033a0       ?maxV4Error@_VecMathTests@aos@shdfnd@physx@@3T__m128@@B 000000018013f3a0     GuPCMContactSphereCapsule.obj
 0003:000033b0       ?minV4Error@_VecMathTests@aos@shdfnd@physx@@3T__m128@@B 000000018013f3b0     GuPCMContactSphereCapsule.obj
 0003:000033c0       ?minV3Error@_VecMathTests@aos@shdfnd@physx@@3T__m128@@B 000000018013f3c0     GuPCMContactSphereCapsule.obj
 0003:000033d0       ?maxFError@_VecMathTests@aos@shdfnd@physx@@3T__m128@@B 000000018013f3d0     GuPCMContactSphereCapsule.obj
 0003:000033e0       ?maxV3Error@_VecMathTests@aos@shdfnd@physx@@3T__m128@@B 000000018013f3e0     GuPCMContactSphereConvex.obj
 0003:000033f0       ?minFError@_VecMathTests@aos@shdfnd@physx@@3T__m128@@B 000000018013f3f0     GuPCMContactSphereConvex.obj
 0003:00003400       ?maxV4Error@_VecMathTests@aos@shdfnd@physx@@3T__m128@@B 000000018013f400     GuPCMContactSphereConvex.obj
 0003:00003410       ?minV4Error@_VecMathTests@aos@shdfnd@physx@@3T__m128@@B 000000018013f410     GuPCMContactSphereConvex.obj
 0003:00003420       ?minV3Error@_VecMathTests@aos@shdfnd@physx@@3T__m128@@B 000000018013f420     GuPCMContactSphereConvex.obj
 0003:00003430       ?maxFError@_VecMathTests@aos@shdfnd@physx@@3T__m128@@B 000000018013f430     GuPCMContactSphereConvex.obj
 0003:00003440       ?maxV3Error@_VecMathTests@aos@shdfnd@physx@@3T__m128@@B 000000018013f440     GuPCMContactSphereHeightField.obj
 0003:00003450       ?minFError@_VecMathTests@aos@shdfnd@physx@@3T__m128@@B 000000018013f450     GuPCMContactSphereHeightField.obj
 0003:00003460       ?maxV4Error@_VecMathTests@aos@shdfnd@physx@@3T__m128@@B 000000018013f460     GuPCMContactSphereHeightField.obj
 0003:00003470       ?minV4Error@_VecMathTests@aos@shdfnd@physx@@3T__m128@@B 000000018013f470     GuPCMContactSphereHeightField.obj
 0003:00003480       ?minV3Error@_VecMathTests@aos@shdfnd@physx@@3T__m128@@B 000000018013f480     GuPCMContactSphereHeightField.obj
 0003:00003490       ?maxFError@_VecMathTests@aos@shdfnd@physx@@3T__m128@@B 000000018013f490     GuPCMContactSphereHeightField.obj
 0003:000034a0       ?maxV3Error@_VecMathTests@aos@shdfnd@physx@@3T__m128@@B 000000018013f4a0     GuPCMContactSphereMesh.obj
 0003:000034b0       ?minFError@_VecMathTests@aos@shdfnd@physx@@3T__m128@@B 000000018013f4b0     GuPCMContactSphereMesh.obj
 0003:000034c0       ?maxV4Error@_VecMathTests@aos@shdfnd@physx@@3T__m128@@B 000000018013f4c0     GuPCMContactSphereMesh.obj
 0003:000034d0       ?minV4Error@_VecMathTests@aos@shdfnd@physx@@3T__m128@@B 000000018013f4d0     GuPCMContactSphereMesh.obj
 0003:000034e0       ?minV3Error@_VecMathTests@aos@shdfnd@physx@@3T__m128@@B 000000018013f4e0     GuPCMContactSphereMesh.obj
 0003:000034f0       ?maxFError@_VecMathTests@aos@shdfnd@physx@@3T__m128@@B 000000018013f4f0     GuPCMContactSphereMesh.obj
 0003:00003500       ?maxV3Error@_VecMathTests@aos@shdfnd@physx@@3T__m128@@B 000000018013f500     GuPCMContactSpherePlane.obj
 0003:00003510       ?minFError@_VecMathTests@aos@shdfnd@physx@@3T__m128@@B 000000018013f510     GuPCMContactSpherePlane.obj
 0003:00003520       ?maxV4Error@_VecMathTests@aos@shdfnd@physx@@3T__m128@@B 000000018013f520     GuPCMContactSpherePlane.obj
 0003:00003530       ?minV4Error@_VecMathTests@aos@shdfnd@physx@@3T__m128@@B 000000018013f530     GuPCMContactSpherePlane.obj
 0003:00003540       ?minV3Error@_VecMathTests@aos@shdfnd@physx@@3T__m128@@B 000000018013f540     GuPCMContactSpherePlane.obj
 0003:00003550       ?maxFError@_VecMathTests@aos@shdfnd@physx@@3T__m128@@B 000000018013f550     GuPCMContactSpherePlane.obj
 0003:00003560       ?maxV3Error@_VecMathTests@aos@shdfnd@physx@@3T__m128@@B 000000018013f560     GuPCMContactSphereSphere.obj
 0003:00003570       ?minFError@_VecMathTests@aos@shdfnd@physx@@3T__m128@@B 000000018013f570     GuPCMContactSphereSphere.obj
 0003:00003580       ?maxV4Error@_VecMathTests@aos@shdfnd@physx@@3T__m128@@B 000000018013f580     GuPCMContactSphereSphere.obj
 0003:00003590       ?minV4Error@_VecMathTests@aos@shdfnd@physx@@3T__m128@@B 000000018013f590     GuPCMContactSphereSphere.obj
 0003:000035a0       ?minV3Error@_VecMathTests@aos@shdfnd@physx@@3T__m128@@B 000000018013f5a0     GuPCMContactSphereSphere.obj
 0003:000035b0       ?maxFError@_VecMathTests@aos@shdfnd@physx@@3T__m128@@B 000000018013f5b0     GuPCMContactSphereSphere.obj
 0003:000035c0       ?maxV3Error@_VecMathTests@aos@shdfnd@physx@@3T__m128@@B 000000018013f5c0     GuPCMShapeConvex.obj
 0003:000035d0       ?minFError@_VecMathTests@aos@shdfnd@physx@@3T__m128@@B 000000018013f5d0     GuPCMShapeConvex.obj
 0003:000035e0       ?maxV4Error@_VecMathTests@aos@shdfnd@physx@@3T__m128@@B 000000018013f5e0     GuPCMShapeConvex.obj
 0003:000035f0       ?minV4Error@_VecMathTests@aos@shdfnd@physx@@3T__m128@@B 000000018013f5f0     GuPCMShapeConvex.obj
 0003:00003600       ?minV3Error@_VecMathTests@aos@shdfnd@physx@@3T__m128@@B 000000018013f600     GuPCMShapeConvex.obj
 0003:00003610       ?maxFError@_VecMathTests@aos@shdfnd@physx@@3T__m128@@B 000000018013f610     GuPCMShapeConvex.obj
 0003:00003620       ?maxV3Error@_VecMathTests@aos@shdfnd@physx@@3T__m128@@B 000000018013f620     GuPCMTriangleContactGen.obj
 0003:00003630       ?minFError@_VecMathTests@aos@shdfnd@physx@@3T__m128@@B 000000018013f630     GuPCMTriangleContactGen.obj
 0003:00003640       ?maxV4Error@_VecMathTests@aos@shdfnd@physx@@3T__m128@@B 000000018013f640     GuPCMTriangleContactGen.obj
 0003:00003650       ?minV4Error@_VecMathTests@aos@shdfnd@physx@@3T__m128@@B 000000018013f650     GuPCMTriangleContactGen.obj
 0003:00003660       ?minV3Error@_VecMathTests@aos@shdfnd@physx@@3T__m128@@B 000000018013f660     GuPCMTriangleContactGen.obj
 0003:00003670       ?maxFError@_VecMathTests@aos@shdfnd@physx@@3T__m128@@B 000000018013f670     GuPCMTriangleContactGen.obj
 0003:00003680       ?maxV3Error@_VecMathTests@aos@shdfnd@physx@@3T__m128@@B 000000018013f680     GuPersistentContactManifold.obj
 0003:00003690       ?minFError@_VecMathTests@aos@shdfnd@physx@@3T__m128@@B 000000018013f690     GuPersistentContactManifold.obj
 0003:000036a0       ?maxV4Error@_VecMathTests@aos@shdfnd@physx@@3T__m128@@B 000000018013f6a0     GuPersistentContactManifold.obj
 0003:000036b0       ?minV4Error@_VecMathTests@aos@shdfnd@physx@@3T__m128@@B 000000018013f6b0     GuPersistentContactManifold.obj
 0003:000036c0       ?minV3Error@_VecMathTests@aos@shdfnd@physx@@3T__m128@@B 000000018013f6c0     GuPersistentContactManifold.obj
 0003:000036d0       ?maxFError@_VecMathTests@aos@shdfnd@physx@@3T__m128@@B 000000018013f6d0     GuPersistentContactManifold.obj
 0003:000036e0       ?maxV3Error@_VecMathTests@aos@shdfnd@physx@@3T__m128@@B 000000018013f6e0     GuSweepBoxBox.obj
 0003:000036f0       ?minFError@_VecMathTests@aos@shdfnd@physx@@3T__m128@@B 000000018013f6f0     GuSweepBoxBox.obj
 0003:00003700       ?maxV4Error@_VecMathTests@aos@shdfnd@physx@@3T__m128@@B 000000018013f700     GuSweepBoxBox.obj
 0003:00003710       ?minV4Error@_VecMathTests@aos@shdfnd@physx@@3T__m128@@B 000000018013f710     GuSweepBoxBox.obj
 0003:00003720       ?minV3Error@_VecMathTests@aos@shdfnd@physx@@3T__m128@@B 000000018013f720     GuSweepBoxBox.obj
 0003:00003730       ?maxFError@_VecMathTests@aos@shdfnd@physx@@3T__m128@@B 000000018013f730     GuSweepBoxBox.obj
 0003:00003740       ?maxV3Error@_VecMathTests@aos@shdfnd@physx@@3T__m128@@B 000000018013f740     GuSweepBoxSphere.obj
 0003:00003750       ?minFError@_VecMathTests@aos@shdfnd@physx@@3T__m128@@B 000000018013f750     GuSweepBoxSphere.obj
 0003:00003760       ?maxV4Error@_VecMathTests@aos@shdfnd@physx@@3T__m128@@B 000000018013f760     GuSweepBoxSphere.obj
 0003:00003770       ?minV4Error@_VecMathTests@aos@shdfnd@physx@@3T__m128@@B 000000018013f770     GuSweepBoxSphere.obj
 0003:00003780       ?minV3Error@_VecMathTests@aos@shdfnd@physx@@3T__m128@@B 000000018013f780     GuSweepBoxSphere.obj
 0003:00003790       ?maxFError@_VecMathTests@aos@shdfnd@physx@@3T__m128@@B 000000018013f790     GuSweepBoxSphere.obj
 0003:000037a0       ?maxV3Error@_VecMathTests@aos@shdfnd@physx@@3T__m128@@B 000000018013f7a0     GuSweepBoxTriangle_FeatureBased.obj
 0003:000037b0       ?minFError@_VecMathTests@aos@shdfnd@physx@@3T__m128@@B 000000018013f7b0     GuSweepBoxTriangle_FeatureBased.obj
 0003:000037c0       ?maxV4Error@_VecMathTests@aos@shdfnd@physx@@3T__m128@@B 000000018013f7c0     GuSweepBoxTriangle_FeatureBased.obj
 0003:000037d0       ?minV4Error@_VecMathTests@aos@shdfnd@physx@@3T__m128@@B 000000018013f7d0     GuSweepBoxTriangle_FeatureBased.obj
 0003:000037e0       ?minV3Error@_VecMathTests@aos@shdfnd@physx@@3T__m128@@B 000000018013f7e0     GuSweepBoxTriangle_FeatureBased.obj
 0003:000037f0       ?maxFError@_VecMathTests@aos@shdfnd@physx@@3T__m128@@B 000000018013f7f0     GuSweepBoxTriangle_FeatureBased.obj
 0003:00003800       ?maxV3Error@_VecMathTests@aos@shdfnd@physx@@3T__m128@@B 000000018013f800     GuSweepBoxTriangle_SAT.obj
 0003:00003810       ?minFError@_VecMathTests@aos@shdfnd@physx@@3T__m128@@B 000000018013f810     GuSweepBoxTriangle_SAT.obj
 0003:00003820       ?maxV4Error@_VecMathTests@aos@shdfnd@physx@@3T__m128@@B 000000018013f820     GuSweepBoxTriangle_SAT.obj
 0003:00003830       ?minV4Error@_VecMathTests@aos@shdfnd@physx@@3T__m128@@B 000000018013f830     GuSweepBoxTriangle_SAT.obj
 0003:00003840       ?minV3Error@_VecMathTests@aos@shdfnd@physx@@3T__m128@@B 000000018013f840     GuSweepBoxTriangle_SAT.obj
 0003:00003850       ?maxFError@_VecMathTests@aos@shdfnd@physx@@3T__m128@@B 000000018013f850     GuSweepBoxTriangle_SAT.obj
 0003:00003860       ?maxV3Error@_VecMathTests@aos@shdfnd@physx@@3T__m128@@B 000000018013f860     GuSweepCapsuleBox.obj
 0003:00003870       ?minFError@_VecMathTests@aos@shdfnd@physx@@3T__m128@@B 000000018013f870     GuSweepCapsuleBox.obj
 0003:00003880       ?maxV4Error@_VecMathTests@aos@shdfnd@physx@@3T__m128@@B 000000018013f880     GuSweepCapsuleBox.obj
 0003:00003890       ?minV4Error@_VecMathTests@aos@shdfnd@physx@@3T__m128@@B 000000018013f890     GuSweepCapsuleBox.obj
 0003:000038a0       ?minV3Error@_VecMathTests@aos@shdfnd@physx@@3T__m128@@B 000000018013f8a0     GuSweepCapsuleBox.obj
 0003:000038b0       ?maxFError@_VecMathTests@aos@shdfnd@physx@@3T__m128@@B 000000018013f8b0     GuSweepCapsuleBox.obj
 0003:000038c0       ?maxV3Error@_VecMathTests@aos@shdfnd@physx@@3T__m128@@B 000000018013f8c0     GuSweepCapsuleTriangle.obj
 0003:000038d0       ?minFError@_VecMathTests@aos@shdfnd@physx@@3T__m128@@B 000000018013f8d0     GuSweepCapsuleTriangle.obj
 0003:000038e0       ?maxV4Error@_VecMathTests@aos@shdfnd@physx@@3T__m128@@B 000000018013f8e0     GuSweepCapsuleTriangle.obj
 0003:000038f0       ?minV4Error@_VecMathTests@aos@shdfnd@physx@@3T__m128@@B 000000018013f8f0     GuSweepCapsuleTriangle.obj
 0003:00003900       ?minV3Error@_VecMathTests@aos@shdfnd@physx@@3T__m128@@B 000000018013f900     GuSweepCapsuleTriangle.obj
 0003:00003910       ?maxFError@_VecMathTests@aos@shdfnd@physx@@3T__m128@@B 000000018013f910     GuSweepCapsuleTriangle.obj
 0003:00003920       ?maxV3Error@_VecMathTests@aos@shdfnd@physx@@3T__m128@@B 000000018013f920     GuSweepSphereTriangle.obj
 0003:00003930       ?minFError@_VecMathTests@aos@shdfnd@physx@@3T__m128@@B 000000018013f930     GuSweepSphereTriangle.obj
 0003:00003940       ?maxV4Error@_VecMathTests@aos@shdfnd@physx@@3T__m128@@B 000000018013f940     GuSweepSphereTriangle.obj
 0003:00003950       ?minV4Error@_VecMathTests@aos@shdfnd@physx@@3T__m128@@B 000000018013f950     GuSweepSphereTriangle.obj
 0003:00003960       ?minV3Error@_VecMathTests@aos@shdfnd@physx@@3T__m128@@B 000000018013f960     GuSweepSphereTriangle.obj
 0003:00003970       ?maxFError@_VecMathTests@aos@shdfnd@physx@@3T__m128@@B 000000018013f970     GuSweepSphereTriangle.obj
 0003:00003980       ?maxV3Error@_VecMathTests@aos@shdfnd@physx@@3T__m128@@B 000000018013f980     GuSweepTriangleUtils.obj
 0003:00003990       ?minFError@_VecMathTests@aos@shdfnd@physx@@3T__m128@@B 000000018013f990     GuSweepTriangleUtils.obj
 0003:000039a0       ?maxV4Error@_VecMathTests@aos@shdfnd@physx@@3T__m128@@B 000000018013f9a0     GuSweepTriangleUtils.obj
 0003:000039b0       ?minV4Error@_VecMathTests@aos@shdfnd@physx@@3T__m128@@B 000000018013f9b0     GuSweepTriangleUtils.obj
 0003:000039c0       ?minV3Error@_VecMathTests@aos@shdfnd@physx@@3T__m128@@B 000000018013f9c0     GuSweepTriangleUtils.obj
 0003:000039d0       ?maxFError@_VecMathTests@aos@shdfnd@physx@@3T__m128@@B 000000018013f9d0     GuSweepTriangleUtils.obj
 0003:00003a30       ?__proc_attached@@3HA      000000018013fa30     MSVCRT:dll_dllmain.obj
 0003:00003a60       ?is_initialized_as_dll@@3_NA 000000018013fa60     MSVCRT:utility.obj
 0003:00003a61       ?module_local_atexit_table_initialized@@3_NA 000000018013fa61     MSVCRT:utility.obj
 0003:00003a68       ?module_local_atexit_table@@3U_onexit_table_t@@A 000000018013fa68     MSVCRT:utility.obj
 0003:00003a80       ?module_local_at_quick_exit_table@@3U_onexit_table_t@@A 000000018013fa80     MSVCRT:utility.obj
 0005:00000000       _2il0floatpacket$19        0000000180146000     MSVCRT:svml_ssinf4_sse2.obj
 0005:00002200       _vmlsSinHATab              0000000180148200     MSVCRT:svml_s_sin_cout.obj
 0006:000000a0       $R000000                   00000001801490a0     PhysXCommon.res
 0006:000003d0       $R000330                   00000001801493d0     PhysXCommon.res
